05-30 03:44:58.459 I/main    (  275): type=1400 audit(0.0:405): avc: denied { getattr } for path="socket:[12672]" dev="sockfs" ino=12672 scontext=u:r:zygote:s0 tcontext=u:r:init:s0 tclass=unix_stream_socket permissive=1
05-30 03:44:58.459 I/main    (  275): type=1400 audit(0.0:406): avc: denied { getattr } for path="/sys/kernel/debug/tracing/trace_marker" dev="tracefs" ino=39 scontext=u:r:zygote:s0 tcontext=u:object_r:debugfs_tracing:s0 tclass=file permissive=1
05-30 03:44:58.459 I/main    (  275): type=1400 audit(0.0:407): avc: denied { write } for path="/dev/socket/zygote" scontext=u:r:zygote:s0 tcontext=u:r:init:s0 tclass=unix_stream_socket permissive=1
05-30 03:44:58.459 I/Choreographer( 1061): Skipped 52 frames!  The application may be doing too much work on its main thread.
05-30 03:44:58.461 I/StatusBarManagerService(  593): registerStatusBar bar=com.android.internal.statusbar.IStatusBar$Stub$Proxy@d3193ba
05-30 03:44:58.467 I/Telecom (  593): PhoneAccountRegistrar: [ComponentInfo{com.android.phone/com.android.services.telephony.TelephonyConnectionService}, [5fef04621e9a9b41849c3df35e75799299008300], UserHandle{0}(icon: Icon(typ=BITMAP size=19x24) -> Icon(typ=BITMAP size=19x24))]: TSI.rPA@ABo
05-30 03:44:58.468 I/Telecom (  593): : Sending phone-account registered intent as user: TSI.rPA@ABo
05-30 03:44:58.512 W/ActivityManager(  593): Slow operation: 51ms so far, now at startProcess: returned from zygote!
05-30 03:44:58.512 W/ActivityManager(  593): Slow operation: 51ms so far, now at startProcess: done updating battery stats
05-30 03:44:58.512 W/ActivityManager(  593): Slow operation: 51ms so far, now at startProcess: building log message
05-30 03:44:58.512 I/ActivityManager(  593): Start proc 1252:com.android.providers.calendar/u0a2 for content provider com.android.providers.calendar/.CalendarProvider2
05-30 03:44:58.512 W/ActivityManager(  593): Slow operation: 51ms so far, now at startProcess: starting to update pids map
05-30 03:44:58.512 W/ActivityManager(  593): Slow operation: 51ms so far, now at startProcess: done updating pids map
05-30 03:44:58.512 W/ActivityManager(  593): Slow operation: 51ms so far, now at startProcess: done starting proc!
05-30 03:44:58.512 W/ActivityManager(  593): Slow operation: 51ms so far, now at getContentProviderImpl: after start process
05-30 03:44:58.512 W/ActivityManager(  593): Slow operation: 51ms so far, now at getContentProviderImpl: updating data structures
05-30 03:44:58.512 W/ActivityManager(  593): Slow operation: 51ms so far, now at getContentProviderImpl: done!
05-30 03:44:58.531 I/Telephony(  735): AccountEntry: Registered phoneAccount: [[ ] PhoneAccount: ComponentInfo{com.android.phone/com.android.services.telephony.TelephonyConnectionService}, [5fef04621e9a9b41849c3df35e75799299008300], UserHandle{0} Capabilities: CallProvider MultiUser PlaceEmerg SimSub  Schemes: tel voicemail  Extras: null] with handle: ComponentInfo{com.android.phone/com.android.services.telephony.TelephonyConnectionService}, [5fef04621e9a9b41849c3df35e75799299008300], UserHandle{0}
05-30 03:44:58.531 I/Telephony(  735): PstnIncomingCallNotifier: Registering: Handler (com.android.internal.telephony.GsmCdmaPhone) {84b6e98}
05-30 03:44:58.535 I/Telephony(  735): PstnIncomingCallNotifier: Unregistering: Handler (com.android.internal.telephony.GsmCdmaPhone) {84b6e98}
05-30 03:44:58.536 I/Telecom (  593): PhoneAccountRegistrar: [ComponentInfo{com.android.phone/com.android.services.telephony.TelephonyConnectionService}, [5fef04621e9a9b41849c3df35e75799299008300], UserHandle{0}(icon: Icon(typ=BITMAP size=19x24) -> Icon(typ=BITMAP size=19x24))]: TSI.rPA@AB0
05-30 03:44:58.537 I/Telecom (  593): : Sending phone-account registered intent as user: TSI.rPA@AB0
05-30 03:44:58.537 I/Telephony(  735): AccountEntry: Registered phoneAccount: [[ ] PhoneAccount: ComponentInfo{com.android.phone/com.android.services.telephony.TelephonyConnectionService}, [5fef04621e9a9b41849c3df35e75799299008300], UserHandle{0} Capabilities: CallProvider MultiUser PlaceEmerg SimSub  Schemes: tel voicemail  Extras: null] with handle: ComponentInfo{com.android.phone/com.android.services.telephony.TelephonyConnectionService}, [5fef04621e9a9b41849c3df35e75799299008300], UserHandle{0}
05-30 03:44:58.537 I/Telephony(  735): PstnIncomingCallNotifier: Registering: Handler (com.android.internal.telephony.GsmCdmaPhone) {84b6e98}
05-30 03:44:58.540 I/Telephony(  735): PstnIncomingCallNotifier: Unregistering: Handler (com.android.internal.telephony.GsmCdmaPhone) {84b6e98}
05-30 03:44:58.541 I/Telecom (  593): PhoneAccountRegistrar: [ComponentInfo{com.android.phone/com.android.services.telephony.TelephonyConnectionService}, [5fef04621e9a9b41849c3df35e75799299008300], UserHandle{0}(icon: Icon(typ=BITMAP size=19x24) -> Icon(typ=BITMAP size=19x24))]: TSI.rPA@ACA
05-30 03:44:58.541 I/Telecom (  593): : Sending phone-account registered intent as user: TSI.rPA@ACA
05-30 03:44:58.541 I/Telephony(  735): AccountEntry: Registered phoneAccount: [[ ] PhoneAccount: ComponentInfo{com.android.phone/com.android.services.telephony.TelephonyConnectionService}, [5fef04621e9a9b41849c3df35e75799299008300], UserHandle{0} Capabilities: CallProvider MultiUser PlaceEmerg SimSub  Schemes: tel voicemail  Extras: null] with handle: ComponentInfo{com.android.phone/com.android.services.telephony.TelephonyConnectionService}, [5fef04621e9a9b41849c3df35e75799299008300], UserHandle{0}
05-30 03:44:58.541 I/Telephony(  735): PstnIncomingCallNotifier: Registering: Handler (com.android.internal.telephony.GsmCdmaPhone) {84b6e98}
05-30 03:44:58.545 I/art     (  750): Background sticky concurrent mark sweep GC freed 48099(1665KB) AllocSpace objects, 8(516KB) LOS objects, 25% free, 4MB/6MB, paused 84us total 160.105ms
05-30 03:44:58.611 I/main    ( 1252): type=1400 audit(0.0:408): avc: denied { write } for name="trace_marker" dev="tracefs" ino=39 scontext=u:r:zygote:s0 tcontext=u:object_r:debugfs_tracing:s0 tclass=file permissive=1
05-30 03:44:58.611 I/main    ( 1252): type=1400 audit(0.0:409): avc: denied { open } for path="/sys/kernel/debug/tracing/trace_marker" dev="tracefs" ino=39 scontext=u:r:zygote:s0 tcontext=u:object_r:debugfs_tracing:s0 tclass=file permissive=1
05-30 03:44:58.615 W/art     ( 1252): Unexpected CPU variant for X86 using defaults: x86_64
05-30 03:44:58.622 I/Telecom (  593): PhoneAccountRegistrar: [ComponentInfo{com.android.phone/com.android.services.telephony.TelephonyConnectionService}, [5fef04621e9a9b41849c3df35e75799299008300], UserHandle{0}(icon: Icon(typ=BITMAP size=19x24) -> Icon(typ=BITMAP size=19x24))]: TSI.rPA@ACQ
05-30 03:44:58.622 I/Telecom (  593): : Sending phone-account registered intent as user: TSI.rPA@ACQ
05-30 03:44:58.687 I/JDWP    ( 1261): type=1400 audit(0.0:410): avc: denied { connectto } for path=006A6477702D636F6E74726F6C scontext=u:r:priv_app:s0:c512,c768 tcontext=u:r:init:s0 tclass=unix_stream_socket permissive=1
05-30 03:44:58.700 W/System  ( 1252): ClassLoader referenced unknown path: /system/priv-app/CalendarProvider/lib/x86_64
05-30 03:44:58.770 I/FFmpegExtractor(  285): android-source:0xf0de4c00
05-30 03:44:58.771 I/FFMPEG  (  285): Input #0, ogg, from 'android-source:0xf0de4c00':
05-30 03:44:58.771 I/FFMPEG  (  285):   Duration: 00:00:00.18, start: 0.000000, bitrate: 431 kb/s
05-30 03:44:58.771 I/FFMPEG  (  285):     Stream #0:0: Audio: vorbis, 44100 Hz, mono, fltp, 239 kb/s
05-30 03:44:58.771 I/FFMPEG  (  285):     Metadata:
05-30 03:44:58.771 I/FFMPEG  (  285):       ARTIST          : Copyright 2013 Android Open Source Project
05-30 03:44:58.771 I/FFmpegExtractor(  285): FFmpegExtrator, url: android-source:0xf0de4c00, format_name: ogg, format_long_name: Ogg
05-30 03:44:58.771 I/FFmpegExtractor(  285): list the formats suppoted by ffmpeg: 
05-30 03:44:58.771 I/FFmpegExtractor(  285): ========================================
05-30 03:44:58.771 I/FFmpegExtractor(  285): ========================================
05-30 03:44:58.771 I/FFmpegExtractor(  285): adjust mime(application/ogg -> audio/vorbis)
05-30 03:44:58.771 I/FFmpegExtractor(  285): sniff through BetterSniffFFMPEG success
05-30 03:44:58.775 I/AndroidLoggerFactory(  750): Logger name 'io.swagger.v3.parser.processors.ExternalRefProcessor' exceeds maximum length of 23 characters, using 'i*.s*.v*.p*.p*.Externa*' instead.
05-30 03:44:58.779 I/Telephony(  735): PstnIncomingCallNotifier: Unregistering: Handler (com.android.internal.telephony.GsmCdmaPhone) {84b6e98}
05-30 03:44:58.780 I/Telecom (  593): PhoneAccountRegistrar: [ComponentInfo{com.android.phone/com.android.services.telephony.TelephonyConnectionService}, [5fef04621e9a9b41849c3df35e75799299008300], UserHandle{0}(icon: Icon(typ=BITMAP size=19x24) -> Icon(typ=BITMAP size=19x24))]: TSI.rPA@ACU
05-30 03:44:58.781 W/art     (  593): Long monitor contention with owner android.display (614) at void com.android.server.wm.WindowAnimator$1.doFrame(long)(WindowAnimator.java:138) waiters=0 in void com.android.server.wm.WindowManagerService.finishDrawingWindow(com.android.server.wm.Session, android.view.IWindow) for 250ms
05-30 03:44:58.812 I/ActivityManager(  593): Start proc 1269:android.process.acore/u0a1 for broadcast com.android.providers.contacts/.PhoneAccountRegistrationReceiver
05-30 03:44:58.813 I/Telecom (  593): : Sending phone-account registered intent as user: TSI.rPA@ACU
05-30 03:44:58.813 I/art     (  593): Background partial concurrent mark sweep GC freed 29348(2MB) AllocSpace objects, 20(888KB) LOS objects, 33% free, 8MB/12MB, paused 304us total 431.768ms
05-30 03:44:58.851 I/Telephony(  735): AccountEntry: Registered phoneAccount: [[ ] PhoneAccount: ComponentInfo{com.android.phone/com.android.services.telephony.TelephonyConnectionService}, [5fef04621e9a9b41849c3df35e75799299008300], UserHandle{0} Capabilities: CallProvider MultiUser PlaceEmerg SimSub  Schemes: tel voicemail  Extras: null] with handle: ComponentInfo{com.android.phone/com.android.services.telephony.TelephonyConnectionService}, [5fef04621e9a9b41849c3df35e75799299008300], UserHandle{0}
05-30 03:44:58.851 I/Telephony(  735): PstnIncomingCallNotifier: Registering: Handler (com.android.internal.telephony.GsmCdmaPhone) {84b6e98}
05-30 03:44:58.855 I/MediaPlayerService(  286): MediaPlayerService::getOMX
05-30 03:44:58.856 I/OMXClient(  593): MuxOMX ctor
05-30 03:44:58.859 I/OMXMaster(  283): makeComponentInstance(OMX.google.vorbis.decoder) in mediacodec process
05-30 03:44:58.860 I/Webrtcd.Service(  750): Webrtc server started on port 6443
05-30 03:44:58.933 W/art     ( 1269): Unexpected CPU variant for X86 using defaults: x86_64
05-30 03:44:58.934 I/CalendarProvider2( 1252): Created com.android.providers.calendar.CalendarAlarmManager@305d97(com.android.providers.calendar.CalendarProvider2@ae60b84)
05-30 03:44:58.936 I/Telephony(  735): PstnIncomingCallNotifier: Unregistering: Handler (com.android.internal.telephony.GsmCdmaPhone) {84b6e98}
05-30 03:44:58.938 I/Telecom (  593): PhoneAccountRegistrar: [ComponentInfo{com.android.phone/com.android.services.telephony.TelephonyConnectionService}, [5fef04621e9a9b41849c3df35e75799299008300], UserHandle{0}(icon: Icon(typ=BITMAP size=19x24) -> Icon(typ=BITMAP size=19x24))]: TSI.rPA@ACg
05-30 03:44:58.939 I/Telecom (  593): : Sending phone-account registered intent as user: TSI.rPA@ACg
05-30 03:44:58.939 I/Telephony(  735): AccountEntry: Registered phoneAccount: [[ ] PhoneAccount: ComponentInfo{com.android.phone/com.android.services.telephony.TelephonyConnectionService}, [5fef04621e9a9b41849c3df35e75799299008300], UserHandle{0} Capabilities: CallProvider MultiUser PlaceEmerg SimSub  Schemes: tel voicemail  Extras: null] with handle: ComponentInfo{com.android.phone/com.android.services.telephony.TelephonyConnectionService}, [5fef04621e9a9b41849c3df35e75799299008300], UserHandle{0}
05-30 03:44:58.939 I/Telephony(  735): PstnIncomingCallNotifier: Registering: Handler (com.android.internal.telephony.GsmCdmaPhone) {84b6e98}
05-30 03:44:58.940 I/NotificationMgr(  735): updateMwi(): subId 1 update to false
05-30 03:44:58.941 I/Telecom (  593): PhoneAccountRegistrar: [ComponentInfo{com.android.phone/com.android.services.telephony.TelephonyConnectionService}, [5fef04621e9a9b41849c3df35e75799299008300], UserHandle{0}(icon: Icon(typ=BITMAP size=19x24) -> Icon(typ=BITMAP size=19x24))]: TSI.rPA@ACw
05-30 03:44:58.941 I/Telecom (  593): : Sending phone-account registered intent as user: TSI.rPA@ACw
05-30 03:44:58.942 I/Telecom (  593): PhoneAccountRegistrar: [ComponentInfo{com.android.phone/com.android.services.telephony.TelephonyConnectionService}, [5fef04621e9a9b41849c3df35e75799299008300], UserHandle{0}(icon: Icon(typ=BITMAP size=19x24) -> Icon(typ=BITMAP size=19x24))]: TSI.rPA@AC4
05-30 03:44:58.942 I/Telecom (  593): : Sending phone-account registered intent as user: TSI.rPA@AC4
05-30 03:44:58.942 I/Telecom (  593): PhoneAccountRegistrar: [ComponentInfo{com.android.phone/com.android.services.telephony.TelephonyConnectionService}, [5fef04621e9a9b41849c3df35e75799299008300], UserHandle{0}(icon: Icon(typ=BITMAP size=19x24) -> Icon(typ=BITMAP size=19x24))]: TSI.rPA@ADA
05-30 03:44:58.943 I/Telecom (  593): : Sending phone-account registered intent as user: TSI.rPA@ADA
05-30 03:44:58.945 I/Telecom (  593): PhoneAccountRegistrar: SimCallManager queried, returning: null: TSI.gSCMFU@ADE
05-30 03:44:58.945 I/Telecom (  593): PhoneAccountRegistrar: [ComponentInfo{com.android.phone/com.android.services.telephony.TelephonyConnectionService}, [5fef04621e9a9b41849c3df35e75799299008300], UserHandle{0}(icon: Icon(typ=BITMAP size=19x24) -> Icon(typ=BITMAP size=19x24))]: TSI.rPA@ADM
05-30 03:44:59.016 I/Telecom (  593): : Sending phone-account registered intent as user: TSI.rPA@ADM
05-30 03:44:59.018 I/Telecom (  593): PhoneAccountRegistrar: [ComponentInfo{com.android.phone/com.android.services.telephony.TelephonyConnectionService}, [5fef04621e9a9b41849c3df35e75799299008300], UserHandle{0}(icon: Icon(typ=BITMAP size=19x24) -> Icon(typ=BITMAP size=19x24))]: TSI.rPA@ADU
05-30 03:44:59.018 I/Telecom (  593): : Sending phone-account registered intent as user: TSI.rPA@ADU
05-30 03:44:59.021 W/System  ( 1269): ClassLoader referenced unknown path: /system/priv-app/ContactsProvider/lib/x86_64
05-30 03:44:59.096 I/OpenGLRenderer( 1061): Initialized EGL, version 1.4
05-30 03:44:59.179 I/init    (    1): type=1400 audit(0.0:411): avc: denied { read } for name="httpd" dev="xvda5" ino=3526 scontext=u:r:init:s0 tcontext=u:object_r:httpd_exec:s0 tclass=lnk_file permissive=1
05-30 03:44:59.179 I/init    (    1): type=1400 audit(0.0:412): avc: denied { getattr } for path="/system/xbin/busybox" dev="xvda5" ino=3451 scontext=u:r:init:s0 tcontext=u:object_r:busybox_exec:s0 tclass=file permissive=1
05-30 03:44:59.251 I/lmkd    (  255): type=1400 audit(0.0:413): avc: denied { read } for path="socket:[12511]" dev="sockfs" ino=12511 scontext=u:r:lmkd:s0 tcontext=u:r:init:s0 tclass=unix_stream_socket permissive=1
05-30 03:44:59.327 I/init    ( 1289): type=1400 audit(0.0:414): avc: denied { execute } for name="busybox" dev="xvda5" ino=3451 scontext=u:r:init:s0 tcontext=u:object_r:busybox_exec:s0 tclass=file permissive=1
05-30 03:44:59.327 I/init    ( 1289): type=1400 audit(0.0:415): avc: denied { read open } for path="/system/xbin/busybox" dev="xvda5" ino=3451 scontext=u:r:init:s0 tcontext=u:object_r:busybox_exec:s0 tclass=file permissive=1
05-30 03:44:59.327 I/init    ( 1289): type=1400 audit(0.0:416): avc: denied { execute_no_trans } for path="/system/xbin/busybox" dev="xvda5" ino=3451 scontext=u:r:init:s0 tcontext=u:object_r:busybox_exec:s0 tclass=file permissive=1
05-30 03:44:59.327 I/httpd   ( 1289): type=1400 audit(0.0:417): avc: denied { create } for scontext=u:r:init:s0 tcontext=u:r:init:s0 tclass=tcp_socket permissive=1
05-30 03:44:59.331 I/httpd   ( 1289): type=1400 audit(0.0:418): avc: denied { setopt } for scontext=u:r:init:s0 tcontext=u:r:init:s0 tclass=tcp_socket permissive=1
05-30 03:44:59.331 I/httpd   ( 1289): type=1400 audit(0.0:419): avc: denied { bind } for scontext=u:r:init:s0 tcontext=u:r:init:s0 tclass=tcp_socket permissive=1
05-30 03:44:59.331 I/httpd   ( 1289): type=1400 audit(0.0:420): avc: denied { name_bind } for src=80 scontext=u:r:init:s0 tcontext=u:object_r:port:s0 tclass=tcp_socket permissive=1
05-30 03:44:59.331 I/httpd   ( 1289): type=1400 audit(0.0:421): avc: denied { node_bind } for src=80 scontext=u:r:init:s0 tcontext=u:object_r:node:s0 tclass=tcp_socket permissive=1
05-30 03:44:59.331 I/httpd   ( 1289): type=1400 audit(0.0:422): avc: denied { net_bind_service } for capability=10 scontext=u:r:init:s0 tcontext=u:r:init:s0 tclass=capability permissive=1
05-30 03:44:59.331 I/httpd   ( 1289): type=1400 audit(0.0:423): avc: denied { listen } for lport=80 scontext=u:r:init:s0 tcontext=u:r:init:s0 tclass=tcp_socket permissive=1
05-30 03:44:59.414 W/System  ( 1269): ClassLoader referenced unknown path: /system/priv-app/BlockedNumberProvider/lib/x86_64
05-30 03:44:59.415 I/art     ( 1061): Starting a blocking GC Explicit
05-30 03:44:59.490 W/System  ( 1269): ClassLoader referenced unknown path: /system/app/UserDictionaryProvider/lib/x86_64
05-30 03:44:59.492 I/art     ( 1061): Explicit concurrent mark sweep GC freed 11492(736KB) AllocSpace objects, 0(0B) LOS objects, 39% free, 2MB/4MB, paused 146us total 75.973ms
05-30 03:44:59.495 I/art     ( 1061): Starting a blocking GC Explicit
05-30 03:44:59.503 I/art     ( 1061): Explicit concurrent mark sweep GC freed 3552(207KB) AllocSpace objects, 0(0B) LOS objects, 39% free, 2MB/4MB, paused 79us total 7.933ms
05-30 03:44:59.508 I/ActivityManager(  593): Start proc 1297:com.android.quicksearchbox/u0a57 for broadcast com.android.quicksearchbox/.SearchWidgetProvider
05-30 03:44:59.571 I/.quicksearchbo( 1297): type=1400 audit(0.0:425): avc: denied { sendto } for path="/dev/socket/logdw" scontext=u:r:untrusted_app:s0:c512,c768 tcontext=u:r:init:s0 tclass=unix_dgram_socket permissive=1
05-30 03:44:59.574 W/art     ( 1297): Unexpected CPU variant for X86 using defaults: x86_64
05-30 03:44:59.575 I/WindowManager(  593): Destroying surface Surface(name=com.android.launcher3/com.android.launcher3.Launcher) called by com.android.server.wm.WindowStateAnimator.destroySurface:2016 com.android.server.wm.WindowStateAnimator.destroySurfaceLocked:882 com.android.server.wm.WindowState.removeLocked:1456 com.android.server.wm.WindowManagerService.removeWindowInnerLocked:2485 com.android.server.wm.WindowManagerService.removeWindowLocked:2443 com.android.server.wm.WindowManagerService.removeWindowLocked:2312 com.android.server.wm.WindowManagerService.removeWindow:2307 com.android.server.wm.Session.remove:202 
05-30 03:44:59.578 W/System  (  672): ClassLoader referenced unknown path: 
05-30 03:44:59.651 I/rild    (  291): type=1400 audit(0.0:426): avc: denied { read } for path="socket:[12995]" dev="sockfs" ino=12995 scontext=u:r:rild:s0 tcontext=u:r:init:s0 tclass=unix_stream_socket permissive=1
05-30 03:44:59.651 I/rild    (  291): type=1400 audit(0.0:427): avc: denied { write } for path="socket:[12995]" dev="sockfs" ino=12995 scontext=u:r:rild:s0 tcontext=u:r:init:s0 tclass=unix_stream_socket permissive=1
05-30 03:44:59.823 I/JDWP    ( 1310): type=1400 audit(0.0:428): avc: denied { connectto } for path=006A6477702D636F6E74726F6C scontext=u:r:untrusted_app:s0:c512,c768 tcontext=u:r:init:s0 tclass=unix_stream_socket permissive=1
05-30 03:44:59.887 I/wpa_supplicant(  804): type=1400 audit(0.0:429): avc: denied { read } for path="/dev/socket/wpa_wlan0" scontext=u:r:wpa:s0 tcontext=u:r:init:s0 tclass=unix_dgram_socket permissive=1
05-30 03:44:59.887 I/wpa_supplicant(  804): type=1400 audit(0.0:430): avc: denied { getopt } for path="/dev/socket/wpa_wlan0" scontext=u:r:wpa:s0 tcontext=u:r:init:s0 tclass=unix_dgram_socket permissive=1
05-30 03:44:59.887 I/wpa_supplicant(  804): type=1400 audit(0.0:431): avc: denied { ioctl } for path="socket:[12947]" dev="sockfs" ino=12947 ioctlcmd=5411 scontext=u:r:wpa:s0 tcontext=u:r:init:s0 tclass=unix_dgram_socket permissive=1
05-30 03:44:59.887 I/wpa_supplicant(  804): type=1400 audit(0.0:432): avc: denied { write } for path="/dev/socket/wpa_wlan0" scontext=u:r:wpa:s0 tcontext=u:r:init:s0 tclass=unix_dgram_socket permissive=1
05-30 03:44:59.887 I/wpa_supplicant(  804): type=1400 audit(0.0:433): avc: denied { sendto } for path="/data/misc/wifi/sockets/wpa_ctrl_593-1" scontext=u:r:init:s0 tcontext=u:r:system_server:s0 tclass=unix_dgram_socket permissive=1
05-30 03:44:59.891 I/healthd (  289): type=1400 audit(0.0:434): avc: denied { call } for scontext=u:r:init:s0 tcontext=u:r:system_server:s0 tclass=binder permissive=1
05-30 03:44:59.907 I/Choreographer( 1061): Skipped 86 frames!  The application may be doing too much work on its main thread.
05-30 03:44:59.971 W/System  ( 1297): ClassLoader referenced unknown path: /system/app/QuickSearchBox/lib/x86_64
05-30 03:44:59.975 I/ContactLocale( 1269): AddressBook Labels [[en_US]]: [, A, B, C, D, E, F, G, H, I, J, K, L, M, N, O, P, Q, R, S, T, U, V, W, X, Y, Z, , , , , , , , , , , , , , , , , , , , , , , , , , , , , , , , , , , , , , , , , , , , , , , , , , , , , , , , , , , , , , , , , , , , , , , , , , , , , , , , , , , , , , , , , , , , , , , , , , , , , , , , , , , , , , , , , , , , , , , , , , , , , , , , , , , , , , , , , , , , , , , , , , , , , , , , , , , , , , , , , , , , , , , , , , , , , , , , , , , , , , , , , , , #, ]
05-30 03:45:00.058 E/BluetoothAdapter(  672): Bluetooth binder is null
05-30 03:45:00.063 I/cameraserver(  278): type=1400 audit(0.0:435): avc: denied { sendto } for path="/dev/socket/logdw" scontext=u:r:cameraserver:s0 tcontext=u:r:init:s0 tclass=unix_dgram_socket permissive=1
05-30 03:45:00.063 I/CameraManagerGlobal(  672): Connecting to camera service
05-30 03:45:00.067 I/CameraService(  278): getCameraCharacteristics: Switching to HAL1 shim implementation...
05-30 03:45:00.067 I/CameraService(  278): CameraService::connect call (PID -1 "cameraserver", camera ID 0) for HAL version default and Camera API version 1
05-30 03:45:00.070 E/CameraService(  278): getCameraPriorityFromProcState: Received invalid process state -1 from ActivityManagerService!
05-30 03:45:00.131 I/Binder:286_3(  972): type=1400 audit(0.0:436): avc: denied { execmod } for path="/system/lib/libavcodec.so" dev="xvda5" ino=2166 scontext=u:r:mediaserver:s0 tcontext=u:object_r:system_file:s0 tclass=file permissive=1
05-30 03:45:00.133 E/linker  (  286): library /system/lib/libavcodec.so with text relocation is whitelisted
05-30 03:45:00.133 W/linker  (  286): /system/lib/libavcodec.so has text relocations. This is wasting memory and prevents security hardening. Please fix.
05-30 03:45:00.133 E/linker  (  286): library /system/lib/libavcodec.so with text relocation is whitelisted
05-30 03:45:00.134 E/linker  (  286): library /system/lib/libswresample.so with text relocation is whitelisted
05-30 03:45:00.134 W/linker  (  286): /system/lib/libswresample.so has text relocations. This is wasting memory and prevents security hardening. Please fix.
05-30 03:45:00.134 E/linker  (  286): library /system/lib/libswresample.so with text relocation is whitelisted
05-30 03:45:00.138 E/WVMExtractor(  286): Failed to open libwvm.so: dlopen failed: library "libwvm.so" not found
05-30 03:45:00.142 I/FFmpegExtractor(  285): android-source:0xf0de2400
05-30 03:45:00.143 I/FFMPEG  (  285): Input #0, ogg, from 'android-source:0xf0de2400':
05-30 03:45:00.143 I/FFMPEG  (  285):   Duration: 00:00:00.42, start: 0.000000, bitrate: 113 kb/s
05-30 03:45:00.143 I/FFMPEG  (  285):     Stream #0:0: Audio: vorbis, 48000 Hz, mono, fltp, 48 kb/s
05-30 03:45:00.143 I/FFMPEG  (  285):     Metadata:
05-30 03:45:00.143 I/FFMPEG  (  285):       TITLE           : Camera Shutter
05-30 03:45:00.143 I/FFMPEG  (  285):       ARTIST          : (c) 2012 Android Open Source Project
05-30 03:45:00.143 I/FFmpegExtractor(  285): FFmpegExtrator, url: android-source:0xf0de2400, format_name: ogg, format_long_name: Ogg
05-30 03:45:00.143 I/FFmpegExtractor(  285): list the formats suppoted by ffmpeg: 
05-30 03:45:00.143 I/FFmpegExtractor(  285): ========================================
05-30 03:45:00.143 I/FFmpegExtractor(  285): ========================================
05-30 03:45:00.143 I/FFmpegExtractor(  285): adjust mime(application/ogg -> audio/vorbis)
05-30 03:45:00.143 I/FFmpegExtractor(  285): sniff through BetterSniffFFMPEG success
05-30 03:45:00.146 I/FFmpegExtractor(  285): android-source:0xee0d1000
05-30 03:45:00.211 I/FFMPEG  (  285): Input #0, ogg, from 'android-source:0xee0d1000':
05-30 03:45:00.211 I/FFMPEG  (  285):   Duration: 00:00:00.54, start: 0.000000, bitrate: 95 kb/s
05-30 03:45:00.211 I/FFMPEG  (  285):     Stream #0:0: Audio: vorbis, 48000 Hz, mono, fltp, 48 kb/s
05-30 03:45:00.211 I/FFMPEG  (  285):     Metadata:
05-30 03:45:00.211 I/FFMPEG  (  285):       TITLE           : Video Record
05-30 03:45:00.211 I/FFMPEG  (  285):       ARTIST          : (c) 2012 Android Open Source Project
05-30 03:45:00.211 I/FFmpegExtractor(  285): FFmpegExtrator, url: android-source:0xee0d1000, format_name: ogg, format_long_name: Ogg
05-30 03:45:00.211 I/FFmpegExtractor(  285): list the formats suppoted by ffmpeg: 
05-30 03:45:00.211 I/FFmpegExtractor(  285): ========================================
05-30 03:45:00.211 I/FFmpegExtractor(  285): ========================================
05-30 03:45:00.211 I/FFmpegExtractor(  285): adjust mime(application/ogg -> audio/vorbis)
05-30 03:45:00.211 I/FFmpegExtractor(  285): sniff through BetterSniffFFMPEG success
05-30 03:45:00.217 I/FFmpegExtractor(  285): android-source:0xf0ddd400
05-30 03:45:00.218 I/FFMPEG  (  285): Input #0, ogg, from 'android-source:0xf0ddd400':
05-30 03:45:00.218 I/FFMPEG  (  285):   Duration: 00:00:00.51, start: 0.000000, bitrate: 101 kb/s
05-30 03:45:00.218 I/FFMPEG  (  285):     Stream #0:0: Audio: vorbis, 48000 Hz, mono, fltp, 48 kb/s
05-30 03:45:00.218 I/FFMPEG  (  285):     Metadata:
05-30 03:45:00.218 I/FFMPEG  (  285):       TITLE           : Video Stop
05-30 03:45:00.218 I/FFMPEG  (  285):       ARTIST          : (c) 2012 Android Open Source Project
05-30 03:45:00.218 I/FFmpegExtractor(  285): FFmpegExtrator, url: android-source:0xf0ddd400, format_name: ogg, format_long_name: Ogg
05-30 03:45:00.218 I/FFmpegExtractor(  285): list the formats suppoted by ffmpeg: 
05-30 03:45:00.218 I/FFmpegExtractor(  285): ========================================
05-30 03:45:00.218 I/FFmpegExtractor(  285): ========================================
05-30 03:45:00.218 I/FFmpegExtractor(  285): adjust mime(application/ogg -> audio/vorbis)
05-30 03:45:00.218 I/FFmpegExtractor(  285): sniff through BetterSniffFFMPEG success
05-30 03:45:00.219 I/CameraFlashlight(  278): Opening camera 0
05-30 03:45:00.219 I/CameraFlashlight(  278): Destroying camera 0
05-30 03:45:00.220 I/CameraService(  278): disconnect: Disconnected client for camera 0 for PID 278
05-30 03:45:00.220 I/CameraService(  278): getCameraCharacteristics: Switching to HAL1 shim implementation...
05-30 03:45:00.220 I/CameraService(  278): CameraService::connect call (PID -1 "cameraserver", camera ID 1) for HAL version default and Camera API version 1
05-30 03:45:00.220 E/CameraService(  278): getCameraPriorityFromProcState: Received invalid process state -1 from ActivityManagerService!
05-30 03:45:00.221 I/FFmpegExtractor(  285): android-source:0xedd91400
05-30 03:45:00.222 I/FFMPEG  (  285): Input #0, ogg, from 'android-source:0xedd91400':
05-30 03:45:00.222 I/FFMPEG  (  285):   Duration: 00:00:00.42, start: 0.000000, bitrate: 113 kb/s
05-30 03:45:00.222 I/FFMPEG  (  285):     Stream #0:0: Audio: vorbis, 48000 Hz, mono, fltp, 48 kb/s
05-30 03:45:00.222 I/FFMPEG  (  285):     Metadata:
05-30 03:45:00.222 I/FFMPEG  (  285):       TITLE           : Camera Shutter
05-30 03:45:00.222 I/FFMPEG  (  285):       ARTIST          : (c) 2012 Android Open Source Project
05-30 03:45:00.222 I/FFmpegExtractor(  285): FFmpegExtrator, url: android-source:0xedd91400, format_name: ogg, format_long_name: Ogg
05-30 03:45:00.222 I/FFmpegExtractor(  285): list the formats suppoted by ffmpeg: 
05-30 03:45:00.222 I/FFmpegExtractor(  285): ========================================
05-30 03:45:00.222 I/FFmpegExtractor(  285): ========================================
05-30 03:45:00.222 I/FFmpegExtractor(  285): adjust mime(application/ogg -> audio/vorbis)
05-30 03:45:00.222 I/FFmpegExtractor(  285): sniff through BetterSniffFFMPEG success
05-30 03:45:00.223 I/FFmpegExtractor(  285): android-source:0xee0d1000
05-30 03:45:00.224 I/FFMPEG  (  285): Input #0, ogg, from 'android-source:0xee0d1000':
05-30 03:45:00.224 I/FFMPEG  (  285):   Duration: 00:00:00.54, start: 0.000000, bitrate: 95 kb/s
05-30 03:45:00.224 I/FFMPEG  (  285):     Stream #0:0: Audio: vorbis, 48000 Hz, mono, fltp, 48 kb/s
05-30 03:45:00.224 I/FFMPEG  (  285):     Metadata:
05-30 03:45:00.224 I/FFMPEG  (  285):       TITLE           : Video Record
05-30 03:45:00.224 I/FFMPEG  (  285):       ARTIST          : (c) 2012 Android Open Source Project
05-30 03:45:00.224 I/FFmpegExtractor(  285): FFmpegExtrator, url: android-source:0xee0d1000, format_name: ogg, format_long_name: Ogg
05-30 03:45:00.224 I/FFmpegExtractor(  285): list the formats suppoted by ffmpeg: 
05-30 03:45:00.224 I/FFmpegExtractor(  285): ========================================
05-30 03:45:00.224 I/FFmpegExtractor(  285): ========================================
05-30 03:45:00.224 I/FFmpegExtractor(  285): adjust mime(application/ogg -> audio/vorbis)
05-30 03:45:00.224 I/FFmpegExtractor(  285): sniff through BetterSniffFFMPEG success
05-30 03:45:00.225 I/FFmpegExtractor(  285): android-source:0xf0ddd400
05-30 03:45:00.226 I/FFMPEG  (  285): Input #0, ogg, from 'android-source:0xf0ddd400':
05-30 03:45:00.226 I/FFMPEG  (  285):   Duration: 00:00:00.51, start: 0.000000, bitrate: 101 kb/s
05-30 03:45:00.226 I/FFMPEG  (  285):     Stream #0:0: Audio: vorbis, 48000 Hz, mono, fltp, 48 kb/s
05-30 03:45:00.226 I/FFMPEG  (  285):     Metadata:
05-30 03:45:00.226 I/FFMPEG  (  285):       TITLE           : Video Stop
05-30 03:45:00.226 I/FFMPEG  (  285):       ARTIST          : (c) 2012 Android Open Source Project
05-30 03:45:00.226 I/FFmpegExtractor(  285): FFmpegExtrator, url: android-source:0xf0ddd400, format_name: ogg, format_long_name: Ogg
05-30 03:45:00.226 I/FFmpegExtractor(  285): list the formats suppoted by ffmpeg: 
05-30 03:45:00.226 I/FFmpegExtractor(  285): ========================================
05-30 03:45:00.226 I/FFmpegExtractor(  285): ========================================
05-30 03:45:00.226 I/FFmpegExtractor(  285): adjust mime(application/ogg -> audio/vorbis)
05-30 03:45:00.226 I/FFmpegExtractor(  285): sniff through BetterSniffFFMPEG success
05-30 03:45:00.227 I/CameraFlashlight(  278): Opening camera 1
05-30 03:45:00.227 I/CameraFlashlight(  278): Destroying camera 1
05-30 03:45:00.227 I/CameraService(  278): disconnect: Disconnected client for camera 1 for PID 278
05-30 03:45:00.230 I/StatusBar(  672): isKeyguardShowing() called before startKeyguard(), returning true
05-30 03:45:00.230 W/StatusBar(  672): isKeyguardSecure() called before startKeyguard(), returning false
05-30 03:45:00.230 W/StatusBar(  672): java.lang.Throwable
05-30 03:45:00.230 W/StatusBar(  672): 	at com.android.systemui.statusbar.BaseStatusBar.isKeyguardSecure(BaseStatusBar.java:2609)
05-30 03:45:00.230 W/StatusBar(  672): 	at com.android.systemui.statusbar.BaseStatusBar.isCameraAllowedByAdmin(BaseStatusBar.java:2632)
05-30 03:45:00.230 W/StatusBar(  672): 	at com.android.systemui.statusbar.phone.KeyguardBottomAreaView.updateCameraVisibility(KeyguardBottomAreaView.java:302)
05-30 03:45:00.230 W/StatusBar(  672): 	at com.android.systemui.statusbar.phone.KeyguardBottomAreaView.setPhoneStatusBar(KeyguardBottomAreaView.java:269)
05-30 03:45:00.230 W/StatusBar(  672): 	at com.android.systemui.statusbar.phone.PhoneStatusBar.makeStatusBarView(PhoneStatusBar.java:874)
05-30 03:45:00.230 W/StatusBar(  672): 	at com.android.systemui.statusbar.phone.PhoneStatusBar.addStatusBarWindow(PhoneStatusBar.java:3248)
05-30 03:45:00.230 W/StatusBar(  672): 	at com.android.systemui.statusbar.phone.PhoneStatusBar.createAndAddWindows(PhoneStatusBar.java:3244)
05-30 03:45:00.230 W/StatusBar(  672): 	at com.android.systemui.statusbar.BaseStatusBar.start(BaseStatusBar.java:752)
05-30 03:45:00.230 W/StatusBar(  672): 	at com.android.systemui.statusbar.phone.PhoneStatusBar.start(PhoneStatusBar.java:657)
05-30 03:45:00.230 W/StatusBar(  672): 	at com.android.systemui.statusbar.SystemBars.createStatusBarFromConfig(SystemBars.java:106)
05-30 03:45:00.230 W/StatusBar(  672): 	at com.android.systemui.statusbar.SystemBars.onNoService(SystemBars.java:58)
05-30 03:45:00.230 W/StatusBar(  672): 	at com.android.systemui.statusbar.ServiceMonitor.startService(ServiceMonitor.java:230)
05-30 03:45:00.230 W/StatusBar(  672): 	at com.android.systemui.statusbar.ServiceMonitor.-wrap5(ServiceMonitor.java)
05-30 03:45:00.230 W/StatusBar(  672): 	at com.android.systemui.statusbar.ServiceMonitor$1.handleMessage(ServiceMonitor.java:73)
05-30 03:45:00.230 W/StatusBar(  672): 	at android.os.Handler.dispatchMessage(Handler.java:102)
05-30 03:45:00.230 W/StatusBar(  672): 	at android.os.Looper.loop(Looper.java:154)
05-30 03:45:00.230 W/StatusBar(  672): 	at android.app.ActivityThread.main(ActivityThread.java:6077)
05-30 03:45:00.230 W/StatusBar(  672): 	at java.lang.reflect.Method.invoke(Native Method)
05-30 03:45:00.230 W/StatusBar(  672): 	at com.android.internal.os.ZygoteInit$MethodAndArgsCaller.run(ZygoteInit.java:865)
05-30 03:45:00.230 W/StatusBar(  672): 	at com.android.internal.os.ZygoteInit.main(ZygoteInit.java:755)
05-30 03:45:00.230 I/StatusBar(  672): isKeyguardShowing() called before startKeyguard(), returning true
05-30 03:45:00.230 W/StatusBar(  672): isKeyguardSecure() called before startKeyguard(), returning false
05-30 03:45:00.230 W/StatusBar(  672): java.lang.Throwable
05-30 03:45:00.230 W/StatusBar(  672): 	at com.android.systemui.statusbar.BaseStatusBar.isKeyguardSecure(BaseStatusBar.java:2609)
05-30 03:45:00.230 W/StatusBar(  672): 	at com.android.systemui.statusbar.BaseStatusBar.isCameraAllowedByAdmin(BaseStatusBar.java:2632)
05-30 03:45:00.230 W/StatusBar(  672): 	at com.android.systemui.statusbar.phone.KeyguardBottomAreaView.updateCameraVisibility(KeyguardBottomAreaView.java:302)
05-30 03:45:00.230 W/StatusBar(  672): 	at com.android.systemui.statusbar.phone.KeyguardBottomAreaView.setUserSetupComplete(KeyguardBottomAreaView.java:274)
05-30 03:45:00.230 W/StatusBar(  672): 	at com.android.systemui.statusbar.phone.PhoneStatusBar.makeStatusBarView(PhoneStatusBar.java:875)
05-30 03:45:00.230 W/StatusBar(  672): 	at com.android.systemui.statusbar.phone.PhoneStatusBar.addStatusBarWindow(PhoneStatusBar.java:3248)
05-30 03:45:00.230 W/StatusBar(  672): 	at com.android.systemui.statusbar.phone.PhoneStatusBar.createAndAddWindows(PhoneStatusBar.java:3244)
05-30 03:45:00.230 W/StatusBar(  672): 	at com.android.systemui.statusbar.BaseStatusBar.start(BaseStatusBar.java:752)
05-30 03:45:00.230 W/StatusBar(  672): 	at com.android.systemui.statusbar.phone.PhoneStatusBar.start(PhoneStatusBar.java:657)
05-30 03:45:00.230 W/StatusBar(  672): 	at com.android.systemui.statusbar.SystemBars.createStatusBarFromConfig(SystemBars.java:106)
05-30 03:45:00.230 W/StatusBar(  672): 	at com.android.systemui.statusbar.SystemBars.onNoService(SystemBars.java:58)
05-30 03:45:00.230 W/StatusBar(  672): 	at com.android.systemui.statusbar.ServiceMonitor.startService(ServiceMonitor.java:230)
05-30 03:45:00.230 W/StatusBar(  672): 	at com.android.systemui.statusbar.ServiceMonitor.-wrap5(ServiceMonitor.java)
05-30 03:45:00.230 W/StatusBar(  672): 	at com.android.systemui.statusbar.ServiceMonitor$1.handleMessage(ServiceMonitor.java:73)
05-30 03:45:00.230 W/StatusBar(  672): 	at android.os.Handler.dispatchMessage(Handler.java:102)
05-30 03:45:00.230 W/StatusBar(  672): 	at android.os.Looper.loop(Looper.java:154)
05-30 03:45:00.230 W/StatusBar(  672): 	at android.app.ActivityThread.main(ActivityThread.java:6077)
05-30 03:45:00.230 W/StatusBar(  672): 	at java.lang.reflect.Method.invoke(Native Method)
05-30 03:45:00.230 W/StatusBar(  672): 	at com.android.internal.os.ZygoteInit$MethodAndArgsCaller.run(ZygoteInit.java:865)
05-30 03:45:00.230 W/StatusBar(  672): 	at com.android.internal.os.ZygoteInit.main(ZygoteInit.java:755)
05-30 03:45:00.290 I/CalendarProvider2( 1252): Sending notification intent: Intent { act=android.intent.action.PROVIDER_CHANGED dat=content://com.android.calendar flg=0x20000000 }
05-30 03:45:00.290 W/ContentResolver( 1252): Failed to get type for: content://com.android.calendar (Unknown URL content://com.android.calendar)
05-30 03:45:00.296 I/StatusBar(  672): isKeyguardShowing() called before startKeyguard(), returning true
05-30 03:45:00.297 W/StatusBar(  672): isKeyguardSecure() called before startKeyguard(), returning false
05-30 03:45:00.297 W/StatusBar(  672): java.lang.Throwable
05-30 03:45:00.297 W/StatusBar(  672): 	at com.android.systemui.statusbar.BaseStatusBar.isKeyguardSecure(BaseStatusBar.java:2609)
05-30 03:45:00.297 W/StatusBar(  672): 	at com.android.systemui.statusbar.BaseStatusBar.isCameraAllowedByAdmin(BaseStatusBar.java:2632)
05-30 03:45:00.297 W/StatusBar(  672): 	at com.android.systemui.statusbar.phone.KeyguardBottomAreaView.updateCameraVisibility(KeyguardBottomAreaView.java:302)
05-30 03:45:00.297 W/StatusBar(  672): 	at com.android.systemui.statusbar.phone.KeyguardBottomAreaView.setUserSetupComplete(KeyguardBottomAreaView.java:274)
05-30 03:45:00.297 W/StatusBar(  672): 	at com.android.systemui.statusbar.phone.PhoneStatusBar$1.onChange(PhoneStatusBar.java:421)
05-30 03:45:00.297 W/StatusBar(  672): 	at com.android.systemui.statusbar.phone.PhoneStatusBar.resetUserSetupObserver(PhoneStatusBar.java:3474)
05-30 03:45:00.297 W/StatusBar(  672): 	at com.android.systemui.statusbar.phone.PhoneStatusBar.makeStatusBarView(PhoneStatusBar.java:948)
05-30 03:45:00.297 W/StatusBar(  672): 	at com.android.systemui.statusbar.phone.PhoneStatusBar.addStatusBarWindow(PhoneStatusBar.java:3248)
05-30 03:45:00.297 W/StatusBar(  672): 	at com.android.systemui.statusbar.phone.PhoneStatusBar.createAndAddWindows(PhoneStatusBar.java:3244)
05-30 03:45:00.297 W/StatusBar(  672): 	at com.android.systemui.statusbar.BaseStatusBar.start(BaseStatusBar.java:752)
05-30 03:45:00.297 W/StatusBar(  672): 	at com.android.systemui.statusbar.phone.PhoneStatusBar.start(PhoneStatusBar.java:657)
05-30 03:45:00.297 W/StatusBar(  672): 	at com.android.systemui.statusbar.SystemBars.createStatusBarFromConfig(SystemBars.java:106)
05-30 03:45:00.297 W/StatusBar(  672): 	at com.android.systemui.statusbar.SystemBars.onNoService(SystemBars.java:58)
05-30 03:45:00.297 W/StatusBar(  672): 	at com.android.systemui.statusbar.ServiceMonitor.startService(ServiceMonitor.java:230)
05-30 03:45:00.297 W/StatusBar(  672): 	at com.android.systemui.statusbar.ServiceMonitor.-wrap5(ServiceMonitor.java)
05-30 03:45:00.297 W/StatusBar(  672): 	at com.android.systemui.statusbar.ServiceMonitor$1.handleMessage(ServiceMonitor.java:73)
05-30 03:45:00.297 W/StatusBar(  672): 	at android.os.Handler.dispatchMessage(Handler.java:102)
05-30 03:45:00.297 W/StatusBar(  672): 	at android.os.Looper.loop(Looper.java:154)
05-30 03:45:00.297 W/StatusBar(  672): 	at android.app.ActivityThread.main(ActivityThread.java:6077)
05-30 03:45:00.297 W/StatusBar(  672): 	at java.lang.reflect.Method.invoke(Native Method)
05-30 03:45:00.297 W/StatusBar(  672): 	at com.android.internal.os.ZygoteInit$MethodAndArgsCaller.run(ZygoteInit.java:865)
05-30 03:45:00.297 W/StatusBar(  672): 	at com.android.internal.os.ZygoteInit.main(ZygoteInit.java:755)
05-30 03:45:00.301 W/art     (  593): Long monitor contention with owner Binder:593_A (1080) at int com.android.server.wm.WindowManagerService.relayoutWindow(com.android.server.wm.Session, android.view.IWindow, int, android.view.WindowManager$LayoutParams, int, int, int, int, android.graphics.Rect, android.graphics.Rect, android.graphics.Rect, android.graphics.Rect, android.graphics.Rect, android.graphics.Rect, android.graphics.Rect, android.content.res.Configuration, android.view.Surface)(WindowManagerService.java:2767) waiters=0 in void com.android.server.wm.WindowAnimator$1.doFrame(long) for 327ms
05-30 03:45:00.303 I/Launcher.Model( 1061): not binding apps: no Launcher activity
05-30 03:45:00.380 W/WindowManager(  593): App freeze timeout expired.
05-30 03:45:00.380 W/WindowManager(  593): Force clearing freeze: AppWindowToken{9590359 token=Token{d243ca3 ActivityRecord{b3833d2 u0 com.android.launcher3/.Launcher t1}}}
05-30 03:45:00.380 W/WindowManager(  593): Window freeze timeout expired.
05-30 03:45:00.380 W/WindowManager(  593): Force clearing orientation change: Window{8fb0c23 u0 com.android.systemui.ImageWallpaper}
05-30 03:45:00.380 W/WindowManager(  593): Force clearing orientation change: Window{dd6e80e u0 com.android.launcher3/com.android.launcher3.Launcher}
05-30 03:45:00.692 W/KeyguardUpdateMonitor(  672): invalid subId in handleSimStateChange()
05-30 03:45:00.692 W/KeyguardUpdateMonitor(  672): invalid subId in handleServiceStateChange()
05-30 03:45:00.697 W/KeyguardUpdateMonitor(  672): invalid subId in handleServiceStateChange()
05-30 03:45:00.697 W/KeyguardUpdateMonitor(  672): invalid subId in handleSimStateChange()
05-30 03:45:00.697 W/FingerprintManager(  672): isFingerprintHardwareDetected(): Service not connected!
05-30 03:45:00.771 W/KeyguardUpdateMonitor(  672): invalid subId in handleSimStateChange()
05-30 03:45:01.010 W/art     (  593): Long monitor contention with owner Binder:593_7 (897) at int com.android.server.wm.WindowManagerService.relayoutWindow(com.android.server.wm.Session, android.view.IWindow, int, android.view.WindowManager$LayoutParams, int, int, int, int, android.graphics.Rect, android.graphics.Rect, android.graphics.Rect, android.graphics.Rect, android.graphics.Rect, android.graphics.Rect, android.graphics.Rect, android.content.res.Configuration, android.view.Surface)(WindowManagerService.java:2767) waiters=0 in void com.android.server.wm.WindowManagerService$H.handleMessage(android.os.Message) for 233ms
05-30 03:45:01.011 I/WindowManager(  593): Destroying surface Surface(name=KeyguardScrim) called by com.android.server.wm.WindowStateAnimator.destroySurface:2016 com.android.server.wm.WindowStateAnimator.destroySurfaceLocked:882 com.android.server.wm.WindowState.destroyOrSaveSurface:2100 com.android.server.wm.WindowSurfacePlacer.performSurfacePlacementInner:429 com.android.server.wm.WindowSurfacePlacer.performSurfacePlacementLoop:232 com.android.server.wm.WindowSurfacePlacer.performSurfacePlacement:180 com.android.server.wm.WindowManagerService$H.handleMessage:8092 android.os.Handler.dispatchMessage:102 
05-30 03:45:01.106 I/Choreographer(  672): Skipped 68 frames!  The application may be doing too much work on its main thread.
05-30 03:45:01.416 I/OpenGLRenderer(  672): Initialized EGL, version 1.4
05-30 03:45:01.580 I/ActivityManager(  593): Displayed com.android.launcher3/.Launcher: +6s10ms
05-30 03:45:01.583 I/Choreographer( 1061): Skipped 75 frames!  The application may be doing too much work on its main thread.
05-30 03:45:01.663 W/IInputConnectionWrapper(  593): reportFullscreenMode on inexistent InputConnection
05-30 03:45:01.735 I/Choreographer(  672): Skipped 34 frames!  The application may be doing too much work on its main thread.
05-30 03:45:01.807 I/crond   (  265): type=1400 audit(0.0:437): avc: denied { read } for name="crontab" dev="xvda7" ino=119043 scontext=u:r:vbox86-setup:s0 tcontext=u:object_r:system_data_file:s0 tclass=dir permissive=1
05-30 03:45:01.807 I/crond   (  265): type=1400 audit(0.0:438): avc: denied { open } for path="/data/crontab" dev="xvda7" ino=119043 scontext=u:r:vbox86-setup:s0 tcontext=u:object_r:system_data_file:s0 tclass=dir permissive=1
05-30 03:45:01.807 I/crond   (  265): type=1400 audit(0.0:439): avc: denied { read } for name="root" dev="xvda7" ino=119044 scontext=u:r:vbox86-setup:s0 tcontext=u:object_r:system_data_file:s0 tclass=file permissive=1
05-30 03:45:01.807 I/crond   (  265): type=1400 audit(0.0:440): avc: denied { open } for path="/data/crontab/root" dev="xvda7" ino=119044 scontext=u:r:vbox86-setup:s0 tcontext=u:object_r:system_data_file:s0 tclass=file permissive=1
05-30 03:45:01.807 I/crond   (  265): type=1400 audit(0.0:441): avc: denied { getattr } for path="/data/crontab/root" dev="xvda7" ino=119044 scontext=u:r:vbox86-setup:s0 tcontext=u:object_r:system_data_file:s0 tclass=file permissive=1
05-30 03:45:01.895 I/healthd (  289): type=1400 audit(0.0:442): avc: denied { read } for name="capacity" dev="fuse" ino=8 scontext=u:r:init:s0 tcontext=u:object_r:fuse:s0 tclass=file permissive=1
05-30 03:45:01.895 I/healthd (  289): type=1400 audit(0.0:443): avc: denied { open } for path="/dev/pipe/battery/BAT0/capacity" dev="fuse" ino=8 scontext=u:r:init:s0 tcontext=u:object_r:fuse:s0 tclass=file permissive=1
05-30 03:45:03.100 I/WindowManager(  593): Screen frozen for +4s884ms due to Window{e07671 u0 NavigationBar}
05-30 03:45:03.106 I/Choreographer(  672): Skipped 78 frames!  The application may be doing too much work on its main thread.
05-30 03:45:03.170 I/RecoverySystem(  593): No recovery log file
05-30 03:45:03.179 I/BootReceiver(  593): Copying audit failures to DropBox
05-30 03:45:03.179 I/BootReceiver(  593): Checking for fsck errors
05-30 03:45:03.663 I/main    (  275): type=1400 audit(0.0:444): avc: denied { getattr } for path="/sys/kernel/debug/tracing/trace_marker" dev="tracefs" ino=39 scontext=u:r:zygote:s0 tcontext=u:object_r:debugfs_tracing:s0 tclass=file permissive=1
05-30 03:45:03.663 I/main    ( 1352): type=1400 audit(0.0:445): avc: denied { write } for name="trace_marker" dev="tracefs" ino=39 scontext=u:r:zygote:s0 tcontext=u:object_r:debugfs_tracing:s0 tclass=file permissive=1
05-30 03:45:03.663 I/main    ( 1352): type=1400 audit(0.0:446): avc: denied { open } for path="/sys/kernel/debug/tracing/trace_marker" dev="tracefs" ino=39 scontext=u:r:zygote:s0 tcontext=u:object_r:debugfs_tracing:s0 tclass=file permissive=1
05-30 03:45:03.731 W/art     ( 1352): Unexpected CPU variant for X86 using defaults: x86_64
05-30 03:45:03.734 W/ActivityManager(  593): Slow operation: 67ms so far, now at startProcess: returned from zygote!
05-30 03:45:03.734 W/ActivityManager(  593): Slow operation: 67ms so far, now at startProcess: done updating battery stats
05-30 03:45:03.734 W/ActivityManager(  593): Slow operation: 67ms so far, now at startProcess: building log message
05-30 03:45:03.734 I/ActivityManager(  593): Start proc 1352:com.android.dialer/u0a8 for broadcast com.android.dialer/.calllog.CallLogReceiver
05-30 03:45:03.734 W/ActivityManager(  593): Slow operation: 67ms so far, now at startProcess: starting to update pids map
05-30 03:45:03.734 W/ActivityManager(  593): Slow operation: 67ms so far, now at startProcess: done updating pids map
05-30 03:45:03.734 W/ActivityManager(  593): Slow operation: 67ms so far, now at startProcess: done starting proc!
05-30 03:45:03.746 W/System  ( 1352): ClassLoader referenced unknown path: /system/priv-app/Dialer/lib/x86_64
05-30 03:45:04.067 I/surfaceflinger(  274): type=1400 audit(0.0:447): avc: denied { execmem } for scontext=u:r:surfaceflinger:s0 tcontext=u:r:surfaceflinger:s0 tclass=process permissive=1
05-30 03:45:04.226 I/ActivityManager(  593): Start proc 1370:com.android.calendar/u0a31 for broadcast com.android.calendar/.alerts.AlertReceiver
05-30 03:45:04.227 I/Telecom (  593): PhoneAccountRegistrar: SimCallManager queried, returning: null: TSI.gSCMFU@ADs
05-30 03:45:04.227 W/art     ( 1370): Unexpected CPU variant for X86 using defaults: x86_64
05-30 03:45:04.299 W/System  ( 1370): ClassLoader referenced unknown path: /system/app/Calendar/lib/x86_64
05-30 03:45:04.370 W/CountryDetector( 1352): No location permissions, not registering for location updates.
05-30 03:45:04.624 I/AlarmClock(  914): AlarmInitReceiver android.intent.action.BOOT_COMPLETED
05-30 03:45:04.696 W/art     ( 1391): Unexpected CPU variant for X86 using defaults: x86_64
05-30 03:45:04.699 I/Binder:593_7(  897): type=1400 audit(0.0:448): avc: denied { sendto } for path="/dev/socket/logdw" scontext=u:r:system_server:s0 tcontext=u:r:init:s0 tclass=unix_dgram_socket permissive=1
05-30 03:45:04.703 I/ActivityManager(  593): Start proc 1391:com.android.email/u0a42 for broadcast com.android.email/.service.EmailBroadcastReceiver
05-30 03:45:04.714 W/System  ( 1391): ClassLoader referenced unknown path: /system/app/Email/lib/x86_64
05-30 03:45:04.901 W/ActivityManager(  593): Unable to start service Intent { act=com.android.email.EXCHANGE_INTENT pkg=com.android.exchange } U=0: not found
05-30 03:45:04.910 W/ActivityManager(  593): Unable to start service Intent { act=com.android.email.EXCHANGE_INTENT pkg=com.android.exchange } U=0: not found
05-30 03:45:04.912 W/ActivityManager(  593): Unable to start service Intent { act=com.android.email.EXCHANGE_INTENT pkg=com.android.exchange } U=0: not found
05-30 03:45:04.938 I/SystemBroadcastReceiver(  667): Boot has been completed
05-30 03:45:04.938 I/SystemBroadcastReceiver(  667): toggleAppIcon() : FLAG_SYSTEM = true
05-30 03:45:04.943 I/JDWP    ( 1420): type=1400 audit(0.0:449): avc: denied { connectto } for path=006A6477702D636F6E74726F6C scontext=u:r:platform_app:s0:c512,c768 tcontext=u:r:init:s0 tclass=unix_stream_socket permissive=1
05-30 03:45:04.944 W/art     ( 1413): Unexpected CPU variant for X86 using defaults: x86_64
05-30 03:45:04.951 I/EmailNotificati( 1427): type=1400 audit(0.0:450): avc: denied { sendto } for path="/dev/socket/logdw" scontext=u:r:untrusted_app:s0:c512,c768 tcontext=u:r:init:s0 tclass=unix_dgram_socket permissive=1
