05-30 03:45:04.951 I/ActivityManager(  593): Start proc 1413:com.android.managedprovisioning/u0a15 for broadcast com.android.managedprovisioning/.BootReminder
05-30 03:45:04.951 W/ActivityManager(  593): Unable to start service Intent { cmp=com.android.email/.service.AttachmentService } U=0: not found
05-30 03:45:04.951 W/ActivityManager(  593): Unable to start service Intent { act=com.android.email.EXCHANGE_INTENT pkg=com.android.exchange } U=0: not found
05-30 03:45:04.953 W/ActivityManager(  593): Unable to start service Intent { cmp=com.android.email/.service.AttachmentService } U=0: not found
05-30 03:45:04.953 W/ActivityManager(  593): Unable to start service Intent { act=com.android.email.EXCHANGE_INTENT pkg=com.android.exchange } U=0: not found
05-30 03:45:04.954 W/ActivityManager(  593): Unable to start service Intent { act=com.android.email.EXCHANGE_INTENT pkg=com.android.exchange } U=0: not found
05-30 03:45:04.954 W/ActivityManager(  593): Unable to start service Intent { cmp=com.android.email/.service.AttachmentService } U=0: not found
05-30 03:45:04.955 I/Email   ( 1391): Observing account changes for notifications
05-30 03:45:05.012 E/ActivityThread( 1391): Service com.android.email.service.EmailBroadcastProcessorService has leaked ServiceConnection com.android.emailcommon.service.ServiceProxy$ProxyConnection@b94a120 that was originally bound here
05-30 03:45:05.012 E/ActivityThread( 1391): android.app.ServiceConnectionLeaked: Service com.android.email.service.EmailBroadcastProcessorService has leaked ServiceConnection com.android.emailcommon.service.ServiceProxy$ProxyConnection@b94a120 that was originally bound here
05-30 03:45:05.012 E/ActivityThread( 1391): 	at android.app.LoadedApk$ServiceDispatcher.<init>(LoadedApk.java:1336)
05-30 03:45:05.012 E/ActivityThread( 1391): 	at android.app.LoadedApk.getServiceDispatcher(LoadedApk.java:1231)
05-30 03:45:05.012 E/ActivityThread( 1391): 	at android.app.ContextImpl.bindServiceCommon(ContextImpl.java:1478)
05-30 03:45:05.012 E/ActivityThread( 1391): 	at android.app.ContextImpl.bindService(ContextImpl.java:1450)
05-30 03:45:05.012 E/ActivityThread( 1391): 	at android.content.ContextWrapper.bindService(ContextWrapper.java:636)
05-30 03:45:05.012 E/ActivityThread( 1391): 	at com.android.emailcommon.service.ServiceProxy.setTask(ServiceProxy.java:181)
05-30 03:45:05.012 E/ActivityThread( 1391): 	at com.android.emailcommon.service.ServiceProxy.test(ServiceProxy.java:224)
05-30 03:45:05.012 E/ActivityThread( 1391): 	at com.android.email.service.EmailServiceUtils.isServiceAvailable(EmailServiceUtils.java:160)
05-30 03:45:05.012 E/ActivityThread( 1391): 	at com.android.email.provider.AccountReconciler.reconcileAccountsInternal(AccountReconciler.java:171)
05-30 03:45:05.012 E/ActivityThread( 1391): 	at com.android.email.provider.AccountReconciler.reconcileAccounts(AccountReconciler.java:115)
05-30 03:45:05.012 E/ActivityThread( 1391): 	at com.android.email.service.EmailBroadcastProcessorService.reconcileAndStartServices(EmailBroadcastProcessorService.java:305)
05-30 03:45:05.012 E/ActivityThread( 1391): 	at com.android.email.service.EmailBroadcastProcessorService.onBootCompleted(EmailBroadcastProcessorService.java:295)
05-30 03:45:05.012 E/ActivityThread( 1391): 	at com.android.email.service.EmailBroadcastProcessorService.onHandleIntent(EmailBroadcastProcessorService.java:130)
05-30 03:45:05.012 E/ActivityThread( 1391): 	at android.app.IntentService$ServiceHandler.handleMessage(IntentService.java:67)
05-30 03:45:05.012 E/ActivityThread( 1391): 	at android.os.Handler.dispatchMessage(Handler.java:102)
05-30 03:45:05.012 E/ActivityThread( 1391): 	at android.os.Looper.loop(Looper.java:154)
05-30 03:45:05.012 E/ActivityThread( 1391): 	at android.os.HandlerThread.run(HandlerThread.java:61)
05-30 03:45:05.012 W/ActivityManager(  593): Unbind failed: could not find connection for android.os.BinderProxy@48b066
05-30 03:45:05.013 W/ActivityManager(  593): Unable to start service Intent { act=com.android.email.EXCHANGE_INTENT pkg=com.android.exchange } U=0: not found
05-30 03:45:05.014 W/ActivityManager(  593): Unable to start service Intent { act=com.android.email.EXCHANGE_INTENT pkg=com.android.exchange } U=0: not found
05-30 03:45:05.014 W/System  ( 1413): ClassLoader referenced unknown path: /system/priv-app/ManagedProvisioning/lib/x86_64
05-30 03:45:05.035 W/art     ( 1428): Unexpected CPU variant for X86 using defaults: x86_64
05-30 03:45:05.042 I/ActivityManager(  593): Start proc 1428:com.android.messaging/u0a59 for broadcast com.android.messaging/.receiver.BootAndPackageReplacedReceiver
05-30 03:45:05.050 W/System  ( 1428): ClassLoader referenced unknown path: /system/app/messaging/lib/x86_64
05-30 03:45:05.223 I/Binder:735_3( 1274): type=1400 audit(0.0:451): avc: denied { sendto } for path="/dev/socket/logdw" scontext=u:r:radio:s0 tcontext=u:r:init:s0 tclass=unix_dgram_socket permissive=1
05-30 03:45:05.227 I/timeinitialize( 1446): type=1400 audit(0.0:452): avc: denied { sendto } for path="/dev/socket/logdw" scontext=u:r:priv_app:s0:c512,c768 tcontext=u:r:init:s0 tclass=unix_dgram_socket permissive=1
05-30 03:45:05.230 W/art     ( 1446): Unexpected CPU variant for X86 using defaults: x86_64
05-30 03:45:05.231 I/JDWP    ( 1453): type=1400 audit(0.0:453): avc: denied { connectto } for path=006A6477702D636F6E74726F6C scontext=u:r:priv_app:s0:c512,c768 tcontext=u:r:init:s0 tclass=unix_stream_socket permissive=1
05-30 03:45:05.235 I/droid.messaging( 1428): type=1400 audit(0.0:454): avc: denied { sendto } for path="/dev/socket/logdw" scontext=u:r:platform_app:s0:c512,c768 tcontext=u:r:init:s0 tclass=unix_dgram_socket permissive=1
05-30 03:45:05.238 I/ActivityManager(  593): Start proc 1446:com.android.onetimeinitializer/u0a17 for broadcast com.android.onetimeinitializer/.OneTimeInitializerReceiver
05-30 03:45:05.239 I/MessagingApp( 1428): Carrier config changed. Reloading MMS config.
05-30 03:45:05.254 W/System  ( 1446): ClassLoader referenced unknown path: /system/priv-app/OneTimeInitializer/lib/x86_64
05-30 03:45:05.255 I/MessagingAppDataModel( 1428): Fixup: Send failed - 0 Download failed - 0
05-30 03:45:05.255 W/MessagingApp( 1428): canonicalizeMccMnc: invalid mccmnc:null ,null
05-30 03:45:05.257 W/MmsServiceBroker(  593): MmsService not connected. Try connecting...
05-30 03:45:05.258 I/MmsServiceBroker(  593): Connecting to MmsService
05-30 03:45:05.258 W/ContextImpl(  593): Calling a method in the system process without a qualified user: android.app.ContextImpl.bindService:1449 com.android.server.MmsServiceBroker.tryConnecting:240 com.android.server.MmsServiceBroker.-wrap3:-1 com.android.server.MmsServiceBroker$1.handleMessage:82 android.os.Handler.dispatchMessage:102 
05-30 03:45:05.263 W/System  (  735): ClassLoader referenced unknown path: /system/priv-app/MmsService/lib/x86_64
05-30 03:45:05.267 I/MmsServiceBroker(  593): MmsService connected
05-30 03:45:05.267 I/MmsService(  735): mms config for sub 1: null
05-30 03:45:05.267 I/MessagingApp( 1428): Carrier configs loaded: Bundle[{smsToMmsTextThreshold=-1, maxMessageTextSize=-1, recipientLimit=-1, maxImageHeight=480, maxMessageSize=307200, maxImageWidth=640, enabledMMS=true, enableMultipartSMS=true}] from resources+system for subId=1
05-30 03:45:05.335 W/MessagingApp( 1428): canonicalizeMccMnc: invalid mccmnc:null ,null
05-30 03:45:05.340 I/MmsService(  735): mms config for sub 1: null
05-30 03:45:05.340 I/MessagingApp( 1428): Carrier configs loaded: Bundle[{smsToMmsTextThreshold=-1, maxMessageTextSize=-1, recipientLimit=-1, maxImageHeight=480, maxMessageSize=307200, maxImageWidth=640, enabledMMS=true, enableMultipartSMS=true}] from resources+system for subId=1
05-30 03:45:05.342 I/MmsService(  735): MmsConfigManager receiver action: android.intent.action.SIM_STATE_CHANGED
05-30 03:45:05.343 I/MmsService(  735): MmsConfigManager receiver action: android.telephony.action.CARRIER_CONFIG_CHANGED
05-30 03:45:05.343 I/MmsService(  735): MmsConfigManager loads in background mcc/mnc: 310/270
05-30 03:45:05.346 W/MessagingApp( 1428): canonicalizeMccMnc: invalid mccmnc:null ,null
05-30 03:45:05.346 I/MmsService(  735): MmsConfigManager loads in background mcc/mnc: 310/270
05-30 03:45:05.346 I/MmsService(  735): MmsConfigManager loads in background mcc/mnc: 310/270
05-30 03:45:05.349 I/MmsService(  735): mms config for sub 1: null
05-30 03:45:05.349 I/MessagingApp( 1428): Carrier configs loaded: Bundle[{smsToMmsTextThreshold=-1, maxMessageTextSize=-1, recipientLimit=-1, maxImageHeight=480, maxMessageSize=307200, maxImageWidth=640, enabledMMS=true, enableMultipartSMS=true}] from resources+system for subId=1
05-30 03:45:05.410 I/MessagingAppDataModel( 1428): SyncMessagesAction: Starting batch for messages from 1646714763786 to 1748591105217 (message update limit = 80, message scan limit = 4000)
05-30 03:45:05.501 I/MessagingAppDataModel( 1428): SyncMessagesAction: All messages now in sync
05-30 03:45:05.571 I/otion.superuse( 1473): type=1400 audit(0.0:455): avc: denied { sendto } for path="/dev/socket/logdw" scontext=u:r:system_app:s0 tcontext=u:r:init:s0 tclass=unix_dgram_socket permissive=1
05-30 03:45:05.572 W/ActivityManager(  593): Slow operation: 59ms so far, now at startProcess: returned from zygote!
05-30 03:45:05.572 W/ActivityManager(  593): Slow operation: 59ms so far, now at startProcess: done updating battery stats
05-30 03:45:05.572 W/ActivityManager(  593): Slow operation: 59ms so far, now at startProcess: building log message
05-30 03:45:05.572 I/ActivityManager(  593): Start proc 1473:com.genymotion.superuser/1000 for broadcast com.genymotion.superuser/com.koushikdutta.superuser.SuCheckerReceiver
05-30 03:45:05.572 W/ActivityManager(  593): Slow operation: 59ms so far, now at startProcess: starting to update pids map
05-30 03:45:05.572 W/ActivityManager(  593): Slow operation: 59ms so far, now at startProcess: done updating pids map
05-30 03:45:05.572 W/ActivityManager(  593): Slow operation: 59ms so far, now at startProcess: done starting proc!
05-30 03:45:05.574 W/art     ( 1473): Unexpected CPU variant for X86 using defaults: x86_64
05-30 03:45:05.591 W/System  ( 1473): ClassLoader referenced unknown path: /system/app/Superuser/lib/x86_64
05-30 03:45:05.667 I/art     (  593): Starting a blocking GC Explicit
05-30 03:45:05.731 I/Thread-2( 1488): type=1400 audit(0.0:456): avc: denied { execute } for name="su" dev="xvda5" ino=3656 scontext=u:r:system_app:s0 tcontext=u:object_r:su_exec:s0 tclass=file permissive=1
05-30 03:45:05.735 I/Thread-2( 1488): type=1400 audit(0.0:457): avc: denied { read open } for path="/system/xbin/su" dev="xvda5" ino=3656 scontext=u:r:system_app:s0 tcontext=u:object_r:su_exec:s0 tclass=file permissive=1
05-30 03:45:05.735 I/Thread-2( 1488): type=1400 audit(0.0:458): avc: denied { execute_no_trans } for path="/system/xbin/su" dev="xvda5" ino=3656 scontext=u:r:system_app:s0 tcontext=u:object_r:su_exec:s0 tclass=file permissive=1
05-30 03:45:05.740 I/Superuser( 1473): Result: 16 com.genymotion.superuser
05-30 03:45:05.741 I/art     (  593): Explicit concurrent mark sweep GC freed 3123(282KB) AllocSpace objects, 0(0B) LOS objects, 33% free, 8MB/12MB, paused 708us total 74.108ms
05-30 03:45:05.811 I/rild    (  291): type=1400 audit(0.0:459): avc: denied { sendto } for path="/dev/socket/logdw" scontext=u:r:rild:s0 tcontext=u:r:init:s0 tclass=unix_dgram_socket permissive=1
05-30 03:45:05.823 I/AlarmClock(  914): AlarmInitReceiver android.intent.action.TIME_SET
05-30 03:45:05.895 W/MediaScanner( 1188): Error opening directory '/oem/media/', skipping: No such file or directory.
05-30 03:45:05.907 I/genybaseband(  294): type=1400 audit(0.0:460): avc: denied { read } for path="socket:[9048]" dev="sockfs" ino=9048 scontext=u:r:logwrapper:s0 tcontext=u:r:init:s0 tclass=unix_stream_socket permissive=1
05-30 03:45:05.907 I/genybaseband(  294): type=1400 audit(0.0:461): avc: denied { sendto } for path="/dev/socket/logdw" scontext=u:r:logwrapper:s0 tcontext=u:r:init:s0 tclass=unix_dgram_socket permissive=1
05-30 03:45:05.907 I/genybaseband( 1502): type=1400 audit(0.0:462): avc: denied { write } for path="socket:[9048]" dev="sockfs" ino=9048 scontext=u:r:logwrapper:s0 tcontext=u:r:init:s0 tclass=unix_stream_socket permissive=1
05-30 03:45:05.908 I/OmtpVvmCarrierCfgHlpr(  735): Requesting VVM activation for subId: 1
05-30 03:45:05.967 I/genybaseband(  294): type=1400 audit(0.0:463): avc: denied { write } for path="socket:[9046]" dev="sockfs" ino=9046 scontext=u:r:logwrapper:s0 tcontext=u:r:logwrapper:s0 tclass=tcp_socket permissive=1
05-30 03:45:05.967 I/genybaseband(  294): type=1400 audit(0.0:464): avc: denied { read } for path="socket:[9046]" dev="sockfs" ino=9046 scontext=u:r:logwrapper:s0 tcontext=u:r:logwrapper:s0 tclass=tcp_socket permissive=1
05-30 03:45:05.967 I/wpa_supplicant(  804): type=1400 audit(0.0:465): avc: denied { read } for path="/dev/socket/wpa_wlan0" scontext=u:r:wpa:s0 tcontext=u:r:init:s0 tclass=unix_dgram_socket permissive=1
05-30 03:45:05.967 I/wpa_supplicant(  804): type=1400 audit(0.0:466): avc: denied { getopt } for path="/dev/socket/wpa_wlan0" scontext=u:r:wpa:s0 tcontext=u:r:init:s0 tclass=unix_dgram_socket permissive=1
05-30 03:45:05.967 I/wpa_supplicant(  804): type=1400 audit(0.0:467): avc: denied { ioctl } for path="socket:[12947]" dev="sockfs" ino=12947 ioctlcmd=5411 scontext=u:r:wpa:s0 tcontext=u:r:init:s0 tclass=unix_dgram_socket permissive=1
05-30 03:45:05.967 I/wpa_supplicant(  804): type=1400 audit(0.0:468): avc: denied { write } for path="/dev/socket/wpa_wlan0" scontext=u:r:wpa:s0 tcontext=u:r:init:s0 tclass=unix_dgram_socket permissive=1
05-30 03:45:06.058 I/OmtpVvmCarrierCfgHlpr(  735): Requesting VVM activation for subId: 1
05-30 03:45:06.074 I/OmtpVvmCarrierCfgHlpr(  735): Requesting VVM activation for subId: 1
05-30 03:45:11.052 I/GlobalDismissManager( 1370): no sender configured
05-30 03:45:14.344 W/WifiMode(  593): WiredSSID, Invalid SupportedRates!!!
05-30 03:45:14.344 W/WifiMode(  593): WiredSSID, Invalid SupportedRates!!!
05-30 03:45:14.345 W/WifiMode(  593): WiredSSID, Invalid SupportedRates!!!
05-30 03:45:19.712 I/ActivityManager(  593): Waited long enough for: ServiceRecord{b827da8 u0 com.android.calendar/.alerts.InitAlarmsService}
05-30 03:45:19.871 I/healthd (  289): type=1400 audit(0.0:470): avc: denied { read } for scontext=u:r:init:s0 tcontext=u:r:init:s0 tclass=netlink_kobject_uevent_socket permissive=1
05-30 03:45:19.871 I/netd    (  542): type=1400 audit(0.0:469): avc: denied { write } for path="socket:[13601]" dev="sockfs" ino=13601 scontext=u:r:netd:s0 tcontext=u:r:init:s0 tclass=unix_stream_socket permissive=1
05-30 03:45:34.344 W/WifiMode(  593): WiredSSID, Invalid SupportedRates!!!
05-30 03:45:34.344 W/WifiMode(  593): WiredSSID, Invalid SupportedRates!!!
05-30 03:45:34.345 W/WifiMode(  593): WiredSSID, Invalid SupportedRates!!!
05-30 03:45:34.719 I/lmkd    (  255): type=1400 audit(0.0:471): avc: denied { read } for path="socket:[12511]" dev="sockfs" ino=12511 scontext=u:r:lmkd:s0 tcontext=u:r:init:s0 tclass=unix_stream_socket permissive=1
05-30 03:45:35.511 I/rild    (  291): type=1400 audit(0.0:472): avc: denied { read } for path="socket:[12995]" dev="sockfs" ino=12995 scontext=u:r:rild:s0 tcontext=u:r:init:s0 tclass=unix_stream_socket permissive=1
05-30 03:45:35.511 I/rild    (  291): type=1400 audit(0.0:473): avc: denied { write } for path="socket:[12995]" dev="sockfs" ino=12995 scontext=u:r:rild:s0 tcontext=u:r:init:s0 tclass=unix_stream_socket permissive=1
05-30 03:46:00.001 I/ActivityManager(  593): Killing 1093:com.android.keychain/1000 (adj 906): empty #17
05-30 03:46:14.343 W/WifiMode(  593): WiredSSID, Invalid SupportedRates!!!
05-30 03:46:14.343 W/WifiMode(  593): WiredSSID, Invalid SupportedRates!!!
05-30 03:46:14.344 W/WifiMode(  593): WiredSSID, Invalid SupportedRates!!!
05-30 03:47:34.344 W/WifiMode(  593): WiredSSID, Invalid SupportedRates!!!
05-30 03:47:34.345 W/WifiMode(  593): WiredSSID, Invalid SupportedRates!!!
05-30 03:47:34.345 W/WifiMode(  593): WiredSSID, Invalid SupportedRates!!!
05-30 03:47:48.131 I//sbin/adbd(  144): type=1400 audit(0.0:474): avc: denied { setopt } for comm=73657276657220736F636B6574 laddr=::ffff:172.20.36.113 lport=5555 faddr=::ffff:172.20.31.4 fport=47982 scontext=u:r:init:s0 tcontext=u:r:init:s0 tclass=tcp_socket permissive=1
05-30 03:47:48.131 I//sbin/adbd(  144): type=1400 audit(0.0:475): avc: denied { accept } for comm=73657276657220736F636B6574 lport=5555 scontext=u:r:init:s0 tcontext=u:r:init:s0 tclass=tcp_socket permissive=1
05-30 03:47:48.135 I/<-0.0.0.028347( 1536): type=1400 audit(0.0:476): avc: denied { read } for path="socket:[1484]" dev="sockfs" ino=1484 scontext=u:r:init:s0 tcontext=u:r:init:s0 tclass=tcp_socket permissive=1
05-30 03:47:48.139 I/->0.0.0.028347( 1535): type=1400 audit(0.0:477): avc: denied { write } for path="socket:[1484]" dev="sockfs" ino=1484 scontext=u:r:init:s0 tcontext=u:r:init:s0 tclass=tcp_socket permissive=1
05-30 03:47:48.151 I/wpa_supplicant(  804): type=1400 audit(0.0:478): avc: denied { sendto } for path="/data/misc/wifi/sockets/wpa_ctrl_593-1" scontext=u:r:init:s0 tcontext=u:r:system_server:s0 tclass=unix_dgram_socket permissive=1
05-30 03:47:49.139 I/adbd    ( 1537): type=1400 audit(0.0:479): avc: denied { execute_no_trans } for path="/system/bin/sh" dev="xvda5" ino=489 scontext=u:r:init:s0 tcontext=u:object_r:shell_exec:s0 tclass=file permissive=1
05-30 03:47:49.139 I/getprop ( 1537): type=1400 audit(0.0:480): avc: denied { read write } for path="socket:[17479]" dev="sockfs" ino=17479 scontext=u:r:toolbox:s0 tcontext=u:r:init:s0 tclass=unix_stream_socket permissive=1
05-30 03:47:49.143 I/getprop ( 1537): type=1400 audit(0.0:481): avc: denied { getattr } for path="socket:[17479]" dev="sockfs" ino=17479 scontext=u:r:toolbox:s0 tcontext=u:r:init:s0 tclass=unix_stream_socket permissive=1
05-30 03:47:49.215 I//sbin/adbd( 1543): type=1400 audit(0.0:482): avc: denied { write } for comm=73657276696365203432 name="etc" dev="xvda5" ino=559 scontext=u:r:init:s0 tcontext=u:object_r:system_file:s0 tclass=dir permissive=1
05-30 03:47:49.219 I//sbin/adbd( 1543): type=1400 audit(0.0:483): avc: denied { remove_name } for comm=73657276696365203432 name="hosts" dev="xvda5" ino=576 scontext=u:r:init:s0 tcontext=u:object_r:system_file:s0 tclass=dir permissive=1
05-30 03:47:49.219 I//sbin/adbd( 1543): type=1400 audit(0.0:484): avc: denied { unlink } for comm=73657276696365203432 name="hosts" dev="xvda5" ino=576 scontext=u:r:init:s0 tcontext=u:object_r:system_file:s0 tclass=file permissive=1
05-30 03:47:49.223 I//sbin/adbd( 1543): type=1400 audit(0.0:485): avc: denied { add_name } for comm=73657276696365203432 name="hosts" scontext=u:r:init:s0 tcontext=u:object_r:system_file:s0 tclass=dir permissive=1
05-30 03:47:49.223 I//sbin/adbd( 1543): type=1400 audit(0.0:486): avc: denied { create } for comm=73657276696365203432 name="hosts" scontext=u:r:init:s0 tcontext=u:object_r:system_file:s0 tclass=file permissive=1
05-30 03:47:49.223 I//sbin/adbd( 1543): type=1400 audit(0.0:487): avc: denied { write } for comm=73657276696365203432 path="/system/etc/hosts" dev="xvda5" ino=576 scontext=u:r:init:s0 tcontext=u:object_r:system_file:s0 tclass=file permissive=1
05-30 03:47:49.223 I//sbin/adbd( 1543): type=1400 audit(0.0:488): avc: denied { setattr } for comm=73657276696365203432 name="hosts" dev="xvda5" ino=576 scontext=u:r:init:s0 tcontext=u:object_r:system_file:s0 tclass=file permissive=1
05-30 03:47:49.855 I/healthd (  289): type=1400 audit(0.0:489): avc: denied { call } for scontext=u:r:init:s0 tcontext=u:r:system_server:s0 tclass=binder permissive=1
05-30 03:47:54.047 I/genybaseband(  294): type=1400 audit(0.0:490): avc: denied { read } for path="socket:[9048]" dev="sockfs" ino=9048 scontext=u:r:logwrapper:s0 tcontext=u:r:init:s0 tclass=unix_stream_socket permissive=1
05-30 03:47:54.047 I/genybaseband( 1544): type=1400 audit(0.0:491): avc: denied { write } for path="socket:[9048]" dev="sockfs" ino=9048 scontext=u:r:logwrapper:s0 tcontext=u:r:init:s0 tclass=unix_stream_socket permissive=1
05-30 03:47:55.435 I/adbd    ( 1545): type=1400 audit(0.0:492): avc: denied { ioctl } for path="/dev/pts/1" dev="devpts" ino=4 ioctlcmd=540e scontext=u:r:init:s0 tcontext=u:object_r:devpts:s0 tclass=chr_file permissive=1
05-30 03:47:55.435 I/sh      ( 1545): type=1400 audit(0.0:493): avc: denied { getattr } for path="/dev/pts/1" dev="devpts" ino=4 scontext=u:r:init:s0 tcontext=u:object_r:devpts:s0 tclass=chr_file permissive=1
05-30 03:47:55.435 I/sh      ( 1547): type=1400 audit(0.0:494): avc: denied { execute_no_trans } for path="/system/bin/cmd" dev="xvda5" ino=291 scontext=u:r:init:s0 tcontext=u:object_r:system_file:s0 tclass=file permissive=1
05-30 03:47:55.443 I/cmd     ( 1547): type=1400 audit(0.0:495): avc: denied { call } for scontext=u:r:init:s0 tcontext=u:r:servicemanager:s0 tclass=binder permissive=1
05-30 03:47:55.443 I/servicemanager(  257): type=1400 audit(0.0:496): avc: denied { search } for name="1547" dev="proc" ino=16690 scontext=u:r:servicemanager:s0 tcontext=u:r:init:s0 tclass=dir permissive=1
05-30 03:47:55.443 I/servicemanager(  257): type=1400 audit(0.0:497): avc: denied { read } for name="current" dev="proc" ino=16706 scontext=u:r:servicemanager:s0 tcontext=u:r:init:s0 tclass=file permissive=1
05-30 03:47:55.443 I/servicemanager(  257): type=1400 audit(0.0:498): avc: denied { open } for path="/proc/1547/attr/current" dev="proc" ino=16706 scontext=u:r:servicemanager:s0 tcontext=u:r:init:s0 tclass=file permissive=1
05-30 03:47:55.443 I/servicemanager(  257): type=1400 audit(0.0:499): avc: denied { getattr } for scontext=u:r:servicemanager:s0 tcontext=u:r:init:s0 tclass=process permissive=1
05-30 03:47:55.443 I/servicemanager(  257): type=1400 audit(0.0:500): avc: denied { sendto } for path="/dev/socket/logdw" scontext=u:r:servicemanager:s0 tcontext=u:r:init:s0 tclass=unix_dgram_socket permissive=1
05-30 03:47:55.443 I/servicemanager(  257): type=1400 audit(0.0:501): avc: denied { transfer } for scontext=u:r:servicemanager:s0 tcontext=u:r:init:s0 tclass=binder permissive=1
05-30 03:47:55.443 I/cmd     ( 1547): type=1400 audit(0.0:502): avc: denied { transfer } for scontext=u:r:init:s0 tcontext=u:r:system_server:s0 tclass=binder permissive=1
05-30 03:47:55.445 E/SELinux (  257): avc:  denied  { find } for service=package pid=1547 uid=0 scontext=u:r:init:s0 tcontext=u:object_r:package_service:s0 tclass=service_manager permissive=1
05-30 03:47:55.475 I/installd(  281): type=1400 audit(0.0:503): avc: denied { read } for path="socket:[12201]" dev="sockfs" ino=12201 scontext=u:r:installd:s0 tcontext=u:r:init:s0 tclass=unix_stream_socket permissive=1
05-30 03:47:55.475 I/installd(  281): type=1400 audit(0.0:504): avc: denied { sendto } for path="/dev/socket/logdw" scontext=u:r:installd:s0 tcontext=u:r:init:s0 tclass=unix_dgram_socket permissive=1
05-30 03:47:55.475 I/installd(  281): type=1400 audit(0.0:505): avc: denied { write } for path="socket:[12201]" dev="sockfs" ino=12201 scontext=u:r:installd:s0 tcontext=u:r:init:s0 tclass=unix_stream_socket permissive=1
05-30 03:47:55.479 I/        (  281): free_cache(94474949) avail 2195738624
05-30 03:47:56.983 I/main    (  275): type=1400 audit(0.0:506): avc: denied { read } for path="/dev/socket/zygote" scontext=u:r:zygote:s0 tcontext=u:r:init:s0 tclass=unix_stream_socket permissive=1
05-30 03:47:56.983 I/main    (  275): type=1400 audit(0.0:507): avc: denied { getattr } for path="socket:[12672]" dev="sockfs" ino=12672 scontext=u:r:zygote:s0 tcontext=u:r:init:s0 tclass=unix_stream_socket permissive=1
05-30 03:47:56.983 I/main    (  275): type=1400 audit(0.0:508): avc: denied { write } for path="/dev/socket/zygote" scontext=u:r:zygote:s0 tcontext=u:r:init:s0 tclass=unix_stream_socket permissive=1
05-30 03:47:56.990 W/art     ( 1552): Unexpected CPU variant for X86 using defaults: x86_64
05-30 03:47:56.996 I/ActivityManager(  593): Start proc 1552:com.android.defcontainer/u0a7 for service com.android.defcontainer/.DefaultContainerService
05-30 03:47:57.013 I/SELinux (  281): SELinux: Loaded file_contexts contexts from /file_contexts.bin.
05-30 03:47:57.014 I/PackageManager.DexOptimizer(  593): Running dexopt (dex2oat) on: /data/app/vmdl839939143.tmp/base.apk pkg=jp.jaxa.iss.kibo.rpc.sampleapk isa=x86_64 vmSafeMode=false debuggable=true target-filter=interpret-only oatDir = /data/app/vmdl839939143.tmp/oat sharedLibraries=null
05-30 03:47:57.023 I/dex2oat ( 1567): type=1400 audit(0.0:509): avc: denied { sendto } for path="/dev/socket/logdw" scontext=u:r:dex2oat:s0 tcontext=u:r:init:s0 tclass=unix_dgram_socket permissive=1
05-30 03:47:57.023 I/logd.writer(  115): type=1400 audit(0.0:510): avc: denied { read } for path="/dev/socket/logdw" scontext=u:r:logd:s0 tcontext=u:r:init:s0 tclass=unix_dgram_socket permissive=1
05-30 03:47:57.025 W/dex2oat ( 1567): Unexpected CPU variant for X86 using defaults: x86_64
05-30 03:47:57.025 I/dex2oat ( 1567): /system/bin/dex2oat --compiler-filter=interpret-only --debuggable
05-30 03:47:57.025 E/cutils-trace( 1567): Error opening trace file: Permission denied (13)
05-30 03:47:57.273 W/dex2oat ( 1567): Before Android 4.1, method int android.support.v7.widget.ListViewCompat.lookForSelectablePosition(int, boolean) would have incorrectly overridden the package-private method in android.widget.ListView
05-30 03:47:57.302 W/dex2oat ( 1567): Before Android 4.1, method android.graphics.PorterDuffColorFilter android.support.graphics.drawable.VectorDrawableCompat.updateTintFilter(android.graphics.PorterDuffColorFilter, android.content.res.ColorStateList, android.graphics.PorterDuff$Mode) would have incorrectly overridden the package-private method in android.graphics.drawable.Drawable
05-30 03:47:57.498 W/dex2oat ( 1567): Before Android 4.1, method double java.util.concurrent.ThreadLocalRandom.internalNextDouble(double, double) would have incorrectly overridden the package-private method in java.util.Random
05-30 03:47:57.498 W/dex2oat ( 1567): Before Android 4.1, method int java.util.concurrent.ThreadLocalRandom.internalNextInt(int, int) would have incorrectly overridden the package-private method in java.util.Random
05-30 03:47:57.498 W/dex2oat ( 1567): Before Android 4.1, method long java.util.concurrent.ThreadLocalRandom.internalNextLong(long, long) would have incorrectly overridden the package-private method in java.util.Random
05-30 03:47:57.811 I/dex2oat ( 1567): dex2oat took 785.659ms (threads: 2) arena alloc=2MB (2149224B) java alloc=11MB (11975080B) native alloc=15MB (16353448B) free=4MB (4618072B)
05-30 03:47:57.859 I/vold    (  127): type=1400 audit(0.0:511): avc: denied { read } for path="socket:[13590]" dev="sockfs" ino=13590 scontext=u:r:vold:s0 tcontext=u:r:init:s0 tclass=unix_stream_socket permissive=1
05-30 03:47:57.859 I/vold    (  127): type=1400 audit(0.0:512): avc: denied { sendto } for path="/dev/socket/logdw" scontext=u:r:vold:s0 tcontext=u:r:init:s0 tclass=unix_dgram_socket permissive=1
05-30 03:47:57.863 I/vold    (  127): type=1400 audit(0.0:513): avc: denied { write } for path="socket:[13590]" dev="sockfs" ino=13590 scontext=u:r:vold:s0 tcontext=u:r:init:s0 tclass=unix_stream_socket permissive=1
05-30 03:47:57.865 I/GnssLocationProvider(  593): WakeLock acquired by sendMessage(3, 0, com.android.server.location.GnssLocationProvider$GpsRequest@cfe02e4)
05-30 03:47:57.866 I/GnssLocationProvider(  593): WakeLock released by handleMessage(3, 0, com.android.server.location.GnssLocationProvider$GpsRequest@cfe02e4)
05-30 03:47:57.869 I/GnssLocationProvider(  593): WakeLock acquired by sendMessage(3, 0, com.android.server.location.GnssLocationProvider$GpsRequest@d60e34d)
05-30 03:47:57.870 I/GnssLocationProvider(  593): WakeLock released by handleMessage(3, 0, com.android.server.location.GnssLocationProvider$GpsRequest@d60e34d)
05-30 03:47:57.880 I/art     (  593): Starting a blocking GC Explicit
05-30 03:47:57.887 I/Binder:593_4(  765): type=1400 audit(0.0:514): avc: denied { call } for scontext=u:r:system_server:s0 tcontext=u:r:init:s0 tclass=binder permissive=1
05-30 03:47:57.889 I/art     (  593): Explicit concurrent mark sweep GC freed 25509(1480KB) AllocSpace objects, 14(572KB) LOS objects, 33% free, 8MB/12MB, paused 109us total 8.793ms
05-30 03:47:57.889 E/        (  281): Couldn't opendir /data/app/vmdl839939143.tmp: No such file or directory
05-30 03:47:57.907 I/main    (  275): type=1400 audit(0.0:515): avc: denied { getattr } for path="/sys/kernel/debug/tracing/trace_marker" dev="tracefs" ino=39 scontext=u:r:zygote:s0 tcontext=u:object_r:debugfs_tracing:s0 tclass=file permissive=1
05-30 03:47:57.908 I/InputReader(  593): Reconfiguring input devices.  changes=0x00000010
05-30 03:47:57.911 I/main    ( 1570): type=1400 audit(0.0:516): avc: denied { write } for name="trace_marker" dev="tracefs" ino=39 scontext=u:r:zygote:s0 tcontext=u:object_r:debugfs_tracing:s0 tclass=file permissive=1
05-30 03:47:57.911 I/main    ( 1570): type=1400 audit(0.0:517): avc: denied { open } for path="/sys/kernel/debug/tracing/trace_marker" dev="tracefs" ino=39 scontext=u:r:zygote:s0 tcontext=u:object_r:debugfs_tracing:s0 tclass=file permissive=1
05-30 03:47:57.911 I/JDWP    ( 1577): type=1400 audit(0.0:518): avc: denied { connectto } for path=006A6477702D636F6E74726F6C scontext=u:r:untrusted_app:s0:c512,c768 tcontext=u:r:init:s0 tclass=unix_stream_socket permissive=1
05-30 03:47:57.914 W/art     ( 1570): Unexpected CPU variant for X86 using defaults: x86_64
05-30 03:47:57.915 I/ActivityManager(  607): type=1400 audit(0.0:519): avc: denied { sendto } for path="/dev/socket/logdw" scontext=u:r:system_server:s0 tcontext=u:r:init:s0 tclass=unix_dgram_socket permissive=1
05-30 03:47:57.918 I/ActivityManager(  593): Start proc 1570:com.android.gallery3d/u0a45 for broadcast com.android.gallery3d/.app.PackagesMonitor
05-30 03:47:57.925 W/VoiceInteractionManagerService(  593): no available voice recognition services found for user 0
05-30 03:47:57.925 W/LocationProviderProxy-network(  593): Odd, no component found for service com.android.location.service.v3.NetworkLocationProvider
05-30 03:47:57.925 W/GeocoderProxy(  593): Odd, no component found for service com.android.location.service.GeocodeProvider
05-30 03:47:57.925 W/GeofenceProxy(  593): Odd, no component found for service com.android.location.service.GeofenceProvider
05-30 03:47:57.925 W/ActivityRecognitionProxy(  593): Odd, no component found for service com.android.location.service.ActivityRecognitionProvider
05-30 03:47:58.011 I/android.musicf( 1587): type=1400 audit(0.0:520): avc: denied { sendto } for path="/dev/socket/logdw" scontext=u:r:priv_app:s0:c512,c768 tcontext=u:r:init:s0 tclass=unix_dgram_socket permissive=1
05-30 03:47:58.014 W/art     ( 1587): Unexpected CPU variant for X86 using defaults: x86_64
05-30 03:47:58.015 I/JDWP    ( 1594): type=1400 audit(0.0:521): avc: denied { connectto } for path=006A6477702D636F6E74726F6C scontext=u:r:priv_app:s0:c512,c768 tcontext=u:r:init:s0 tclass=unix_stream_socket permissive=1
05-30 03:47:58.019 I/ActivityManager(  593): Start proc 1587:com.android.musicfx/u0a16 for broadcast com.android.musicfx/.Compatibility$Receiver
05-30 03:47:58.022 I/ActivityManager(  593): Killing 1134:com.genymobile.genymotionacme/1000 (adj 906): empty #17
05-30 03:47:58.027 W/System  ( 1587): ClassLoader referenced unknown path: /system/priv-app/MusicFX/lib/x86_64
05-30 03:47:58.039 I/com.svox.pico( 1604): type=1400 audit(0.0:522): avc: denied { sendto } for path="/dev/socket/logdw" scontext=u:r:untrusted_app:s0:c512,c768 tcontext=u:r:init:s0 tclass=unix_dgram_socket permissive=1
05-30 03:47:58.041 W/art     ( 1604): Unexpected CPU variant for X86 using defaults: x86_64
05-30 03:47:58.043 I/JDWP    ( 1611): type=1400 audit(0.0:523): avc: denied { connectto } for path=006A6477702D636F6E74726F6C scontext=u:r:untrusted_app:s0:c512,c768 tcontext=u:r:init:s0 tclass=unix_stream_socket permissive=1
05-30 03:47:58.049 I/ActivityManager(  593): Start proc 1604:com.svox.pico/u0a54 for broadcast com.svox.pico/.VoiceDataInstallerReceiver
05-30 03:47:58.050 I/ActivityManager(  593): Killing 948:com.android.printspooler/u0a56 (adj 906): empty #17
05-30 03:47:58.061 I/ActivityManager(  593): Killing 1352:com.android.dialer/u0a8 (adj 906): empty #17
05-30 03:47:59.855 I/healthd (  289): type=1400 audit(0.0:524): avc: denied { read } for name="capacity" dev="fuse" ino=8 scontext=u:r:init:s0 tcontext=u:object_r:fuse:s0 tclass=file permissive=1
05-30 03:47:59.855 I/healthd (  289): type=1400 audit(0.0:525): avc: denied { open } for path="/dev/pipe/battery/BAT0/capacity" dev="fuse" ino=8 scontext=u:r:init:s0 tcontext=u:object_r:fuse:s0 tclass=file permissive=1
05-30 03:48:00.163 I/wpa_supplicant(  804): type=1400 audit(0.0:526): avc: denied { read } for path="/dev/socket/wpa_wlan0" scontext=u:r:wpa:s0 tcontext=u:r:init:s0 tclass=unix_dgram_socket permissive=1
05-30 03:48:00.163 I/wpa_supplicant(  804): type=1400 audit(0.0:527): avc: denied { getopt } for path="/dev/socket/wpa_wlan0" scontext=u:r:wpa:s0 tcontext=u:r:init:s0 tclass=unix_dgram_socket permissive=1
05-30 03:48:00.163 I/wpa_supplicant(  804): type=1400 audit(0.0:528): avc: denied { ioctl } for path="socket:[12947]" dev="sockfs" ino=12947 ioctlcmd=5411 scontext=u:r:wpa:s0 tcontext=u:r:init:s0 tclass=unix_dgram_socket permissive=1
05-30 03:48:00.163 I/wpa_supplicant(  804): type=1400 audit(0.0:529): avc: denied { write } for path="/dev/socket/wpa_wlan0" scontext=u:r:wpa:s0 tcontext=u:r:init:s0 tclass=unix_dgram_socket permissive=1
05-30 03:48:07.030 I/ActivityManager(  593): Killing 1413:com.android.managedprovisioning/u0a15 (adj 906): empty #17
05-30 03:48:14.067 I/m.android.phone(  735): type=1400 audit(0.0:530): avc: denied { sendto } for path="/dev/socket/logdw" scontext=u:r:radio:s0 tcontext=u:r:init:s0 tclass=unix_dgram_socket permissive=1
05-30 03:48:14.083 I/rild    (  291): type=1400 audit(0.0:531): avc: denied { sendto } for path="/dev/socket/logdw" scontext=u:r:rild:s0 tcontext=u:r:init:s0 tclass=unix_dgram_socket permissive=1
05-30 03:48:14.083 I/genybaseband(  294): type=1400 audit(0.0:532): avc: denied { sendto } for path="/dev/socket/logdw" scontext=u:r:logwrapper:s0 tcontext=u:r:init:s0 tclass=unix_dgram_socket permissive=1
05-30 03:48:57.139 I/healthd (  289): type=1400 audit(0.0:533): avc: denied { read } for scontext=u:r:init:s0 tcontext=u:r:init:s0 tclass=netlink_kobject_uevent_socket permissive=1
05-30 03:49:21.859 I/netd    (  549): type=1400 audit(0.0:534): avc: denied { accept } for path="/dev/socket/fwmarkd" scontext=u:r:netd:s0 tcontext=u:r:init:s0 tclass=unix_stream_socket permissive=1
05-30 03:49:21.859 I/netd    (  549): type=1400 audit(0.0:535): avc: denied { getopt } for path="/dev/socket/fwmarkd" scontext=u:r:netd:s0 tcontext=u:r:init:s0 tclass=unix_stream_socket permissive=1
05-30 03:49:21.859 I/netd    (  549): type=1400 audit(0.0:536): avc: denied { read } for path="/dev/socket/fwmarkd" scontext=u:r:netd:s0 tcontext=u:r:init:s0 tclass=unix_stream_socket permissive=1
05-30 03:49:21.911 I/com.genymobile.webrtcd( 1240): type=1400 audit(0.0:537): avc: denied { sendto } for comm=4E616E6F4874747064204D61696E20 path="/dev/socket/logdw" scontext=u:r:system_app:s0 tcontext=u:r:init:s0 tclass=unix_dgram_socket permissive=1
05-30 03:50:01.811 I/crond   ( 1630): type=1400 audit(0.0:538): avc: denied { setgid } for capability=6 scontext=u:r:vbox86-setup:s0 tcontext=u:r:vbox86-setup:s0 tclass=capability permissive=1
05-30 03:50:01.811 I/crond   ( 1630): type=1400 audit(0.0:539): avc: denied { setuid } for capability=7 scontext=u:r:vbox86-setup:s0 tcontext=u:r:vbox86-setup:s0 tclass=capability permissive=1
05-30 03:50:01.811 I/crond   (  265): crond: USER root pid 1630 cmd sleep 5400;reboot -p
05-30 03:50:14.345 W/WifiMode(  593): WiredSSID, Invalid SupportedRates!!!
05-30 03:50:14.345 W/WifiMode(  593): WiredSSID, Invalid SupportedRates!!!
05-30 03:50:14.345 W/WifiMode(  593): WiredSSID, Invalid SupportedRates!!!
05-30 03:50:53.847 I/<-0.0.0.028347( 1536): type=1400 audit(0.0:540): avc: denied { read } for path="socket:[1484]" dev="sockfs" ino=1484 scontext=u:r:init:s0 tcontext=u:r:init:s0 tclass=tcp_socket permissive=1
05-30 03:50:53.851 I/adbd    ( 1635): type=1400 audit(0.0:541): avc: denied { execute_no_trans } for path="/system/bin/sh" dev="xvda5" ino=489 scontext=u:r:init:s0 tcontext=u:object_r:shell_exec:s0 tclass=file permissive=1
05-30 03:50:53.851 I/sh      ( 1635): type=1400 audit(0.0:542): avc: denied { execute_no_trans } for path="/system/bin/am" dev="xvda5" ino=256 scontext=u:r:init:s0 tcontext=u:object_r:system_file:s0 tclass=file permissive=1
05-30 03:50:53.851 I/->0.0.0.028347( 1535): type=1400 audit(0.0:543): avc: denied { write } for path="socket:[1484]" dev="sockfs" ino=1484 scontext=u:r:init:s0 tcontext=u:r:init:s0 tclass=tcp_socket permissive=1
05-30 03:50:53.859 I/app_process( 1635): type=1400 audit(0.0:544): avc: denied { read write } for path="socket:[17680]" dev="sockfs" ino=17680 scontext=u:r:zygote:s0 tcontext=u:r:init:s0 tclass=unix_stream_socket permissive=1
05-30 03:50:53.987 I/app_process( 1635): type=1400 audit(0.0:545): avc: denied { sendto } for path="/dev/socket/logdw" scontext=u:r:zygote:s0 tcontext=u:r:init:s0 tclass=unix_dgram_socket permissive=1
05-30 03:50:53.995 I/main    ( 1635): type=1400 audit(0.0:546): avc: denied { execmem } for scontext=u:r:zygote:s0 tcontext=u:r:zygote:s0 tclass=process permissive=1
05-30 03:50:53.995 I/main    ( 1635): type=1400 audit(0.0:547): avc: denied { execute } for path="/dev/ashmem" dev="tmpfs" ino=7987 scontext=u:r:zygote:s0 tcontext=u:object_r:ashmem_device:s0 tclass=chr_file permissive=1
05-30 03:50:53.995 I/main    ( 1635): type=1400 audit(0.0:548): avc: denied { execute } for path=2F6465762F6173686D656D2F64616C76696B2D6A69742D636F64652D6361636865202864656C6574656429 dev="tmpfs" ino=17804 scontext=u:r:zygote:s0 tcontext=u:object_r:zygote_tmpfs:s0 tclass=file permissive=1
05-30 03:50:54.000 W/art     ( 1635): Unexpected CPU variant for X86 using defaults: x86_64
05-30 03:50:54.014 E/memtrack( 1635): Couldn't load memtrack module (No such file or directory)
05-30 03:50:54.014 E/android.os.Debug( 1635): failed to load memtrack module: -2
05-30 03:50:54.014 I/Radio-JNI( 1635): register_android_hardware_Radio DONE
05-30 03:50:54.015 I/main    ( 1635): type=1400 audit(0.0:549): avc: denied { call } for scontext=u:r:zygote:s0 tcontext=u:r:servicemanager:s0 tclass=binder permissive=1
05-30 03:50:54.015 I/servicemanager(  257): type=1400 audit(0.0:550): avc: denied { search } for name="1635" dev="proc" ino=16887 scontext=u:r:servicemanager:s0 tcontext=u:r:zygote:s0 tclass=dir permissive=1
05-30 03:50:54.015 I/servicemanager(  257): type=1400 audit(0.0:551): avc: denied { read } for name="current" dev="proc" ino=16901 scontext=u:r:servicemanager:s0 tcontext=u:r:zygote:s0 tclass=file permissive=1
05-30 03:50:54.015 I/servicemanager(  257): type=1400 audit(0.0:552): avc: denied { open } for path="/proc/1635/attr/current" dev="proc" ino=16901 scontext=u:r:servicemanager:s0 tcontext=u:r:zygote:s0 tclass=file permissive=1
05-30 03:50:54.015 I/servicemanager(  257): type=1400 audit(0.0:553): avc: denied { getattr } for scontext=u:r:servicemanager:s0 tcontext=u:r:zygote:s0 tclass=process permissive=1
05-30 03:50:54.015 I/servicemanager(  257): type=1400 audit(0.0:554): avc: denied { sendto } for path="/dev/socket/logdw" scontext=u:r:servicemanager:s0 tcontext=u:r:init:s0 tclass=unix_dgram_socket permissive=1
05-30 03:50:54.019 I/main    ( 1635): type=1400 audit(0.0:555): avc: denied { call } for scontext=u:r:zygote:s0 tcontext=u:r:system_server:s0 tclass=binder permissive=1
05-30 03:50:54.020 E/SELinux (  257): avc:  denied  { find } for service=activity pid=1635 uid=0 scontext=u:r:zygote:s0 tcontext=u:object_r:activity_service:s0 tclass=service_manager permissive=1
05-30 03:50:54.023 E/SELinux (  257): avc:  denied  { find } for service=package pid=1635 uid=0 scontext=u:r:zygote:s0 tcontext=u:object_r:package_service:s0 tclass=service_manager permissive=1
05-30 03:50:54.031 I/main    (  275): type=1400 audit(0.0:556): avc: denied { getattr } for path="socket:[12672]" dev="sockfs" ino=12672 scontext=u:r:zygote:s0 tcontext=u:r:init:s0 tclass=unix_stream_socket permissive=1
05-30 03:50:54.039 I/art     ( 1645): Late-enabling -Xcheck:jni
05-30 03:50:54.039 W/art     ( 1645): Unexpected CPU variant for X86 using defaults: x86_64
05-30 03:50:54.043 I/lmkd    (  255): type=1400 audit(0.0:557): avc: denied { read } for path="socket:[12511]" dev="sockfs" ino=12511 scontext=u:r:lmkd:s0 tcontext=u:r:init:s0 tclass=unix_stream_socket permissive=1
05-30 03:50:54.046 I/ActivityManager(  593): Start proc 1645:gov.nasa.arc.astrobee.android.gs.manager/u0a63 for service gov.nasa.arc.astrobee.android.gs.manager/.ManagerService
05-30 03:50:54.053 W/System  ( 1645): ClassLoader referenced unknown path: /data/app/gov.nasa.arc.astrobee.android.gs.manager-1/lib/x86_64
05-30 03:50:54.127 E/Notification( 1645): setLatestEventInfo() is deprecated and you should feel deprecated.
05-30 03:50:54.127 E/Notification( 1645): java.lang.Throwable
05-30 03:50:54.127 E/Notification( 1645): 	at android.app.Notification.setLatestEventInfo(Notification.java:2048)
05-30 03:50:54.127 E/Notification( 1645): 	at org.ros.android.NodeMainExecutorService.onStartCommand(NodeMainExecutorService.java:220)
05-30 03:50:54.127 E/Notification( 1645): 	at android.app.ActivityThread.handleServiceArgs(ActivityThread.java:3297)
05-30 03:50:54.127 E/Notification( 1645): 	at android.app.ActivityThread.-wrap21(ActivityThread.java)
05-30 03:50:54.127 E/Notification( 1645): 	at android.app.ActivityThread$H.handleMessage(ActivityThread.java:1565)
05-30 03:50:54.127 E/Notification( 1645): 	at android.os.Handler.dispatchMessage(Handler.java:102)
05-30 03:50:54.127 E/Notification( 1645): 	at android.os.Looper.loop(Looper.java:154)
05-30 03:50:54.127 E/Notification( 1645): 	at android.app.ActivityThread.main(ActivityThread.java:6077)
05-30 03:50:54.127 E/Notification( 1645): 	at java.lang.reflect.Method.invoke(Native Method)
05-30 03:50:54.127 E/Notification( 1645): 	at com.android.internal.os.ZygoteInit$MethodAndArgsCaller.run(ZygoteInit.java:865)
05-30 03:50:54.127 E/Notification( 1645): 	at com.android.internal.os.ZygoteInit.main(ZygoteInit.java:755)
05-30 03:50:54.145 I/Registrar( 1645): MasterXmlRpcEndpoint URI: http://llp:11311
05-30 03:50:54.148 I/Registrar( 1645): Registering publisher: Publisher<PublisherDefinition<PublisherIdentifier<NodeIdentifier</guest_science_manager, http://hlp:36769/>, TopicIdentifier</rosout>>, Topic<TopicIdentifier</rosout>, TopicDescription<rosgraph_msgs/Log, acffd30cd6b6de30f120938c17c593fb>>>>
05-30 03:50:54.159 I/netd    (  546): type=1400 audit(0.0:558): avc: denied { getopt } for path="/dev/socket/dnsproxyd" scontext=u:r:netd:s0 tcontext=u:r:init:s0:c512,c768 tclass=unix_stream_socket permissive=1
05-30 03:50:54.159 I/netd    (  546): type=1400 audit(0.0:559): avc: denied { read } for path="socket:[17849]" dev="sockfs" ino=17849 scontext=u:r:netd:s0 tcontext=u:r:init:s0:c512,c768 tclass=unix_stream_socket permissive=1
05-30 03:50:54.163 I/netd    ( 1675): type=1400 audit(0.0:560): avc: denied { write } for path="socket:[17849]" dev="sockfs" ino=17849 scontext=u:r:netd:s0 tcontext=u:r:init:s0:c512,c768 tclass=unix_stream_socket permissive=1
05-30 03:50:54.178 I/Registrar( 1645): Response<Success, Registered [/guest_science_manager] as publisher of [/rosout], [http://172.20.31.4:33303/]>
05-30 03:50:54.179 I/DefaultPublisher( 1645): Publisher registered: Publisher<PublisherDefinition<PublisherIdentifier<NodeIdentifier</guest_science_manager, http://hlp:36769/>, TopicIdentifier</rosout>>, Topic<TopicIdentifier</rosout>, TopicDescription<rosgraph_msgs/Log, acffd30cd6b6de30f120938c17c593fb>>>>
05-30 03:50:54.197 I/Registrar( 1645): Registering subscriber: Subscriber<Topic<TopicIdentifier</clock>, TopicDescription<rosgraph_msgs/Clock, a9c97c1d230cfc112e270351a944ee47>>>
05-30 03:50:54.199 I/Registrar( 1645): Response<Success, Subscribed to [/clock], [http://172.20.31.4:45517/]>
05-30 03:50:54.200 I/DefaultSubscriber( 1645): Subscriber registered: Subscriber<Topic<TopicIdentifier</clock>, TopicDescription<rosgraph_msgs/Clock, a9c97c1d230cfc112e270351a944ee47>>>
05-30 03:50:54.207 I/Registrar( 1645): Registering publisher: Publisher<PublisherDefinition<PublisherIdentifier<NodeIdentifier</guest_science_manager, http://hlp:36769/>, TopicIdentifier</gs/gs_manager/ack>>, Topic<TopicIdentifier</gs/gs_manager/ack>, TopicDescription<ff_msgs/AckStamped, cebddec69fd770df54633be444a9187d>>>>
05-30 03:50:54.208 I/Registrar( 1645): Registering publisher: Publisher<PublisherDefinition<PublisherIdentifier<NodeIdentifier</guest_science_manager, http://hlp:36769/>, TopicIdentifier</gs/gs_manager/config>>, Topic<TopicIdentifier</gs/gs_manager/config>, TopicDescription<ff_msgs/GuestScienceConfig, c6f632ed2411de4159494a3e7754794e>>>>
05-30 03:50:54.209 I/Registrar( 1645): Registering publisher: Publisher<PublisherDefinition<PublisherIdentifier<NodeIdentifier</guest_science_manager, http://hlp:36769/>, TopicIdentifier</gs/data>>, Topic<TopicIdentifier</gs/data>, TopicDescription<ff_msgs/GuestScienceData, edd2c791ea93ffa7cb0ec80c5bb00972>>>>
05-30 03:50:54.211 I/Registrar( 1645): Response<Success, Registered [/guest_science_manager] as publisher of [/gs/gs_manager/ack], [http://172.20.31.4:37719/]>
05-30 03:50:54.211 I/DefaultPublisher( 1645): Publisher registered: Publisher<PublisherDefinition<PublisherIdentifier<NodeIdentifier</guest_science_manager, http://hlp:36769/>, TopicIdentifier</gs/gs_manager/ack>>, Topic<TopicIdentifier</gs/gs_manager/ack>, TopicDescription<ff_msgs/AckStamped, cebddec69fd770df54633be444a9187d>>>>
05-30 03:50:54.212 I/Registrar( 1645): Registering publisher: Publisher<PublisherDefinition<PublisherIdentifier<NodeIdentifier</guest_science_manager, http://hlp:36769/>, TopicIdentifier</gs/gs_manager/state>>, Topic<TopicIdentifier</gs/gs_manager/state>, TopicDescription<ff_msgs/GuestScienceState, 24e5a1ba8527257cc710720a32de6e51>>>>
05-30 03:50:54.214 I/Registrar( 1645): Response<Success, Registered [/guest_science_manager] as publisher of [/gs/gs_manager/config], [http://172.20.31.4:37719/]>
05-30 03:50:54.214 I/DefaultPublisher( 1645): Publisher registered: Publisher<PublisherDefinition<PublisherIdentifier<NodeIdentifier</guest_science_manager, http://hlp:36769/>, TopicIdentifier</gs/gs_manager/config>>, Topic<TopicIdentifier</gs/gs_manager/config>, TopicDescription<ff_msgs/GuestScienceConfig, c6f632ed2411de4159494a3e7754794e>>>>
05-30 03:50:54.214 I/Registrar( 1645): Response<Success, Registered [/guest_science_manager] as publisher of [/gs/data], []>
05-30 03:50:54.216 I/DefaultPublisher( 1645): Publisher registered: Publisher<PublisherDefinition<PublisherIdentifier<NodeIdentifier</guest_science_manager, http://hlp:36769/>, TopicIdentifier</gs/data>>, Topic<TopicIdentifier</gs/data>, TopicDescription<ff_msgs/GuestScienceData, edd2c791ea93ffa7cb0ec80c5bb00972>>>>
05-30 03:50:54.217 I/Registrar( 1645): Registering publisher: Publisher<PublisherDefinition<PublisherIdentifier<NodeIdentifier</guest_science_manager, http://hlp:36769/>, TopicIdentifier</heartbeat>>, Topic<TopicIdentifier</heartbeat>, TopicDescription<ff_msgs/Heartbeat, 00da4d5a529de9d778f78787c87e306c>>>>
05-30 03:50:54.219 I/Registrar( 1645): Registering subscriber: Subscriber<Topic<TopicIdentifier</mgt/executive/command>, TopicDescription<ff_msgs/CommandStamped, ac01350894b1be9e3a7b4f390a14812d>>>
05-30 03:50:54.221 I/Registrar( 1645): Response<Success, Registered [/guest_science_manager] as publisher of [/gs/gs_manager/state], [http://172.20.31.4:37719/]>
05-30 03:50:54.221 I/DefaultPublisher( 1645): Publisher registered: Publisher<PublisherDefinition<PublisherIdentifier<NodeIdentifier</guest_science_manager, http://hlp:36769/>, TopicIdentifier</gs/gs_manager/state>>, Topic<TopicIdentifier</gs/gs_manager/state>, TopicDescription<ff_msgs/GuestScienceState, 24e5a1ba8527257cc710720a32de6e51>>>>
05-30 03:50:54.224 I/Registrar( 1645): Response<Success, Registered [/guest_science_manager] as publisher of [/heartbeat], [http://172.20.31.4:44189/]>
05-30 03:50:54.224 I/DefaultPublisher( 1645): Publisher registered: Publisher<PublisherDefinition<PublisherIdentifier<NodeIdentifier</guest_science_manager, http://hlp:36769/>, TopicIdentifier</heartbeat>>, Topic<TopicIdentifier</heartbeat>, TopicDescription<ff_msgs/Heartbeat, 00da4d5a529de9d778f78787c87e306c>>>>
05-30 03:50:54.228 I/Registrar( 1645): Response<Success, Subscribed to [/mgt/executive/command], [http://172.20.31.4:37719/]>
05-30 03:50:54.228 I/DefaultSubscriber( 1645): Subscriber registered: Subscriber<Topic<TopicIdentifier</mgt/executive/command>, TopicDescription<ff_msgs/CommandStamped, ac01350894b1be9e3a7b4f390a14812d>>>
05-30 03:50:54.236 I/art     ( 1714): Late-enabling -Xcheck:jni
05-30 03:50:54.236 W/art     ( 1714): Unexpected CPU variant for X86 using defaults: x86_64
05-30 03:50:54.243 I/ActivityManager(  593): Start proc 1714:jp.jaxa.iss.kibo.rpc.sampleapk/u0a64 for broadcast jp.jaxa.iss.kibo.rpc.sampleapk/gov.nasa.arc.astrobee.android.gs.InfoInqueryBroadcastReceiver
05-30 03:50:54.252 I/ActivityManager(  593): Killing 1446:com.android.onetimeinitializer/u0a17 (adj 906): empty #17
05-30 03:50:54.255 I/genybaseband(  294): type=1400 audit(0.0:561): avc: denied { read } for path="socket:[9048]" dev="sockfs" ino=9048 scontext=u:r:logwrapper:s0 tcontext=u:r:init:s0 tclass=unix_stream_socket permissive=1
05-30 03:50:54.255 I/genybaseband( 1734): type=1400 audit(0.0:562): avc: denied { write } for path="socket:[9048]" dev="sockfs" ino=9048 scontext=u:r:logwrapper:s0 tcontext=u:r:init:s0 tclass=unix_stream_socket permissive=1
