05-30 03:44:52.203 E/UsbDeviceManager(  593): 	at com.android.server.SystemServer.main(SystemServer.java:209)
05-30 03:44:52.203 E/UsbDeviceManager(  593): 	at java.lang.reflect.Method.invoke(Native Method)
05-30 03:44:52.203 E/UsbDeviceManager(  593): 	at com.android.internal.os.ZygoteInit$MethodAndArgsCaller.run(ZygoteInit.java:865)
05-30 03:44:52.203 E/UsbDeviceManager(  593): 	at com.android.internal.os.ZygoteInit.main(ZygoteInit.java:755)
05-30 03:44:52.203 E/UsbDeviceManagerJNI(  593): could not open /dev/usb_accessory
05-30 03:44:52.204 I/SystemServer(  593): StartSerialService
05-30 03:44:52.205 E/HardwarePropertiesManagerService-JNI(  593): Couldn't load thermal module (No such file or directory)
05-30 03:44:52.206 I/SystemServiceManager(  593): Starting com.android.server.twilight.TwilightService
05-30 03:44:52.206 I/SystemServiceManager(  593): Starting com.android.server.job.JobSchedulerService
05-30 03:44:52.208 I/SystemServiceManager(  593): Starting com.android.server.soundtrigger.SoundTriggerService
05-30 03:44:52.208 I/SystemServiceManager(  593): Starting com.android.server.backup.BackupManagerService$Lifecycle
05-30 03:44:52.210 I/SystemServiceManager(  593): Starting com.android.server.appwidget.AppWidgetService
05-30 03:44:52.216 I/SystemServiceManager(  593): Starting com.android.server.voiceinteraction.VoiceInteractionManagerService
05-30 03:44:52.218 I/SystemServer(  593): Gesture Launcher Service
05-30 03:44:52.218 I/SystemServiceManager(  593): Starting com.android.server.GestureLauncherService
05-30 03:44:52.218 I/SystemServiceManager(  593): Starting com.android.server.SensorNotificationService
05-30 03:44:52.218 I/SystemServiceManager(  593): Starting com.android.server.ContextHubSystemService
05-30 03:44:52.219 E/ContextHubService(  593): ** Could not load context_hub module : err No such file or directory
05-30 03:44:52.219 W/ContextHubService(  593): No Context Hub Module present
05-30 03:44:52.219 I/SystemServer(  593): StartDiskStatsService
05-30 03:44:52.220 I/SystemServer(  593): StartSamplingProfilerService
05-30 03:44:52.224 I/SystemServer(  593): StartNetworkTimeUpdateService
05-30 03:44:52.225 I/SystemServer(  593): StartCommonTimeManagementService
05-30 03:44:52.225 I/SystemServer(  593): CertBlacklister
05-30 03:44:52.226 I/SystemServiceManager(  593): Starting com.android.server.dreams.DreamManagerService
05-30 03:44:52.227 I/SystemServer(  593): StartAssetAtlasService
05-30 03:44:52.229 I/SystemServiceManager(  593): Starting com.android.server.print.PrintManagerService
05-30 03:44:52.240 I/vold    (  662): type=1400 audit(0.0:276): avc: denied { sendto } for path="/dev/socket/logdw" scontext=u:r:vold:s0 tcontext=u:r:init:s0 tclass=unix_dgram_socket permissive=1
05-30 03:44:52.240 I/SystemServiceManager(  593): Starting com.android.server.restrictions.RestrictionsManagerService
05-30 03:44:52.241 I/SystemServiceManager(  593): Starting com.android.server.media.MediaSessionService
05-30 03:44:52.243 I/MountService(  593): Running fstrim idle maintenance
05-30 03:44:52.243 W/vold    (  121): Trim failed on /cache: Operation not supported on transport endpoint
05-30 03:44:52.243 W/vold    (  121): Trim failed on /data: Operation not supported on transport endpoint
05-30 03:44:52.250 I/SystemServer(  593): StartMediaRouterService
05-30 03:44:52.250 I/SystemServiceManager(  593): Starting com.android.server.trust.TrustManagerService
05-30 03:44:52.251 I/SystemServer(  593): StartBackgroundDexOptService
05-30 03:44:52.253 I/SystemServiceManager(  593): Starting com.android.server.pm.ShortcutService$Lifecycle
05-30 03:44:52.256 I/SystemServiceManager(  593): Starting com.android.server.pm.LauncherAppsService
05-30 03:44:52.257 I/SystemServiceManager(  593): Starting com.android.server.media.projection.MediaProjectionManagerService
05-30 03:44:52.260 I/WindowManager(  593): SAFE MODE not enabled
05-30 03:44:52.260 I/SystemServiceManager(  593): Starting com.android.server.MmsServiceBroker
05-30 03:44:52.260 W/VibratorService(  593): Tried to stop vibrating but there is no vibrator device.
05-30 03:44:52.284 E/LockSettingsStorage(  593): Cannot read file java.io.FileNotFoundException: /data/system/gatekeeper.password.key: open failed: ENOENT (No such file or directory)
05-30 03:44:52.284 E/LockSettingsStorage(  593): Cannot read file java.io.FileNotFoundException: /data/system/password.key: open failed: ENOENT (No such file or directory)
05-30 03:44:52.284 E/LockSettingsStorage(  593): Cannot read file java.io.FileNotFoundException: /data/system/gatekeeper.pattern.key: open failed: ENOENT (No such file or directory)
05-30 03:44:52.284 E/LockSettingsStorage(  593): Cannot read file java.io.FileNotFoundException: /data/system/gatekeeper.gesture.key: open failed: ENOENT (No such file or directory)
05-30 03:44:52.285 E/LockSettingsStorage(  593): Cannot read file java.io.FileNotFoundException: /data/system/gesture.key: open failed: ENOENT (No such file or directory)
05-30 03:44:52.285 I/SystemServiceManager(  593): Starting phase 480
05-30 03:44:52.314 I/DevicePolicyManagerService(  593): Set ro.device_owner property to false
05-30 03:44:52.316 I/SystemServiceManager(  593): Starting phase 500
05-30 03:44:52.319 I/WifiService(  593): WifiService starting up with Wi-Fi enabled
05-30 03:44:52.319 I/WifiScanningService(  593): Starting wifiscanner
05-30 03:44:52.321 I/RttService(  593): Registering rttmanager
05-30 03:44:52.321 I/EthernetServiceImpl(  593): Starting Ethernet service
05-30 03:44:52.326 W/SoundTriggerHelper(  593): listModules status=0, # of modules=0
05-30 03:44:52.334 W/KeyguardServiceDelegate(  593): onScreenTurningOn(): no keyguard service!
05-30 03:44:52.334 I/DefaultPermGrantPolicy(  593): Granting permissions to default platform handlers for user 0
05-30 03:44:52.334 W/VoiceInteractionManagerService(  593): no available voice interaction services found for user 0
05-30 03:44:52.334 W/VoiceInteractionManagerService(  593): no available voice recognition services found for user 0
05-30 03:44:52.338 I/ActivityManager(  593): System now ready
05-30 03:44:52.339 I/SystemServer(  593): Making services ready
05-30 03:44:52.340 I/SystemServiceManager(  593): Starting phase 550
05-30 03:44:52.341 E/InputMethodManagerService(  593): Ignoring updateSystemUiLocked due to an invalid token. uid:1000 token:null
05-30 03:44:52.344 I/main    (  275): type=1400 audit(0.0:277): avc: denied { accept } for path="/dev/socket/zygote" scontext=u:r:zygote:s0 tcontext=u:r:init:s0 tclass=unix_stream_socket permissive=1
05-30 03:44:52.344 I/main    (  275): type=1400 audit(0.0:278): avc: denied { getopt } for path="/dev/socket/zygote" scontext=u:r:zygote:s0 tcontext=u:r:init:s0 tclass=unix_stream_socket permissive=1
05-30 03:44:52.348 I/main    (  275): type=1400 audit(0.0:279): avc: denied { setopt } for path="/dev/socket/zygote" scontext=u:r:zygote:s0 tcontext=u:r:init:s0 tclass=unix_stream_socket permissive=1
05-30 03:44:52.348 I/main    (  275): type=1400 audit(0.0:280): avc: denied { read } for path="/dev/socket/zygote" scontext=u:r:zygote:s0 tcontext=u:r:init:s0 tclass=unix_stream_socket permissive=1
05-30 03:44:52.348 I/main    (  275): type=1400 audit(0.0:281): avc: denied { getattr } for path="socket:[12672]" dev="sockfs" ino=12672 scontext=u:r:zygote:s0 tcontext=u:r:init:s0 tclass=unix_stream_socket permissive=1
05-30 03:44:52.348 I/main    (  275): type=1400 audit(0.0:282): avc: denied { write } for path="/dev/socket/zygote" scontext=u:r:zygote:s0 tcontext=u:r:init:s0 tclass=unix_stream_socket permissive=1
05-30 03:44:52.355 I/Zygote  (  593): Process: zygote socket opened, supported ABIS: x86_64
05-30 03:44:52.360 I/putmethod.lati(  667): type=1400 audit(0.0:283): avc: denied { sendto } for path="/dev/socket/logdw" scontext=u:r:untrusted_app:s0:c512,c768 tcontext=u:r:init:s0 tclass=unix_dgram_socket permissive=1
05-30 03:44:52.363 W/art     (  667): Unexpected CPU variant for X86 using defaults: x86_64
05-30 03:44:52.365 I/ActivityManager(  593): Start proc 667:com.android.inputmethod.latin/u0a48 for service com.android.inputmethod.latin/.LatinIME
05-30 03:44:52.365 E/BitmapFactory(  593): Unable to decode stream: java.io.FileNotFoundException: /data/system/users/0/wallpaper_orig (No such file or directory)
05-30 03:44:52.365 E/WallpaperManagerService(  593): Invalid wallpaper data
05-30 03:44:52.365 E/WallpaperManagerService(  593): Unable to apply new wallpaper
05-30 03:44:52.372 I/JDWP    (  675): type=1400 audit(0.0:284): avc: denied { connectto } for path=006A6477702D636F6E74726F6C scontext=u:r:untrusted_app:s0:c512,c768 tcontext=u:r:init:s0 tclass=unix_stream_socket permissive=1
05-30 03:44:52.376 I/vold    (  127): type=1400 audit(0.0:285): avc: denied { read } for path="socket:[13590]" dev="sockfs" ino=13590 scontext=u:r:vold:s0 tcontext=u:r:init:s0 tclass=unix_stream_socket permissive=1
05-30 03:44:52.376 I/vold    (  127): type=1400 audit(0.0:286): avc: denied { write } for path="socket:[13590]" dev="sockfs" ino=13590 scontext=u:r:vold:s0 tcontext=u:r:init:s0 tclass=unix_stream_socket permissive=1
05-30 03:44:52.376 I/vold    (  127): type=1400 audit(0.0:287): avc: denied { sendto } for path="/dev/socket/logdw" scontext=u:r:vold:s0 tcontext=u:r:init:s0 tclass=unix_dgram_socket permissive=1
05-30 03:44:52.376 I/ndroid.systemu(  672): type=1400 audit(0.0:288): avc: denied { sendto } for path="/dev/socket/logdw" scontext=u:r:platform_app:s0:c512,c768 tcontext=u:r:init:s0 tclass=unix_dgram_socket permissive=1
05-30 03:44:52.376 I/lmkd    (  255): type=1400 audit(0.0:289): avc: denied { read } for path="socket:[12511]" dev="sockfs" ino=12511 scontext=u:r:lmkd:s0 tcontext=u:r:init:s0 tclass=unix_stream_socket permissive=1
05-30 03:44:52.377 I/ActivityManager(  593): Start proc 672:com.android.systemui/u0a23 for service com.android.systemui/.ImageWallpaper
05-30 03:44:52.377 I/ActivityManager(  593): Force stopping com.android.providers.media appid=10010 user=-1: vold reset
05-30 03:44:52.378 W/art     (  672): Unexpected CPU variant for X86 using defaults: x86_64
05-30 03:44:52.379 I/SystemServer(  593): WebViewFactory preparation
05-30 03:44:52.380 I/logd.writer(  115): type=1400 audit(0.0:290): avc: denied { read } for path="/dev/socket/logdw" scontext=u:r:logd:s0 tcontext=u:r:init:s0 tclass=unix_dgram_socket permissive=1
05-30 03:44:52.381 E/BluetoothAdapter(  593): Bluetooth binder is null
05-30 03:44:52.382 E/BluetoothAdapter(  593): Bluetooth binder is null
05-30 03:44:52.382 I/AudioFlinger(  277): systemReady
05-30 03:44:52.384 I/JDWP    (  691): type=1400 audit(0.0:291): avc: denied { connectto } for path=006A6477702D636F6E74726F6C scontext=u:r:platform_app:s0:c512,c768 tcontext=u:r:init:s0 tclass=unix_stream_socket permissive=1
05-30 03:44:52.388 I/sdcard  (  686): type=1400 audit(0.0:292): avc: denied { sendto } for path="/dev/socket/logdw" scontext=u:r:sdcardd:s0 tcontext=u:r:init:s0 tclass=unix_dgram_socket permissive=1
05-30 03:44:52.391 W/sdcard  (  686): Device explicitly disabled sdcardfs
05-30 03:44:52.392 I/healthd (  289): type=1400 audit(0.0:293): avc: denied { read } for scontext=u:r:init:s0 tcontext=u:r:init:s0 tclass=netlink_kobject_uevent_socket permissive=1
05-30 03:44:52.400 I/mediaextractor(  285): type=1400 audit(0.0:294): avc: denied { sendto } for path="/dev/socket/logdw" scontext=u:r:mediaextractor:s0 tcontext=u:r:init:s0 tclass=unix_dgram_socket permissive=1
05-30 03:44:52.402 W/System  (  672): ClassLoader referenced unknown path: /system/priv-app/SystemUI/lib/x86_64
05-30 03:44:52.404 E/WVMExtractor(  593): Failed to open libwvm.so: dlopen failed: library "libwvm.so" not found
05-30 03:44:52.405 E/linker  (  285): library /system/lib/libavcodec.so with text relocation is whitelisted
05-30 03:44:52.405 W/linker  (  285): /system/lib/libavcodec.so has text relocations. This is wasting memory and prevents security hardening. Please fix.
05-30 03:44:52.405 E/linker  (  285): library /system/lib/libavcodec.so with text relocation is whitelisted
05-30 03:44:52.406 E/linker  (  285): library /system/lib/libswresample.so with text relocation is whitelisted
05-30 03:44:52.406 W/linker  (  285): /system/lib/libswresample.so has text relocations. This is wasting memory and prevents security hardening. Please fix.
05-30 03:44:52.406 E/linker  (  285): library /system/lib/libswresample.so with text relocation is whitelisted
05-30 03:44:52.406 I/Zygote  (  593): Process: zygote socket opened, supported ABIS: x86
05-30 03:44:52.407 I/art     (  276): Starting a blocking GC Background
05-30 03:44:52.416 I/FFmpegExtractor(  285): android-source:0xf0ddc000
05-30 03:44:52.418 I/ActivityManager(  593): Start proc 705:WebViewLoader-x86/1037 [android.webkit.WebViewFactory$RelroFileCreator] for 
05-30 03:44:52.421 W/art     (  710): Unexpected CPU variant for X86 using defaults: x86_64
05-30 03:44:52.429 I/ActivityManager(  593): Start proc 710:WebViewLoader-x86_64/1037 [android.webkit.WebViewFactory$RelroFileCreator] for 
05-30 03:44:52.429 I/NetworkManagement(  593): not enabling bandwidth control
05-30 03:44:52.441 W/NetworkManagement(  593): setDataSaverMode(): already false
05-30 03:44:52.442 W/NetworkStats(  593): bandwidth controls disabled, unable to track stats
05-30 03:44:52.443 W/NetworkPolicy(  593): bandwidth controls disabled, unable to enforce policy
05-30 03:44:52.446 I/SystemServiceManager(  593): Starting phase 600
05-30 03:44:52.457 I/GnssLocationProvider(  593): WakeLock acquired by sendMessage(13, 0, null)
05-30 03:44:52.458 E/GnssLocationProvider(  593): no AGPS interface in set_agps_server
05-30 03:44:52.462 W/ServiceWatcher(  593): com.google.android.gms not found
05-30 03:44:52.462 W/ServiceWatcher(  593): com.google.android.gms not found
05-30 03:44:52.462 W/LocationProviderProxy-network(  593): Odd, no component found for service com.android.location.service.v3.NetworkLocationProvider
05-30 03:44:52.462 W/ServiceWatcher(  593): com.google.android.gms not found
05-30 03:44:52.463 W/ServiceWatcher(  593): com.google.android.gms not found
05-30 03:44:52.463 W/GeocoderProxy(  593): Odd, no component found for service com.android.location.service.GeocodeProvider
05-30 03:44:52.463 E/FlpHardwareProvider(  593): Error hw_get_module 'flp': -2
05-30 03:44:52.463 W/ServiceWatcher(  593): com.google.android.gms not found
05-30 03:44:52.463 W/GeofenceProxy(  593): Odd, no component found for service com.android.location.service.GeofenceProvider
05-30 03:44:52.468 E/ActivityRecognitionHardware(  593): Error hw_get_module: -2
05-30 03:44:52.468 W/ServiceWatcher(  593): com.google.android.gms not found
05-30 03:44:52.468 W/ActivityRecognitionProxy(  593): Odd, no component found for service com.android.location.service.ActivityRecognitionProvider
05-30 03:44:52.469 I/GnssLocationProvider(  593): WakeLock acquired by sendMessage(2, 1, null)
05-30 03:44:52.470 I/GnssLocationProvider(  593): WakeLock released by handleMessage(13, 0, null)
05-30 03:44:52.470 E/GnssLocationProvider(  593): no AGPS interface in set_agps_server
05-30 03:44:52.470 I/CommonTimeManagementService(  593): No common time service detected on this platform.  Common time services will be unavailable.
05-30 03:44:52.470 I/GnssLocationProvider(  593): WakeLock released by handleMessage(2, 1, null)
05-30 03:44:52.470 I/InputReader(  593): Reconfiguring input devices.  changes=0x00000020
05-30 03:44:52.471 I/InputReader(  593): Reconfiguring input devices.  changes=0x00000010
05-30 03:44:52.471 I/MmsServiceBroker(  593): Delay connecting to MmsService until an API is called
05-30 03:44:52.471 W/VoiceInteractionManagerService(  593): no available voice interaction services found for user 0
05-30 03:44:52.471 W/VoiceInteractionManagerService(  593): no available voice recognition services found for user 0
05-30 03:44:52.475 W/art     (  735): Unexpected CPU variant for X86 using defaults: x86_64
05-30 03:44:52.482 I/ActivityManager(  593): Start proc 735:com.android.phone/1001 for added application com.android.phone
05-30 03:44:52.486 W/art     (  750): Unexpected CPU variant for X86 using defaults: x86_64
05-30 03:44:52.492 I/ActivityManager(  593): Start proc 750:com.genymobile.webrtcd/1000 for added application com.genymobile.webrtcd
05-30 03:44:52.492 I/LatinIME(  667): Hardware accelerated drawing: true
05-30 03:44:52.492 I/ActivityManager(  593): START u0 {act=android.intent.action.MAIN cat=[android.intent.category.HOME] flg=0x10000100 cmp=com.android.settings/.FallbackHome} from uid 0 on display 0
05-30 03:44:52.492 W/System  (  593): ClassLoader referenced unknown path: 
05-30 03:44:52.492 W/System  (  593): ClassLoader referenced unknown path: /system/priv-app/Settings/lib/x86_64
05-30 03:44:52.494 I/ActivityManager(  593): Loaded persisted task ids for user 0
05-30 03:44:52.497 W/art     (  705): Unexpected CPU variant for X86 using defaults: x86
05-30 03:44:52.500 W/art     (  767): Unexpected CPU variant for X86 using defaults: x86_64
05-30 03:44:52.507 I/ActivityManager(  593): Start proc 767:com.android.settings/1000 for activity com.android.settings/.FallbackHome
05-30 03:44:52.520 I/SystemServer(  593): Enabled StrictMode for system server main thread.
05-30 03:44:52.555 I/art     (  710): System.exit called, status: 0
05-30 03:44:52.555 I/AndroidRuntime(  710): VM exiting with result code 0, cleanup skipped.
05-30 03:44:52.572 W/ContextImpl(  593): Calling a method in the system process without a qualified user: android.app.ContextImpl.startService:1385 com.android.server.content.SyncManager$13.run:631 android.os.Handler.handleCallback:751 android.os.Handler.dispatchMessage:95 android.os.Looper.loop:154 
05-30 03:44:52.574 W/LocationProviderProxy-network(  593): Odd, no component found for service com.android.location.service.v3.NetworkLocationProvider
05-30 03:44:52.574 W/GeocoderProxy(  593): Odd, no component found for service com.android.location.service.GeocodeProvider
05-30 03:44:52.574 W/GeofenceProxy(  593): Odd, no component found for service com.android.location.service.GeofenceProvider
05-30 03:44:52.574 W/ActivityRecognitionProxy(  593): Odd, no component found for service com.android.location.service.ActivityRecognitionProvider
05-30 03:44:52.575 W/InputAttributes(  667): No editor info for this field. Bug?
05-30 03:44:52.586 W/System  (  767): ClassLoader referenced unknown path: /system/priv-app/Settings/lib/x86_64
05-30 03:44:52.586 I/LatinIME:LogUtils(  667): Dictionary info: dictionary = userunigram.en_US ; version = 1748591092 ; date = ?
05-30 03:44:52.586 E/ActivityThread(  667): Failed to find provider info for user_dictionary
05-30 03:44:52.586 I/LatinIME:LogUtils(  667): Dictionary info: dictionary = UserHistoryDictionary.en_US ; version = 1748591092 ; date = ?
05-30 03:44:52.587 W/System  (  735): ClassLoader referenced unknown path: /system/priv-app/TeleService/lib/x86_64
05-30 03:44:52.604 I/WifiScanningService(  593): wifi driver unloaded
05-30 03:44:52.605 I/LatinIME:LogUtils(  667): Dictionary info: dictionary = main:en ; version = 54 ; date = 1414726273
05-30 03:44:52.646 I/art     (  705): System.exit called, status: 0
05-30 03:44:52.646 I/AndroidRuntime(  705): VM exiting with result code 0, cleanup skipped.
05-30 03:44:52.686 W/System  (  593): ClassLoader referenced unknown path: /system/priv-app/Telecom/lib/x86_64
05-30 03:44:52.811 W/System  (  735): ClassLoader referenced unknown path: /system/priv-app/TelephonyProvider/lib/x86_64
05-30 03:44:52.826 E/SoftapController(  287): Softap fwReload - NULL path for STA
05-30 03:44:52.827 E/WifiMonitor(  593): killSupplicant p2pfalse init.svc.wpa_supplicant=unknown init.svc.p2p_supplicant=unknown
05-30 03:44:52.827 E/wifi    (  593): Can not initialize the vendor function pointer table
05-30 03:44:52.827 E/WifiNative-HAL(  593): Could not start hal
05-30 03:44:52.827 E/WifiStateMachine(  593): Failed to start HAL
05-30 03:44:53.010 E/BluetoothAdapter(  593): Bluetooth binder is null
05-30 03:44:53.087 I/Telecom (  593): SystemStateProvider: Registering car mode receiver: android.content.IntentFilter@72d47d1: TS.init@AAA
05-30 03:44:53.102 I/Telecom (  593): Telecom: Non-call EVENT: AUDIO_ROUTE, Entering state QuiescentEarpieceRoute
05-30 03:44:53.104 I/Telecom (  593): CallAudioModeStateMachine: Message received: null.: TS.init->CAMSM.pM_1@AAA_0
05-30 03:44:53.104 E/BluetoothAdapter(  593): Bluetooth binder is null
05-30 03:44:53.104 E/ActivityThread(  593): Failed to find provider info for call_log
05-30 03:44:53.168 I/Telecom (  593): Class: TelecomSystem.INSTANCE being set
05-30 03:44:53.168 E/BluetoothAdapter(  593): Bluetooth binder is null
05-30 03:44:53.172 I/mediaextractor(  285): type=1400 audit(0.0:311): avc: denied { sendto } for path="/dev/socket/logdw" scontext=u:r:mediaextractor:s0 tcontext=u:r:init:s0 tclass=unix_dgram_socket permissive=1
05-30 03:44:53.172 I/wpa_supplicant(  804): type=1400 audit(0.0:312): avc: denied { sendto } for path="/dev/socket/logdw" scontext=u:r:wpa:s0 tcontext=u:r:init:s0 tclass=unix_dgram_socket permissive=1
05-30 03:44:53.172 I/rild    (  291): type=1400 audit(0.0:313): avc: denied { accept } for path="/dev/socket/rild" scontext=u:r:rild:s0 tcontext=u:r:init:s0 tclass=unix_stream_socket permissive=1
05-30 03:44:53.172 I/rild    (  291): type=1400 audit(0.0:314): avc: denied { getopt } for path="/dev/socket/rild" scontext=u:r:rild:s0 tcontext=u:r:init:s0 tclass=unix_stream_socket permissive=1
05-30 03:44:53.172 I/rild    (  291): type=1400 audit(0.0:315): avc: denied { sendto } for path="/dev/socket/logdw" scontext=u:r:rild:s0 tcontext=u:r:init:s0 tclass=unix_dgram_socket permissive=1
05-30 03:44:53.172 I/rild    (  291): type=1400 audit(0.0:316): avc: denied { write } for path="socket:[12995]" dev="sockfs" ino=12995 scontext=u:r:rild:s0 tcontext=u:r:init:s0 tclass=unix_stream_socket permissive=1
05-30 03:44:53.172 I/rild    (  291): type=1400 audit(0.0:317): avc: denied { read } for path="socket:[12995]" dev="sockfs" ino=12995 scontext=u:r:rild:s0 tcontext=u:r:init:s0 tclass=unix_stream_socket permissive=1
05-30 03:44:53.173 W/System  (  593): ClassLoader referenced unknown path: /system/priv-app/FusedLocation/lib/x86_64
05-30 03:44:53.174 I/wpa_supplicant(  804): Successfully initialized wpa_supplicant
05-30 03:44:53.260 I/wpa_supplicant(  804): type=1400 audit(0.0:318): avc: denied { getopt } for path="/dev/socket/wpa_wlan0" scontext=u:r:wpa:s0 tcontext=u:r:init:s0 tclass=unix_dgram_socket permissive=1
05-30 03:44:53.260 I/wpa_supplicant(  804): type=1400 audit(0.0:319): avc: denied { ioctl } for path="socket:[12947]" dev="sockfs" ino=12947 ioctlcmd=5411 scontext=u:r:wpa:s0 tcontext=u:r:init:s0 tclass=unix_dgram_socket permissive=1
05-30 03:44:53.260 I/wpa_supplicant(  804): type=1400 audit(0.0:320): avc: denied { sendto } for path="/data/misc/wifi/sockets/wpa_ctrl_593-2" scontext=u:r:init:s0 tcontext=u:r:system_server:s0 tclass=unix_dgram_socket permissive=1
05-30 03:44:53.264 E/wpa_supplicant(  804): global ctrl interface @android:wpa_wlan0 matches ctrl interface wlan0 - do not open per-interface ctrl interface
05-30 03:44:53.333 W/WifiNetworkHistory(  593): Upgrading network 0 to android.uid.system:1000
05-30 03:44:53.333 E/IpConfigStore(  593): Error parsing configuration: java.io.FileNotFoundException: /data/misc/wifi/ipconfig.txt (No such file or directory)
05-30 03:44:53.335 I/WifiConnectivityManager(  593): PNO settings: min5GHzRssi -82 min24GHzRssi -85 currentConnectionBonus 16 sameNetworkBonus 24 secureNetworkBonus 80 initialScoreMax 100
05-30 03:44:53.335 I/WifiConnectivityManager(  593): ConnectivityScanManager initialized 
05-30 03:44:53.335 E/WifiLogger(  593): no ring buffers found
05-30 03:44:53.335 E/WifiLogger(  593): Failed to start packet fate monitoring
05-30 03:44:53.336 I/WifiConnectivityManager(  593): Set WiFi enabled
05-30 03:44:53.336 I/WifiConnectivityManager(  593): scheduleWatchdogTimer
05-30 03:44:53.336 W/AlarmManager(  593): Unrecognized alarm listener com.android.server.wifi.WifiConnectivityManager$3@df0c832
05-30 03:44:53.336 E/WifiScanner(  593): listener cannot be found
05-30 03:44:53.336 E/BatteryStatsService(  593): no controller energy info supplied
05-30 03:44:53.337 E/WifiConnectivityManager(  593): SingleScanListener onFailure: reason: -1 description: not available
05-30 03:44:53.337 E/BatteryStatsService(  593): no controller energy info supplied
05-30 03:44:53.340 I/Binder:274_2(  311): type=1400 audit(0.0:321): avc: denied { sendto } for path="/dev/socket/logdw" scontext=u:r:surfaceflinger:s0 tcontext=u:r:init:s0 tclass=unix_dgram_socket permissive=1
05-30 03:44:53.345 W/WindowManager(  593): Keyguard drawn timeout. Setting mKeyguardDrawComplete
05-30 03:44:53.351 W/VibratorService(  593): Tried to stop vibrating but there is no vibrator device.
05-30 03:44:53.408 I/SyncManager(  593): Got SyncJobService instance.
05-30 03:44:53.410 E/ActivityThread(  593): Failed to find provider info for com.android.calendar
05-30 03:44:53.411 E/ActivityThread(  593): Failed to find provider info for com.android.calendar
05-30 03:44:53.419 I/Telecom (  593): WiredHeadsetManager: ACTION_HEADSET_PLUG event, plugged in: false, : WHC.oADA@AAE
05-30 03:44:53.486 I/ActivityManager(  593): user 0 is still locked. Cannot load recents
05-30 03:44:53.491 I/DefaultPermGrantPolicy(  593): Granting permissions to default dialer app for user:0
05-30 03:44:53.491 I/Telecom (  593): PhoneAccountRegistrar: SimCallManager queried, returning: null: TSI.gSCM@AAM
05-30 03:44:53.492 I/WifiScanningService(  593): wifi driver loaded with scan capabilities: max buckets=16
05-30 03:44:53.497 I/FusedLocation(  593): engine started (com.android.location.fused)
05-30 03:44:53.568 W/ContextImpl(  750): Calling a method in the system process without a qualified user: android.app.ContextImpl.startService:1385 android.content.ContextWrapper.startService:613 com.genymobile.webrtcd.WebrtcdApp.onCreate:19 android.app.Instrumentation.callApplicationOnCreate:1024 android.app.ActivityThread.handleBindApplication:5361 
05-30 03:44:53.572 I/Webrtcd.Service(  750): Received start id 1: Intent { cmp=com.genymobile.webrtcd/.LifecycleService }
05-30 03:44:53.572 I/Webrtcd.Service(  750): Starting server
05-30 03:44:53.579 E/BluetoothAdapter(  735): Bluetooth binder is null
05-30 03:44:53.585 E/ActivityThread(  735): Failed to find provider info for com.android.contacts
05-30 03:44:53.585 W/CallerInfoCache(  735): cursor is null
05-30 03:44:53.653 I/FFMPEG  (  285): Input #0, ogg, from 'android-source:0xf0ddc000':
05-30 03:44:53.653 I/FFMPEG  (  285):   Duration: 00:00:00.09, start: 0.000000, bitrate: 437 kb/s
05-30 03:44:53.654 I/FFMPEG  (  285):     Stream #0:0: Audio: vorbis, 48000 Hz, stereo, fltp, 96 kb/s
05-30 03:44:53.654 I/FFmpegExtractor(  285): FFmpegExtrator, url: android-source:0xf0ddc000, format_name: ogg, format_long_name: Ogg
05-30 03:44:53.654 I/FFmpegExtractor(  285): list the formats suppoted by ffmpeg: 
05-30 03:44:53.654 I/FFmpegExtractor(  285): ========================================
05-30 03:44:53.654 I/FFmpegExtractor(  285): ========================================
05-30 03:44:53.654 I/FFmpegExtractor(  285): adjust mime(application/ogg -> audio/vorbis)
05-30 03:44:53.654 I/FFmpegExtractor(  285): sniff through BetterSniffFFMPEG success
05-30 03:44:53.656 I/mediaserver(  286): type=1400 audit(0.0:322): avc: denied { sendto } for path="/dev/socket/logdw" scontext=u:r:mediaserver:s0 tcontext=u:r:init:s0 tclass=unix_dgram_socket permissive=1
05-30 03:44:53.656 I/MediaPlayerService(  286): MediaPlayerService::getOMX
05-30 03:44:53.659 I/OMXClient(  286): MuxOMX ctor
05-30 03:44:53.660 I/mediacodec(  283): type=1400 audit(0.0:323): avc: denied { sendto } for path="/dev/socket/logdw" scontext=u:r:mediacodec:s0 tcontext=u:r:init:s0 tclass=unix_dgram_socket permissive=1
05-30 03:44:53.660 I/MediaPlayerService(  286): MediaPlayerService::getOMX
05-30 03:44:53.660 I/OMXClient(  286): MuxOMX ctor
05-30 03:44:53.660 I/OMXMaster(  283): makeComponentInstance(OMX.google.mp3.decoder) in mediacodec process
05-30 03:44:53.664 I/OpenGLRenderer(  767): Initialized EGL, version 1.4
05-30 03:44:53.730 I/Telephony(  735): TtyManager: updateUiTtyMode -1 -> 0
05-30 03:44:53.732 I/genybaseband(  294): type=1400 audit(0.0:324): avc: denied { read } for path="socket:[9048]" dev="sockfs" ino=9048 scontext=u:r:logwrapper:s0 tcontext=u:r:init:s0 tclass=unix_stream_socket permissive=1
05-30 03:44:53.732 I/genybaseband(  294): type=1400 audit(0.0:325): avc: denied { sendto } for path="/dev/socket/logdw" scontext=u:r:logwrapper:s0 tcontext=u:r:init:s0 tclass=unix_dgram_socket permissive=1
05-30 03:44:53.732 I/genybaseband(  294): type=1400 audit(0.0:326): avc: denied { write } for path="socket:[9046]" dev="sockfs" ino=9046 scontext=u:r:logwrapper:s0 tcontext=u:r:logwrapper:s0 tclass=tcp_socket permissive=1
05-30 03:44:53.732 I/genybaseband(  294): type=1400 audit(0.0:327): avc: denied { read } for path="socket:[9046]" dev="sockfs" ino=9046 scontext=u:r:logwrapper:s0 tcontext=u:r:logwrapper:s0 tclass=tcp_socket permissive=1
05-30 03:44:53.732 I/genybaseband(  849): type=1400 audit(0.0:328): avc: denied { write } for path="socket:[9048]" dev="sockfs" ino=9048 scontext=u:r:logwrapper:s0 tcontext=u:r:init:s0 tclass=unix_stream_socket permissive=1
05-30 03:44:53.808 I/ymobile.webrtcd(  750): type=1400 audit(0.0:329): avc: denied { read } for name="u:object_r:god_prop:s0" dev="tmpfs" ino=1116 scontext=u:r:system_app:s0 tcontext=u:object_r:god_prop:s0 tclass=file permissive=1
05-30 03:44:53.808 I/ymobile.webrtcd(  750): type=1400 audit(0.0:330): avc: denied { open } for path="/dev/__properties__/u:object_r:god_prop:s0" dev="tmpfs" ino=1116 scontext=u:r:system_app:s0 tcontext=u:object_r:god_prop:s0 tclass=file permissive=1
05-30 03:44:53.812 I/GnssLocationProvider(  593): WakeLock acquired by sendMessage(12, 0, null)
05-30 03:44:53.815 I/GnssLocationProvider(  593): WakeLock released by handleMessage(12, 0, null)
05-30 03:44:53.899 I/ActivityManager(  593): Start proc 852:com.android.cellbroadcastreceiver/u0a4 for broadcast com.android.cellbroadcastreceiver/.CellBroadcastReceiver
05-30 03:44:53.900 I/SystemServiceManager(  593): Starting phase 1000
05-30 03:44:53.976 W/art     (  852): Unexpected CPU variant for X86 using defaults: x86_64
05-30 03:44:53.976 W/ActivityManager(  593): Slow operation: 76ms so far, now at startProcess: returned from zygote!
05-30 03:44:53.976 W/ActivityManager(  593): Slow operation: 76ms so far, now at startProcess: done updating battery stats
05-30 03:44:53.976 W/ActivityManager(  593): Slow operation: 76ms so far, now at startProcess: building log message
05-30 03:44:53.976 I/ActivityManager(  593): Start proc 860:android.ext.services/u0a12 for on-hold
05-30 03:44:53.976 W/ActivityManager(  593): Slow operation: 76ms so far, now at startProcess: starting to update pids map
05-30 03:44:53.976 W/ActivityManager(  593): Slow operation: 76ms so far, now at startProcess: done updating pids map
05-30 03:44:54.126 W/art     (  860): Unexpected CPU variant for X86 using defaults: x86_64
05-30 03:44:54.129 I/MediaPlayerService(  286): MediaPlayerService::getOMX
05-30 03:44:54.129 I/OMXClient(  286): MuxOMX ctor
05-30 03:44:54.129 I/OMXMaster(  283): makeComponentInstance(OMX.google.amrnb.decoder) in mediacodec process
05-30 03:44:54.212 I/lmkd    (  255): type=1400 audit(0.0:342): avc: denied { read } for path="socket:[12511]" dev="sockfs" ino=12511 scontext=u:r:lmkd:s0 tcontext=u:r:init:s0 tclass=unix_stream_socket permissive=1
05-30 03:44:54.213 I/MediaPlayerService(  286): MediaPlayerService::getOMX
05-30 03:44:54.213 I/OMXClient(  286): MuxOMX ctor
05-30 03:44:54.213 I/OMXMaster(  283): makeComponentInstance(OMX.google.amrwb.decoder) in mediacodec process
05-30 03:44:54.216 I/ActivityManager(  593): Displayed com.android.settings/.FallbackHome: +1s719ms
05-30 03:44:54.292 W/KeyguardServiceDelegate(  593): onScreenTurningOn(): no keyguard service!
05-30 03:44:54.365 W/System  (  860): ClassLoader referenced unknown path: /system/priv-app/ExtServices/lib/x86_64
05-30 03:44:54.371 I/MediaPlayerService(  286): MediaPlayerService::getOMX
05-30 03:44:54.371 I/OMXClient(  286): MuxOMX ctor
05-30 03:44:54.371 I/OMXMaster(  283): makeComponentInstance(OMX.google.aac.decoder) in mediacodec process
05-30 03:44:54.448 I/rild    (  291): type=1400 audit(0.0:343): avc: denied { sendto } for path="/dev/socket/logdw" scontext=u:r:rild:s0 tcontext=u:r:init:s0 tclass=unix_dgram_socket permissive=1
05-30 03:44:54.448 I/genybaseband(  294): type=1400 audit(0.0:344): avc: denied { sendto } for path="/dev/socket/logdw" scontext=u:r:logwrapper:s0 tcontext=u:r:init:s0 tclass=unix_dgram_socket permissive=1
05-30 03:44:54.453 W/InputAttributes(  667): No editor info for this field. Bug?
05-30 03:44:54.453 I/MediaPlayerService(  286): MediaPlayerService::getOMX
05-30 03:44:54.454 I/OMXClient(  286): MuxOMX ctor
05-30 03:44:54.454 I/OMXMaster(  283): makeComponentInstance(OMX.google.g711.alaw.decoder) in mediacodec process
05-30 03:44:54.458 E/PhoneInterfaceManager(  735): [PhoneIntfMgr] getIccId: No UICC
05-30 03:44:54.526 W/WindowManager(  593): App freeze timeout expired.
05-30 03:44:54.527 W/System  (  852): ClassLoader referenced unknown path: /system/priv-app/CellBroadcastReceiver/lib/x86_64
05-30 03:44:54.536 I/Thread-2(  909): type=1400 audit(0.0:345): avc: denied { write } for name="token.js" dev="xvda7" ino=8120 scontext=u:r:system_app:s0 tcontext=u:object_r:system_data_file:s0 tclass=file permissive=1
05-30 03:44:54.611 I/Telecom (  593): PhoneAccountRegistrar: New phone account registered: [[ ] PhoneAccount: ComponentInfo{com.android.phone/com.android.services.telephony.TelephonyConnectionService}, [e0184adedf913b076626646d3f52c3b49c39ad6d], UserHandle{0} Capabilities: CallProvider MultiUser PlaceEmerg SimSub  Schemes: tel voicemail  Extras: null]: TSI.rPA@AAU
05-30 03:44:54.616 I/main    (  275): type=1400 audit(0.0:346): avc: denied { getattr } for path="/sys/kernel/debug/tracing/trace_marker" dev="tracefs" ino=39 scontext=u:r:zygote:s0 tcontext=u:object_r:debugfs_tracing:s0 tclass=file permissive=1
05-30 03:44:54.620 I/Telecom (  593): : Sending phone-account registered intent as user: TSI.rPA@AAU
05-30 03:44:54.685 W/ActivityManager(  593): Slow operation: 67ms so far, now at startProcess: returned from zygote!
05-30 03:44:54.685 W/ActivityManager(  593): Slow operation: 67ms so far, now at startProcess: done updating battery stats
05-30 03:44:54.685 W/ActivityManager(  593): Slow operation: 67ms so far, now at startProcess: building log message
05-30 03:44:54.685 I/ActivityManager(  593): Start proc 914:com.android.deskclock/u0a38 for broadcast com.android.deskclock/.AlarmInitReceiver
05-30 03:44:54.685 W/ActivityManager(  593): Slow operation: 67ms so far, now at startProcess: starting to update pids map
05-30 03:44:54.685 W/ActivityManager(  593): Slow operation: 67ms so far, now at startProcess: done updating pids map
05-30 03:44:54.685 W/ActivityManager(  593): Slow operation: 67ms so far, now at startProcess: done starting proc!
05-30 03:44:54.688 I/main    (  914): type=1400 audit(0.0:347): avc: denied { write } for name="trace_marker" dev="tracefs" ino=39 scontext=u:r:zygote:s0 tcontext=u:object_r:debugfs_tracing:s0 tclass=file permissive=1
05-30 03:44:54.688 I/main    (  914): type=1400 audit(0.0:348): avc: denied { open } for path="/sys/kernel/debug/tracing/trace_marker" dev="tracefs" ino=39 scontext=u:r:zygote:s0 tcontext=u:object_r:debugfs_tracing:s0 tclass=file permissive=1
05-30 03:44:54.691 W/art     (  914): Unexpected CPU variant for X86 using defaults: x86_64
05-30 03:44:54.692 I/JDWP    (  923): type=1400 audit(0.0:349): avc: denied { connectto } for path=006A6477702D636F6E74726F6C scontext=u:r:untrusted_app:s0:c512,c768 tcontext=u:r:init:s0 tclass=unix_stream_socket permissive=1
05-30 03:44:54.693 I/Telephony(  735): AccountEntry: Registered phoneAccount: [[ ] PhoneAccount: ComponentInfo{com.android.phone/com.android.services.telephony.TelephonyConnectionService}, [e0184adedf913b076626646d3f52c3b49c39ad6d], UserHandle{0} Capabilities: CallProvider MultiUser PlaceEmerg SimSub  Schemes: tel voicemail  Extras: null] with handle: ComponentInfo{com.android.phone/com.android.services.telephony.TelephonyConnectionService}, [e0184adedf913b076626646d3f52c3b49c39ad6d], UserHandle{0}
05-30 03:44:54.695 I/Telephony(  735): PstnIncomingCallNotifier: Registering: Handler (com.android.internal.telephony.GsmCdmaPhone) {84b6e98}
05-30 03:44:54.698 I/Telephony(  735): TelecomAccountRegistry: Unregistering phone account ComponentInfo{com.android.phone/com.android.services.telephony.TelephonyConnectionService}, [5fef04621e9a9b41849c3df35e75799299008300], UserHandle{0}.
05-30 03:44:54.699 I/Telecom (  593): : Sending phone-account unregistered intent as user: TSI.uPA@AAc
05-30 03:44:54.700 I/GnssLocationProvider(  593): WakeLock acquired by sendMessage(12, 0, null)
05-30 03:44:54.700 I/GnssLocationProvider(  593): WakeLock released by handleMessage(12, 0, null)
05-30 03:44:54.701 W/FingerprintManager(  672): isFingerprintHardwareDetected(): Service not connected!
05-30 03:44:54.701 W/FingerprintManager(  672): addLockoutResetCallback(): Service not connected!
05-30 03:44:54.764 I/Binder:593_1(  604): type=1400 audit(0.0:350): avc: denied { sendto } for path="/dev/socket/logdw" scontext=u:r:system_server:s0 tcontext=u:r:init:s0 tclass=unix_dgram_socket permissive=1
05-30 03:44:54.765 I/WifiService(  593): WifiService trying to set country code to us with persist set to true
05-30 03:44:54.768 I/mediaserver(  286): type=1400 audit(0.0:351): avc: denied { sendto } for path="/dev/socket/logdw" scontext=u:r:mediaserver:s0 tcontext=u:r:init:s0 tclass=unix_dgram_socket permissive=1
05-30 03:44:54.768 I/Binder:283_1(  526): type=1400 audit(0.0:352): avc: denied { sendto } for path="/dev/socket/logdw" scontext=u:r:mediacodec:s0 tcontext=u:r:init:s0 tclass=unix_dgram_socket permissive=1
05-30 03:44:54.771 I/MediaPlayerService(  286): MediaPlayerService::getOMX
05-30 03:44:54.771 I/OMXClient(  286): MuxOMX ctor
05-30 03:44:54.771 I/OMXMaster(  283): makeComponentInstance(OMX.google.g711.mlaw.decoder) in mediacodec process
05-30 03:44:54.780 I/MediaPlayerService(  286): MediaPlayerService::getOMX
05-30 03:44:54.780 I/OMXClient(  286): MuxOMX ctor
05-30 03:44:54.780 I/OMXMaster(  283): makeComponentInstance(OMX.google.vorbis.decoder) in mediacodec process
05-30 03:44:54.854 W/System  (  914): ClassLoader referenced unknown path: /system/app/DeskClock/lib/x86_64
05-30 03:44:54.864 I/Telephony(  735): PstnIncomingCallNotifier: Unregistering: Handler (com.android.internal.telephony.GsmCdmaPhone) {84b6e98}
05-30 03:44:54.864 E/PhoneInterfaceManager(  735): [PhoneIntfMgr] getIccId: No UICC
05-30 03:44:54.928 I/org.webrtc.Logging(  750): EglBase14Impl: SDK version: 24. isEGL14Supported: true
05-30 03:44:54.928 I/org.webrtc.Logging(  750): EglBase14Impl: Using OpenGL ES version 2
05-30 03:44:54.938 I/BackupManagerService(  593): Found stale backup journal, scheduling
05-30 03:44:54.939 I/org.webrtc.Logging(  750): NativeLibrary: Loading native library: jingle_peerconnection_so
05-30 03:44:54.939 I/org.webrtc.Logging(  750): NativeLibrary: Loading library: jingle_peerconnection_so
05-30 03:44:54.939 I/MediaPlayerService(  286): MediaPlayerService::getOMX
05-30 03:44:54.939 I/OMXClient(  286): MuxOMX ctor
05-30 03:44:54.939 I/OMXMaster(  283): makeComponentInstance(OMX.google.gsm.decoder) in mediacodec process
05-30 03:44:55.007 E/WVMExtractor(  672): Failed to open libwvm.so: dlopen failed: library "libwvm.so" not found
05-30 03:44:55.008 I/Telecom (  593): PhoneAccountRegistrar: [ComponentInfo{com.android.phone/com.android.services.telephony.TelephonyConnectionService}, [e0184adedf913b076626646d3f52c3b49c39ad6d], UserHandle{0}(icon: Icon(typ=BITMAP size=19x24) -> Icon(typ=BITMAP size=19x24))]: TSI.rPA@AAo
05-30 03:44:55.008 I/Telecom (  593): : Sending phone-account registered intent as user: TSI.rPA@AAo
05-30 03:44:55.009 I/Telephony(  735): AccountEntry: Registered phoneAccount: [[ ] PhoneAccount: ComponentInfo{com.android.phone/com.android.services.telephony.TelephonyConnectionService}, [e0184adedf913b076626646d3f52c3b49c39ad6d], UserHandle{0} Capabilities: CallProvider MultiUser PlaceEmerg SimSub  Schemes: tel voicemail  Extras: null] with handle: ComponentInfo{com.android.phone/com.android.services.telephony.TelephonyConnectionService}, [e0184adedf913b076626646d3f52c3b49c39ad6d], UserHandle{0}
05-30 03:44:55.009 I/Telephony(  735): PstnIncomingCallNotifier: Registering: Handler (com.android.internal.telephony.GsmCdmaPhone) {84b6e98}
05-30 03:44:55.009 I/BackupManagerService(  593): Backup enabled => false
05-30 03:44:55.084 I/mediaextractor(  285): type=1400 audit(0.0:353): avc: denied { sendto } for path="/dev/socket/logdw" scontext=u:r:mediaextractor:s0 tcontext=u:r:init:s0 tclass=unix_dgram_socket permissive=1
05-30 03:44:55.086 I/FFmpegExtractor(  285): android-source:0xf0ddca00
05-30 03:44:55.088 I/FFMPEG  (  285): Input #0, ogg, from 'android-source:0xf0ddca00':
05-30 03:44:55.088 I/FFMPEG  (  285):   Duration: 00:00:00.23, start: 0.000000, bitrate: 293 kb/s
05-30 03:44:55.088 I/FFMPEG  (  285):     Stream #0:0: Audio: vorbis, 44100 Hz, stereo, fltp, 160 kb/s
05-30 03:44:55.088 I/FFmpegExtractor(  285): FFmpegExtrator, url: android-source:0xf0ddca00, format_name: ogg, format_long_name: Ogg
05-30 03:44:55.088 I/FFmpegExtractor(  285): list the formats suppoted by ffmpeg: 
05-30 03:44:55.088 I/FFmpegExtractor(  285): ========================================
05-30 03:44:55.088 I/FFmpegExtractor(  285): ========================================
05-30 03:44:55.088 I/FFmpegExtractor(  285): adjust mime(application/ogg -> audio/vorbis)
05-30 03:44:55.088 I/FFmpegExtractor(  285): sniff through BetterSniffFFMPEG success
05-30 03:44:55.090 W/VoiceInteractionManagerService(  593): no available voice interaction services found for user 0
05-30 03:44:55.090 W/VoiceInteractionManagerService(  593): no available voice recognition services found for user 0
05-30 03:44:55.100 I/id.printspoole(  948): type=1400 audit(0.0:354): avc: denied { sendto } for path="/dev/socket/logdw" scontext=u:r:untrusted_app:s0:c512,c768 tcontext=u:r:init:s0 tclass=unix_dgram_socket permissive=1
05-30 03:44:55.101 I/ActivityManager(  593): Start proc 948:com.android.printspooler/u0a56 for service com.android.printspooler/.model.PrintSpoolerService
05-30 03:44:55.101 I/ActivityManager(  593): Loading recents for user 0 into memory.
05-30 03:44:55.101 W/art     (  948): Unexpected CPU variant for X86 using defaults: x86_64
05-30 03:44:55.102 I/org.webrtc.Logging(  750): PeerConnectionFactory: PeerConnectionFactory was initialized without an injected Loggable. Any existing Loggable will be deleted.
05-30 03:44:55.175 I/org.webrtc.Logging(  750): WebRtcAudioManagerExternal: Sample rate is set to 44100 Hz
05-30 03:44:55.175 I/org.webrtc.Logging(  750): WebRtcAudioManagerExternal: Sample rate is set to 44100 Hz
05-30 03:44:55.175 I/org.webrtc.Logging(  750): JavaAudioDeviceModule: createAudioDeviceModule
05-30 03:44:55.175 I/org.webrtc.Logging(  750): JavaAudioDeviceModule: HW NS will not be used.
05-30 03:44:55.175 I/org.webrtc.Logging(  750): JavaAudioDeviceModule: HW AEC will not be used.
05-30 03:44:55.176 I/n.systempatche(  958): type=1400 audit(0.0:355): avc: denied { sendto } for path="/dev/socket/logdw" scontext=u:r:system_app:s0 tcontext=u:r:init:s0 tclass=unix_dgram_socket permissive=1
05-30 03:44:55.176 I/org.webrtc.Logging(  750): WebRtcAudioEffectsExternal: ctor@[name=Thread-2, id=36]
05-30 03:44:55.176 I/org.webrtc.Logging(  750): WebRtcAudioRecordExternal: ctor@[name=Thread-2, id=36]
05-30 03:44:55.176 I/org.webrtc.Logging(  750): WebRtcAudioTrackExternal: ctor@[name=Thread-2, id=36]
05-30 03:44:55.178 W/art     (  958): Unexpected CPU variant for X86 using defaults: x86_64
05-30 03:44:55.179 I/ActivityManager(  593): Start proc 958:com.genymotion.systempatcher/1000 for added application com.genymotion.systempatcher
05-30 03:44:55.180 I/JDWP    (  963): type=1400 audit(0.0:356): avc: denied { connectto } for path=006A6477702D636F6E74726F6C scontext=u:r:untrusted_app:s0:c512,c768 tcontext=u:r:init:s0 tclass=unix_stream_socket permissive=1
05-30 03:44:55.180 I/RILReceiver0(  817): type=1400 audit(0.0:357): avc: denied { sendto } for path="/dev/socket/logdw" scontext=u:r:radio:s0 tcontext=u:r:init:s0 tclass=unix_dgram_socket permissive=1
05-30 03:44:55.180 I/Binder:277_1(  562): type=1400 audit(0.0:358): avc: denied { sendto } for path="/dev/socket/logdw" scontext=u:r:audioserver:s0 tcontext=u:r:init:s0 tclass=unix_dgram_socket permissive=1
05-30 03:44:55.183 I/MediaPlayerService(  286): MediaPlayerService::getOMX
05-30 03:44:55.183 I/OMXClient(  286): MuxOMX ctor
05-30 03:44:55.183 I/OMXMaster(  283): makeComponentInstance(OMX.google.opus.decoder) in mediacodec process
05-30 03:44:55.250 W/art     (  995): Unexpected CPU variant for X86 using defaults: x86_64
05-30 03:44:55.326 W/ActivityManager(  593): Slow operation: 147ms so far, now at startProcess: returned from zygote!
05-30 03:44:55.326 W/ActivityManager(  593): Slow operation: 147ms so far, now at startProcess: done updating battery stats
05-30 03:44:55.326 W/ActivityManager(  593): Slow operation: 147ms so far, now at startProcess: building log message
05-30 03:44:55.326 I/ActivityManager(  593): Start proc 995:com.genymotion.genyd/1000 for added application com.genymotion.genyd
05-30 03:44:55.326 W/ActivityManager(  593): Slow operation: 147ms so far, now at startProcess: starting to update pids map
05-30 03:44:55.326 W/ActivityManager(  593): Slow operation: 147ms so far, now at startProcess: done updating pids map
05-30 03:44:55.327 W/art     (  593): Long monitor contention with owner ActivityManager (607) at void com.android.server.am.ActivityManagerService.startPersistentApps(int)(ActivityManagerService.java:11413) waiters=1 in int com.android.server.am.ActivityManagerService.broadcastIntent(android.app.IApplicationThread, android.content.Intent, java.lang.String, android.content.IIntentReceiver, int, java.lang.String, android.os.Bundle, java.lang.String[], int, android.os.Bundle, boolean, boolean, int) for 154ms
05-30 03:44:55.327 W/art     (  593): Long monitor contention with owner ActivityManager (607) at void com.android.server.am.ActivityManagerService.startPersistentApps(int)(ActivityManagerService.java:11413) waiters=3 in void com.android.server.am.ActivityManagerService.attachApplication(android.app.IApplicationThread) for 148ms
05-30 03:44:55.328 I/Thread-2( 1025): type=1400 audit(0.0:359): avc: denied { write } for name="audio_out" dev="tmpfs" ino=9318 scontext=u:r:system_app:s0 tcontext=u:object_r:socket_device:s0 tclass=sock_file permissive=1
05-30 03:44:55.328 I/audioserver(  555): type=1400 audit(0.0:360): avc: denied { getopt } for path="/dev/socket/audio_out" scontext=u:r:audioserver:s0 tcontext=u:r:init:s0 tclass=unix_stream_socket permissive=1
05-30 03:44:55.328 I/audioserver(  555): type=1400 audit(0.0:361): avc: denied { setopt } for path="/dev/socket/audio_out" scontext=u:r:audioserver:s0 tcontext=u:r:init:s0 tclass=unix_stream_socket permissive=1
05-30 03:44:55.329 I/genymotion_audio(  277): pcm server connected
05-30 03:44:55.329 I/genymotion_audio(  277): pcm server starting
05-30 03:44:55.336 I/wpa_supplicant(  804): type=1400 audit(0.0:362): avc: denied { read } for path="/dev/socket/wpa_wlan0" scontext=u:r:wpa:s0 tcontext=u:r:init:s0 tclass=unix_dgram_socket permissive=1
05-30 03:44:55.336 I/wpa_supplicant(  804): type=1400 audit(0.0:363): avc: denied { getopt } for path="/dev/socket/wpa_wlan0" scontext=u:r:wpa:s0 tcontext=u:r:init:s0 tclass=unix_dgram_socket permissive=1
05-30 03:44:55.336 I/wpa_supplicant(  804): type=1400 audit(0.0:364): avc: denied { ioctl } for path="socket:[12947]" dev="sockfs" ino=12947 ioctlcmd=5411 scontext=u:r:wpa:s0 tcontext=u:r:init:s0 tclass=unix_dgram_socket permissive=1
05-30 03:44:55.336 I/wpa_supplicant(  804): type=1400 audit(0.0:365): avc: denied { write } for path="/dev/socket/wpa_wlan0" scontext=u:r:wpa:s0 tcontext=u:r:init:s0 tclass=unix_dgram_socket permissive=1
05-30 03:44:55.336 W/System  (  958): ClassLoader referenced unknown path: /system/app/SystemPatcher/lib/x86_64
05-30 03:44:55.337 W/System  (  995): ClassLoader referenced unknown path: /system/app/GenydService/lib/x86_64
05-30 03:44:55.406 W/WindowManager(  593): Keyguard drawn timeout. Setting mKeyguardDrawComplete
05-30 03:44:55.413 W/ContextImpl(  995): Calling a method in the system process without a qualified user: android.app.ContextImpl.startService:1385 android.content.ContextWrapper.startService:613 com.genymotion.genyd.GenydServiceApp.onCreate:16 android.app.Instrumentation.callApplicationOnCreate:1024 android.app.ActivityThread.handleBindApplication:5361 
05-30 03:44:55.414 I/SystemPatcherService(  958): Starting up
05-30 03:44:55.415 I/ActivityManager(  593): START u0 {act=android.intent.action.MAIN cat=[android.intent.category.HOME] flg=0x10000100 cmp=com.android.launcher3/.Launcher} from uid 0 on display 0
05-30 03:44:55.493 I/MediaPlayerService(  286): MediaPlayerService::getOMX
05-30 03:44:55.493 I/OMXClient(  286): MuxOMX ctor
05-30 03:44:55.493 I/OMXMaster(  283): makeComponentInstance(OMX.google.raw.decoder) in mediacodec process
05-30 03:44:55.504 I/servicemanager(  257): type=1400 audit(0.0:366): avc: denied { sendto } for path="/dev/socket/logdw" scontext=u:r:servicemanager:s0 tcontext=u:r:init:s0 tclass=unix_dgram_socket permissive=1
05-30 03:44:55.504 I/AccountManagerService(  593): User 0 is unlocked - opening CE database
