05-30 03:44:39.961 W/Resources(  275): Preloaded drawable resource #0x1080344 (android:drawable/ic_go) that varies with configuration!!
05-30 03:44:39.997 W/Resources(  275): Preloaded drawable resource #0x1080038 (android:drawable/ic_menu_close_clear_cancel) that varies with configuration!!
05-30 03:44:39.997 W/Resources(  275): Preloaded drawable resource #0x1080045 (android:drawable/ic_menu_more) that varies with configuration!!
05-30 03:44:39.998 W/Resources(  276): Preloaded drawable resource #0x1080038 (android:drawable/ic_menu_close_clear_cancel) that varies with configuration!!
05-30 03:44:39.998 W/Resources(  276): Preloaded drawable resource #0x1080045 (android:drawable/ic_menu_more) that varies with configuration!!
05-30 03:44:40.000 W/Resources(  275): Preloaded drawable resource #0x10804d2 (android:drawable/menu_background_fill_parent_width) that varies with configuration!!
05-30 03:44:40.000 W/Resources(  276): Preloaded drawable resource #0x10804d2 (android:drawable/menu_background_fill_parent_width) that varies with configuration!!
05-30 03:44:40.019 W/Resources(  276): Preloaded drawable resource #0x1080765 (android:drawable/text_edit_paste_window) that varies with configuration!!
05-30 03:44:40.019 W/Resources(  275): Preloaded drawable resource #0x1080765 (android:drawable/text_edit_paste_window) that varies with configuration!!
05-30 03:44:40.021 W/Resources(  276): Preloaded drawable resource #0x1080096 (android:drawable/toast_frame) that varies with configuration!!
05-30 03:44:40.021 I/Zygote  (  276): ...preloaded 114 resources in 359ms.
05-30 03:44:40.021 W/Resources(  275): Preloaded drawable resource #0x1080096 (android:drawable/toast_frame) that varies with configuration!!
05-30 03:44:40.021 I/Zygote  (  275): ...preloaded 114 resources in 358ms.
05-30 03:44:40.021 I/Zygote  (  276): ...preloaded 41 resources in 1ms.
05-30 03:44:40.022 I/Zygote  (  275): ...preloaded 41 resources in 1ms.
05-30 03:44:40.022 E/libEGL  (  275): load_driver(/vendor/lib64/egl/libGLES_swiftshader.so): dlopen failed: library "/vendor/lib64/egl/libGLES_swiftshader.so" not found
05-30 03:44:40.031 I/Zygote  (  275): Preloading shared libraries...
05-30 03:44:40.051 E/libEGL  (  276): load_driver(/vendor/lib/egl/libGLES_swiftshader.so): dlopen failed: library "/vendor/lib/egl/libGLES_swiftshader.so" not found
05-30 03:44:40.127 I/Zygote  (  275): Uninstalled ICU cache reference pinning...
05-30 03:44:40.132 I/Zygote  (  275): Installed AndroidKeyStoreProvider in 6ms.
05-30 03:44:40.137 I/Zygote  (  275): Warmed up JCA providers in 4ms.
05-30 03:44:40.137 I/art     (  275): Waiting for a blocking GC Explicit
05-30 03:44:40.137 I/art     (  275): Starting a blocking GC Explicit
05-30 03:44:40.140 I/art     (  275): Explicit concurrent mark sweep GC freed 2667(128KB) AllocSpace objects, 0(0B) LOS objects, 40% free, 2MB/3MB, paused 23us total 2.250ms
05-30 03:44:40.140 I/art     (  275): Starting a blocking GC Explicit
05-30 03:44:40.143 I/art     (  275): Explicit concurrent mark sweep GC freed 53(1832B) AllocSpace objects, 0(0B) LOS objects, 40% free, 2MB/3MB, paused 22us total 3.376ms
05-30 03:44:40.152 I/art     (  275): Starting a blocking GC HeapTrim
05-30 03:44:40.154 I/art     (  275): Starting a blocking GC Background
05-30 03:44:40.160 I/main    (  275): type=1400 audit(0.0:245): avc: denied { getattr } for path="/sys/kernel/debug/tracing/trace_marker" dev="tracefs" ino=39 scontext=u:r:zygote:s0 tcontext=u:object_r:debugfs_tracing:s0 tclass=file permissive=1
05-30 03:44:40.160 I/main    (  275): type=1400 audit(0.0:246): avc: denied { getattr } for path="socket:[9334]" dev="sockfs" ino=9334 scontext=u:r:zygote:s0 tcontext=u:r:init:s0 tclass=unix_stream_socket permissive=1
05-30 03:44:40.163 I/Zygote  (  275): System server process 593 has been created
05-30 03:44:40.164 I/Zygote  (  275): Accepting command socket connections
05-30 03:44:41.154 I/Zygote  (  276): Preloading shared libraries...
05-30 03:44:41.252 I/Zygote  (  276): Uninstalled ICU cache reference pinning...
05-30 03:44:41.288 I/Zygote  (  276): Installed AndroidKeyStoreProvider in 36ms.
05-30 03:44:41.291 I/Zygote  (  276): Warmed up JCA providers in 4ms.
05-30 03:44:41.291 I/art     (  276): Starting a blocking GC Explicit
05-30 03:44:41.295 I/art     (  276): Explicit concurrent mark sweep GC freed 8078(449KB) AllocSpace objects, 0(0B) LOS objects, 39% free, 2MB/4MB, paused 37us total 4.104ms
05-30 03:44:41.296 I/art     (  276): Starting a blocking GC Explicit
05-30 03:44:41.299 I/art     (  276): Explicit concurrent mark sweep GC freed 1870(84KB) AllocSpace objects, 0(0B) LOS objects, 39% free, 2MB/3MB, paused 33us total 3.107ms
05-30 03:44:41.308 I/main    (  276): type=1400 audit(0.0:247): avc: denied { accept } for path="/dev/socket/zygote_secondary" scontext=u:r:zygote:s0 tcontext=u:r:init:s0 tclass=unix_stream_socket permissive=1
05-30 03:44:41.308 I/main    (  276): type=1400 audit(0.0:248): avc: denied { getopt } for path="/dev/socket/zygote_secondary" scontext=u:r:zygote:s0 tcontext=u:r:init:s0 tclass=unix_stream_socket permissive=1
05-30 03:44:41.308 I/main    (  276): type=1400 audit(0.0:249): avc: denied { setopt } for path="/dev/socket/zygote_secondary" scontext=u:r:zygote:s0 tcontext=u:r:init:s0 tclass=unix_stream_socket permissive=1
05-30 03:44:41.308 I/main    (  276): type=1400 audit(0.0:250): avc: denied { read } for path="/dev/socket/zygote_secondary" scontext=u:r:zygote:s0 tcontext=u:r:init:s0 tclass=unix_stream_socket permissive=1
05-30 03:44:41.308 I/main    (  276): type=1400 audit(0.0:251): avc: denied { write } for path="/dev/socket/zygote_secondary" scontext=u:r:zygote:s0 tcontext=u:r:init:s0 tclass=unix_stream_socket permissive=1
05-30 03:44:41.308 I/Zygote  (  276): Accepting command socket connections
05-30 03:44:41.312 I/main    (  593): type=1400 audit(0.0:252): avc: denied { sendto } for path="/dev/socket/logdw" scontext=u:r:system_server:s0 tcontext=u:r:init:s0 tclass=unix_dgram_socket permissive=1
05-30 03:44:41.312 I/installd(  281): type=1400 audit(0.0:253): avc: denied { sendto } for path="/dev/socket/logdw" scontext=u:r:installd:s0 tcontext=u:r:init:s0 tclass=unix_dgram_socket permissive=1
05-30 03:44:41.312 I/installd(  281): type=1400 audit(0.0:254): avc: denied { read } for path="socket:[9066]" dev="sockfs" ino=9066 scontext=u:r:installd:s0 tcontext=u:r:init:s0 tclass=unix_stream_socket permissive=1
05-30 03:44:41.312 I/installd(  281): type=1400 audit(0.0:255): avc: denied { write } for path="socket:[9066]" dev="sockfs" ino=9066 scontext=u:r:installd:s0 tcontext=u:r:init:s0 tclass=unix_stream_socket permissive=1
05-30 03:44:41.315 I/Zygote  (  593): Process: zygote socket opened, supported ABIS: x86
05-30 03:44:41.315 I/InstallerConnection(  593): connecting...
05-30 03:44:41.315 I/        (  281): new connection
05-30 03:44:41.500 I/installd(  281): type=1400 audit(0.0:256): avc: denied { accept } for path="/dev/socket/installd" scontext=u:r:installd:s0 tcontext=u:r:init:s0 tclass=unix_stream_socket permissive=1
05-30 03:44:41.503 I/InstallerConnection(  593): disconnecting...
05-30 03:44:41.503 E/        (  281): eof
05-30 03:44:41.503 E/        (  281): failed to read size
05-30 03:44:41.503 I/        (  281): closing connection
05-30 03:44:42.116 I/SystemServer(  593): Entered the Android system server!
05-30 03:44:43.470 I/SystemServiceManager(  593): Starting com.android.server.pm.Installer
05-30 03:44:43.597 I/Installer(  593): Waiting for installd to be ready.
05-30 03:44:43.597 I/InstallerConnection(  593): connecting...
05-30 03:44:43.597 I/        (  281): new connection
05-30 03:44:43.597 I/SystemServiceManager(  593): Starting com.android.server.am.ActivityManagerService$Lifecycle
05-30 03:44:44.052 I/ActivityManager(  593): Memory class: 192
05-30 03:44:44.055 I/ServiceThread(  593): Enabled StrictMode logging for ActivityManager looper.
05-30 03:44:44.057 I/ServiceThread(  593): Enabled StrictMode logging for android.ui looper.
05-30 03:44:44.349 I/IntentFirewall(  593): Read new rules (A:0 B:0 S:0)
05-30 03:44:44.356 I/ServiceThread(  593): Enabled StrictMode logging for android.display looper.
05-30 03:44:44.439 I/SystemServiceManager(  593): Starting com.android.server.power.PowerManagerService
05-30 03:44:44.514 I/ServiceThread(  593): Enabled StrictMode logging for PowerManagerService looper.
05-30 03:44:44.515 W/libsuspend(  593): Error writing 'on' to /sys/power/state: Function not implemented
05-30 03:44:44.515 I/libsuspend(  593): Selected autosleep
05-30 03:44:44.517 I/SystemServiceManager(  593): Starting com.android.server.lights.LightsService
05-30 03:44:44.523 I/SystemServiceManager(  593): Starting com.android.server.display.DisplayManagerService
05-30 03:44:44.591 I/SystemServiceManager(  593): Starting phase 100
05-30 03:44:44.669 I/DisplayManagerService(  593): Display device added: DisplayDeviceInfo{"Built-in Screen": uniqueId="local:0", 600 x 1024, modeId 1, defaultModeId 1, supportedModes [{id=1, width=600, height=1024, fps=60.000004}], colorTransformId 1, defaultColorTransformId 1, supportedColorTransforms [{id=1, colorTransform=0}], HdrCapabilities android.view.Display$HdrCapabilities@305d97, density 160, 160.0 x 160.0 dpi, appVsyncOff 0, presDeadline 17666666, touch INTERNAL, rotation 0, type BUILT_IN, state UNKNOWN, FLAG_DEFAULT_DISPLAY, FLAG_ROTATES_WITH_CONTENT, FLAG_SECURE, FLAG_SUPPORTS_PROTECTED_BUFFERS}
05-30 03:44:44.684 I/surfaceflinger(  274): type=1400 audit(0.0:257): avc: denied { sendto } for path="/dev/socket/logdw" scontext=u:r:surfaceflinger:s0 tcontext=u:r:init:s0 tclass=unix_dgram_socket permissive=1
05-30 03:44:44.684 I/DisplayManagerService(  593): Display device changed state: "Built-in Screen", ON
05-30 03:44:44.684 I/SystemServer(  593): StartPackageManagerService
05-30 03:44:44.928 W/SystemConfig(  593): No directory /system/etc/sysconfig, skipping
05-30 03:44:45.144 E/art     (  593): DexFile_getDexOptNeeded file '/system/framework/org.apache.http.legacy.jar' does not exist
05-30 03:44:45.144 W/PackageManager(  593): Library not found: /system/framework/org.apache.http.legacy.jar
05-30 03:44:45.384 E/art     (  593): DexFile_getDexOptNeeded file '/system/framework/org.apache.http.legacy.jar' does not exist
05-30 03:44:45.384 W/PackageManager(  593): Library not found: /system/framework/org.apache.http.legacy.jar
05-30 03:44:45.400 W/PackageManager(  593): Failed to parse /system/framework/oat: Missing base APK in /system/framework/oat
05-30 03:44:45.401 W/PackageManager(  593): Failed to parse /system/framework/x86: Missing base APK in /system/framework/x86
05-30 03:44:45.401 W/PackageManager(  593): Failed to parse /system/framework/x86_64: Missing base APK in /system/framework/x86_64
05-30 03:44:45.472 W/PackageParser(  593): No actions in intent filter at /system/priv-app/Contacts/Contacts.apk Binary XML file line #403
05-30 03:44:45.528 W/PackageParser(  593): No actions in intent filter at /system/priv-app/Dialer/Dialer.apk Binary XML file line #185
05-30 03:44:45.555 W/PackageManager(  593): Permission android.permission.DOWNLOAD_WITHOUT_NOTIFICATION from package com.android.providers.downloads in an unknown group android.permission-group.NETWORK
05-30 03:44:45.605 W/PackageManager(  593): Permission com.android.launcher.permission.INSTALL_SHORTCUT from package com.android.launcher3 in an unknown group android.permission-group.SYSTEM_TOOLS
05-30 03:44:45.605 W/PackageManager(  593): Permission com.android.launcher3.permission.READ_SETTINGS from package com.android.launcher3 in an unknown group android.permission-group.SYSTEM_TOOLS
05-30 03:44:45.605 W/PackageManager(  593): Permission com.android.launcher3.permission.WRITE_SETTINGS from package com.android.launcher3 in an unknown group android.permission-group.SYSTEM_TOOLS
05-30 03:44:47.024 W/PackageParser(  593): Ignoring duplicate uses-permissions/uses-permissions-sdk-m: android.permission.USE_CREDENTIALS in package: com.android.settings at: Binary XML file line #53
05-30 03:44:47.024 W/PackageParser(  593): Ignoring duplicate uses-permissions/uses-permissions-sdk-m: android.permission.READ_SYNC_SETTINGS in package: com.android.settings at: Binary XML file line #58
05-30 03:44:47.024 W/PackageParser(  593): Ignoring duplicate uses-permissions/uses-permissions-sdk-m: android.permission.WRITE_SYNC_SETTINGS in package: com.android.settings at: Binary XML file line #59
05-30 03:44:47.171 W/PackageParser(  593): Ignoring duplicate uses-permissions/uses-permissions-sdk-m: android.permission.INSTALL_GRANT_RUNTIME_PERMISSIONS in package: com.android.shell at: Binary XML file line #102
05-30 03:44:47.935 W/PackageParser(  593): Ignoring duplicate uses-permissions/uses-permissions-sdk-m: android.permission.CONFIGURE_WIFI_DISPLAY in package: com.android.systemui at: Binary XML file line #123
05-30 03:44:48.980 W/PackageParser(  593): Ignoring duplicate uses-permissions/uses-permissions-sdk-m: android.permission.READ_CONTACTS in package: com.android.bluetooth at: Binary XML file line #61
05-30 03:44:48.980 W/PackageParser(  593): No actions in intent filter at /system/app/Bluetooth/Bluetooth.apk Binary XML file line #222
05-30 03:44:49.006 W/PackageManager(  593): Non-privileged app; cap priority to 0; package: com.android.calendar activity: com.android.calendar.GoogleCalendarUriIntentFilter origPrio: 50
05-30 03:44:49.049 W/PackageManager(  593): Non-privileged app; cap priority to 0; package: com.android.cts.ctsshim activity: com.android.cts.ctsshim.InstallPriority origPrio: 100
05-30 03:44:49.049 W/PackageManager(  593): Non-privileged app; cap priority to 0; package: com.android.cts.ctsshim activity: com.android.cts.ctsshim.InstallPriority origPrio: 100
05-30 03:44:49.049 W/PackageManager(  593): Non-privileged app; cap priority to 0; package: com.android.cts.ctsshim activity: com.android.cts.ctsshim.InstallPriority origPrio: 100
05-30 03:44:49.049 W/PackageManager(  593): Non-privileged app; cap priority to 0; package: com.android.cts.ctsshim activity: com.android.cts.ctsshim.InstallPriority origPrio: 100
05-30 03:44:49.049 W/PackageManager(  593): Non-privileged app; cap priority to 0; package: com.android.cts.ctsshim activity: com.android.cts.ctsshim.InstallPriority origPrio: 100
05-30 03:44:49.129 W/PackageParser(  593): Ignoring duplicate uses-permissions/uses-permissions-sdk-m: android.permission.WRITE_CONTACTS in package: com.android.email at: Binary XML file line #40
05-30 03:44:49.169 W/PackageParser(  593): Unknown element under <application>: permission at /system/app/Gallery2/Gallery2.apk Binary XML file line #238
05-30 03:44:49.169 W/PackageParser(  593): Unknown element under <application>: permission at /system/app/Gallery2/Gallery2.apk Binary XML file line #241
05-30 03:44:50.146 W/PackageParser(  593): No actions in intent filter at /data/app/ApiDemos/ApiDemos.apk Binary XML file line #3144
05-30 03:44:50.146 W/PackageParser(  593): No actions in intent filter at /data/app/ApiDemos/ApiDemos.apk Binary XML file line #3150
05-30 03:44:50.146 W/PackageManager(  593): Package com.example.android.apis desires unavailable shared library com.example.will.never.exist; ignoring!
05-30 03:44:50.147 I/SELinux (  593): SELinux: Loaded file_contexts contexts from /file_contexts.bin.
05-30 03:44:50.157 W/PackageManager(  593): Protected action; cap priority to 0; package: com.android.cts.priv.ctsshim activity: com.android.cts.priv.ctsshim.InstallPriority origPrio: 100
05-30 03:44:50.157 W/PackageManager(  593): Protected action; cap priority to 0; package: com.android.cts.priv.ctsshim activity: com.android.cts.priv.ctsshim.InstallPriority origPrio: 100
05-30 03:44:50.157 W/PackageManager(  593): Protected action; cap priority to 0; package: com.android.cts.priv.ctsshim activity: com.android.cts.priv.ctsshim.InstallPriority origPrio: 100
05-30 03:44:50.157 W/PackageManager(  593): Protected action; cap priority to 0; package: com.android.cts.priv.ctsshim activity: com.android.cts.priv.ctsshim.InstallPriority origPrio: 100
05-30 03:44:50.157 W/PackageManager(  593): Protected action; cap priority to 0; package: com.android.packageinstaller activity: com.android.packageinstaller.PackageInstallerActivity origPrio: 1
05-30 03:44:50.157 W/PackageManager(  593): Package com.android.gallery3d desires unavailable shared library com.google.android.media.effects; ignoring!
05-30 03:44:50.157 W/PackageManager(  593): Package com.android.gallery3d desires unavailable shared library com.google.android.media.effects; ignoring!
05-30 03:44:50.157 W/PackageManager(  593): Package com.example.android.apis desires unavailable shared library com.example.will.never.exist; ignoring!
05-30 03:44:50.158 I/PackageManager(  593): Adjusting ABI for com.genymobile.genymotionacme to x86_64 (requirer=android, scannedPackage=null)
05-30 03:44:50.158 I/PackageManager(  593): Adjusting ABI for com.android.settings to x86_64 (requirer=android, scannedPackage=null)
05-30 03:44:50.158 I/PackageManager(  593): Adjusting ABI for com.genymotion.superuser to x86_64 (requirer=android, scannedPackage=null)
05-30 03:44:50.158 I/PackageManager(  593): Adjusting ABI for com.android.providers.settings to x86_64 (requirer=android, scannedPackage=null)
05-30 03:44:50.158 I/PackageManager(  593): Adjusting ABI for com.genymotion.genyd to x86_64 (requirer=android, scannedPackage=null)
05-30 03:44:50.158 I/PackageManager(  593): Adjusting ABI for com.android.keychain to x86_64 (requirer=android, scannedPackage=null)
05-30 03:44:50.158 I/PackageManager(  593): Adjusting ABI for com.android.wallpaperbackup to x86_64 (requirer=android, scannedPackage=null)
05-30 03:44:50.158 I/PackageManager(  593): Adjusting ABI for com.genymotion.systempatcher to x86_64 (requirer=android, scannedPackage=null)
05-30 03:44:50.158 I/PackageManager(  593): Adjusting ABI for com.android.location.fused to x86_64 (requirer=android, scannedPackage=null)
05-30 03:44:50.158 I/PackageManager(  593): Adjusting ABI for com.android.inputdevices to x86_64 (requirer=android, scannedPackage=null)
05-30 03:44:50.158 I/PackageManager(  593): Adjusting ABI for com.android.server.telecom to x86_64 (requirer=android, scannedPackage=null)
05-30 03:44:50.158 I/PackageManager(  593): Time to scan packages: 5.16 seconds
05-30 03:44:50.158 W/PackageManager(  593): Unknown permission com.google.android.googleapps.permission.GOOGLE_AUTH in package com.android.providers.calendar
05-30 03:44:50.158 W/PackageManager(  593): Unknown permission com.google.android.googleapps.permission.GOOGLE_AUTH.cl in package com.android.providers.calendar
05-30 03:44:50.159 W/PackageManager(  593): Not granting permission android.permission.GLOBAL_SEARCH to package com.android.quicksearchbox (protectionLevel=18 flags=0x3808be45)
05-30 03:44:50.159 W/PackageManager(  593): Not granting permission android.permission.WRITE_EXTERNAL_STORAGE to package gov.nasa.arc.astrobee.android.gs.manager because it was previously installed without
05-30 03:44:50.159 W/PackageManager(  593): Not granting permission android.permission.READ_EXTERNAL_STORAGE to package gov.nasa.arc.astrobee.android.gs.manager because it was previously installed without
05-30 03:44:50.159 W/PackageManager(  593): Not granting permission android.permission.BIND_WALLPAPER to package com.android.camera2 (protectionLevel=18 flags=0x3058bc45)
05-30 03:44:50.159 W/PackageManager(  593): Unknown permission com.android.launcher.permission.READ_SETTINGS in package com.android.launcher3
05-30 03:44:50.159 W/PackageManager(  593): Unknown permission com.android.launcher.permission.WRITE_SETTINGS in package com.android.launcher3
05-30 03:44:50.159 W/PackageManager(  593): Unknown permission com.google.android.googleapps.permission.GOOGLE_AUTH.mail in package com.android.calendar
05-30 03:44:50.159 W/PackageManager(  593): Unknown permission com.android.launcher.permission.READ_SETTINGS in package com.android.onetimeinitializer
05-30 03:44:50.159 W/PackageManager(  593): Unknown permission com.android.launcher.permission.WRITE_SETTINGS in package com.android.onetimeinitializer
05-30 03:44:50.159 W/PackageManager(  593): Unknown permission com.google.android.permission.INSTALL_WEARABLE_PACKAGES in package com.android.packageinstaller
05-30 03:44:50.159 W/PackageManager(  593): Not granting permission android.permission.DELETE_PACKAGES to package com.svox.pico (protectionLevel=18 flags=0x3808be45)
05-30 03:44:50.159 W/PackageManager(  593): Not granting permission android.permission.READ_CONTACTS to package com.example.android.apis because it was previously installed without
05-30 03:44:50.159 W/PackageManager(  593): Not granting permission android.permission.WRITE_CONTACTS to package com.example.android.apis because it was previously installed without
05-30 03:44:50.159 W/PackageManager(  593): Not granting permission android.permission.ACCESS_COARSE_LOCATION to package com.example.android.apis because it was previously installed without
05-30 03:44:50.159 W/PackageManager(  593): Not granting permission android.permission.WRITE_EXTERNAL_STORAGE to package com.example.android.apis because it was previously installed without
05-30 03:44:50.159 W/PackageManager(  593): Not granting permission android.permission.SEND_SMS to package com.example.android.apis because it was previously installed without
05-30 03:44:50.159 W/PackageManager(  593): Not granting permission android.permission.RECEIVE_SMS to package com.example.android.apis because it was previously installed without
05-30 03:44:50.159 W/PackageManager(  593): Not granting permission android.permission.RECEIVE_MMS to package com.example.android.apis because it was previously installed without
05-30 03:44:50.159 W/PackageManager(  593): Not granting permission android.permission.READ_SMS to package com.example.android.apis because it was previously installed without
05-30 03:44:50.159 W/PackageManager(  593): Not granting permission android.permission.READ_PHONE_STATE to package com.example.android.apis because it was previously installed without
05-30 03:44:50.159 W/PackageManager(  593): Not granting permission android.permission.RECORD_AUDIO to package com.example.android.apis because it was previously installed without
05-30 03:44:50.159 W/PackageManager(  593): Not granting permission android.permission.CAMERA to package com.example.android.apis because it was previously installed without
05-30 03:44:50.159 W/PackageManager(  593): Not granting permission android.permission.READ_EXTERNAL_STORAGE to package com.example.android.apis because it was previously installed without
05-30 03:44:50.159 W/PackageManager(  593): Unknown permission android.permission.RUN_INSTRUMENTATION in package org.chromium.webview_shell
05-30 03:44:50.159 W/PackageManager(  593): Unknown permission com.google.android.gallery3d.permission.PICASA_STORE in package com.android.dreams.phototable
05-30 03:44:50.159 W/PackageManager(  593): Unknown permission com.google.android.googleapps.permission.GOOGLE_AUTH in package com.android.settings
05-30 03:44:50.159 W/PackageManager(  593): Unknown permission com.android.launcher.permission.READ_SETTINGS in package com.android.settings
05-30 03:44:50.159 W/PackageManager(  593): Unknown permission com.android.launcher.permission.WRITE_SETTINGS in package com.android.settings
05-30 03:44:50.159 W/PackageManager(  593): Unknown permission com.google.android.gallery3d.permission.GALLERY_PROVIDER in package com.android.bluetooth
05-30 03:44:50.159 W/PackageManager(  593): Unknown permission com.google.android.googleapps.permission.ACCESS_GOOGLE_PASSWORD in package com.android.development
05-30 03:44:50.159 W/PackageManager(  593): Unknown permission com.google.android.googleapps.permission.GOOGLE_AUTH in package com.android.development
05-30 03:44:50.159 W/PackageManager(  593): Unknown permission com.google.android.googleapps.permission.GOOGLE_AUTH.ALL_SERVICES in package com.android.development
05-30 03:44:50.159 W/PackageManager(  593): Unknown permission com.google.android.googleapps.permission.GOOGLE_AUTH.YouTubeUser in package com.android.development
05-30 03:44:50.288 E/PackageManager(  593): There should probably be exactly one verifier; found []
05-30 03:44:50.307 I/art     (  593): Starting a blocking GC Explicit
05-30 03:44:50.313 I/art     (  593): Explicit concurrent mark sweep GC freed 6393(507KB) AllocSpace objects, 3(60KB) LOS objects, 33% free, 3MB/5MB, paused 55us total 5.782ms
05-30 03:44:50.319 I/SystemServer(  593): StartOtaDexOptService
05-30 03:44:50.329 I/SystemServer(  593): StartUserManagerService
05-30 03:44:50.329 I/SystemServiceManager(  593): Starting com.android.server.pm.UserManagerService$LifeCycle
05-30 03:44:50.336 I/lmkd    (  255): type=1400 audit(0.0:258): avc: denied { accept } for path="/dev/socket/lmkd" scontext=u:r:lmkd:s0 tcontext=u:r:init:s0 tclass=unix_stream_socket permissive=1
05-30 03:44:50.336 I/lmkd    (  255): type=1400 audit(0.0:259): avc: denied { sendto } for path="/dev/socket/logdw" scontext=u:r:lmkd:s0 tcontext=u:r:init:s0 tclass=unix_dgram_socket permissive=1
05-30 03:44:50.336 I/lmkd    (  255): type=1400 audit(0.0:260): avc: denied { read } for path="socket:[12511]" dev="sockfs" ino=12511 scontext=u:r:lmkd:s0 tcontext=u:r:init:s0 tclass=unix_stream_socket permissive=1
05-30 03:44:50.338 I/lowmemorykiller(  255): ActivityManager connected
05-30 03:44:50.342 I/Sensors (  593): Redis connect
05-30 03:44:50.342 I/Sensors (  593): Redis read thread
05-30 03:44:50.342 I/Sensors (  593): Redis read wait
05-30 03:44:50.342 W/Sensors (  593): message not properly formated
05-30 03:44:50.344 I/system_server(  593): type=1400 audit(0.0:261): avc: denied { call } for scontext=u:r:system_server:s0 tcontext=u:r:init:s0 tclass=binder permissive=1
05-30 03:44:50.344 I/system_server(  593): type=1400 audit(0.0:262): avc: denied { transfer } for scontext=u:r:system_server:s0 tcontext=u:r:init:s0 tclass=binder permissive=1
05-30 03:44:50.344 I/healthd (  289): type=1400 audit(0.0:263): avc: denied { call } for scontext=u:r:init:s0 tcontext=u:r:system_server:s0 tclass=binder permissive=1
05-30 03:44:50.344 E/        (  593): Reporting Mode incorrect: sensor Genymotion Pressure handle=0x00000006 type=6 actual=1 expected=0
05-30 03:44:50.344 I/SystemServiceManager(  593): Starting com.android.server.BatteryService
05-30 03:44:50.348 I/SystemServiceManager(  593): Starting com.android.server.usage.UsageStatsService
05-30 03:44:50.435 I/SystemServiceManager(  593): Starting com.android.server.webkit.WebViewUpdateService
05-30 03:44:50.533 I/SystemServer(  593): Reading configuration...
05-30 03:44:50.534 I/SystemServer(  593): StartSchedulingPolicyService
05-30 03:44:50.534 I/SystemServiceManager(  593): Starting com.android.server.telecom.TelecomLoaderService
05-30 03:44:50.534 I/SystemServer(  593): StartTelephonyRegistry
05-30 03:44:50.536 I/SystemServer(  593): StartEntropyMixer
05-30 03:44:50.536 I/EntropyMixer(  593): Writing entropy...
05-30 03:44:50.543 I/SystemServer(  593): Camera Service
05-30 03:44:50.543 I/SystemServiceManager(  593): Starting com.android.server.camera.CameraService
05-30 03:44:50.544 I/ServiceThread(  593): Enabled StrictMode logging for CameraService_proxy looper.
05-30 03:44:50.545 I/SystemServer(  593): StartAccountManagerService
05-30 03:44:50.546 I/SystemServiceManager(  593): Starting com.android.server.accounts.AccountManagerService$Lifecycle
05-30 03:44:50.549 I/SystemServer(  593): StartContentService
05-30 03:44:50.552 I/SystemServiceManager(  593): Starting com.android.server.content.ContentService$Lifecycle
05-30 03:44:50.553 I/SystemServer(  593): InstallSystemProviders
05-30 03:44:50.561 W/System  (  593): ClassLoader referenced unknown path: /system/priv-app/SettingsProvider/lib/x86_64
05-30 03:44:50.633 I/SystemServer(  593): StartVibratorService
05-30 03:44:50.635 E/        (  593): Vibrator file does not exist : -1
05-30 03:44:50.635 E/        (  593): Vibrator device does not exist. Cannot start vibrator
05-30 03:44:50.635 W/VibratorService(  593): Tried to stop vibrating but there is no vibrator device.
05-30 03:44:50.636 I/SystemServer(  593): StartConsumerIrService
05-30 03:44:50.636 E/ConsumerIrService(  593): Can't open consumer IR HW Module, error: -2
05-30 03:44:50.636 I/SystemServer(  593): StartAlarmManagerService
05-30 03:44:50.636 I/SystemServiceManager(  593): Starting com.android.server.AlarmManagerService
05-30 03:44:50.636 W/AlarmManagerService(  593): no wall clock RTC found
05-30 03:44:50.637 I/SystemServer(  593): InitWatchdog
05-30 03:44:50.637 I/SystemServer(  593): StartInputManagerService
05-30 03:44:50.639 I/InputManager(  593): Initializing input manager, mUseDevInputEventForAudioJack=false
05-30 03:44:50.640 I/SystemServer(  593): StartWindowManagerService
05-30 03:44:50.941 I/WindowManager(  593): No existing display settings /data/system/display_settings.xml; starting empty
05-30 03:44:50.962 I/SystemServer(  593): StartVrManagerService
05-30 03:44:50.962 I/SystemServiceManager(  593): Starting com.android.server.vr.VrManagerService
05-30 03:44:50.963 W/VrManagerService(  593): init_native: Could not open VR hardware module, error No such file or directory (-2).
05-30 03:44:50.964 I/VrManagerService(  593): No VR packages found, disabling VR components
05-30 03:44:50.966 I/InputManager(  593): Starting input manager
05-30 03:44:50.967 I/EventHub(  593): New device: id=1, fd=96, path='/dev/input/event3', name='ImPS/2 Generic Wheel Mouse', classes=0x8, configuration='', keyLayout='', keyCharacterMap='', builtinKeyboard=false, wakeMechanism=EPOLLWAKEUP, usingClockIoctl=true
05-30 03:44:50.967 E/EventHub(  593): could not get driver version for /dev/input/mouse0, Not a typewriter
05-30 03:44:50.968 I/SystemServer(  593): No Bluetooth Service (emulator)
05-30 03:44:50.968 I/SystemServer(  593): ConnectivityMetricsLoggerService
05-30 03:44:50.968 I/SystemServiceManager(  593): Starting com.android.server.connectivity.MetricsLoggerService
05-30 03:44:50.970 I/SystemServer(  593): PinnerService
05-30 03:44:50.970 I/SystemServiceManager(  593): Starting com.android.server.PinnerService
05-30 03:44:50.970 E/PinnerService(  593): Starting PinnerService
05-30 03:44:50.971 I/SystemServiceManager(  593): Starting com.android.server.InputMethodManagerService$Lifecycle
05-30 03:44:51.000 W/EventHub(  593): Unable to disable kernel key repeat for /dev/input/event1: Function not implemented
05-30 03:44:51.000 I/EventHub(  593): New device: id=2, fd=97, path='/dev/input/event1', name='Sleep Button', classes=0x1, configuration='', keyLayout='/system/usr/keylayout/Generic.kl', keyCharacterMap='/system/usr/keychars/Generic.kcm', builtinKeyboard=false, wakeMechanism=EPOLLWAKEUP, usingClockIoctl=true
05-30 03:44:51.001 W/EventHub(  593): Unable to disable kernel key repeat for /dev/input/event0: Function not implemented
05-30 03:44:51.001 I/EventHub(  593): New device: id=3, fd=98, path='/dev/input/event0', name='Power Button', classes=0x1, configuration='', keyLayout='/system/usr/keylayout/Generic.kl', keyCharacterMap='/system/usr/keychars/Generic.kcm', builtinKeyboard=false, wakeMechanism=EPOLLWAKEUP, usingClockIoctl=true
05-30 03:44:51.001 E/EventHub(  593): could not get driver version for /dev/input/mice, Not a typewriter
05-30 03:44:51.030 I/EventHub(  593): New device: id=4, fd=99, path='/dev/input/event2', name='AT Translated Set 2 keyboard', classes=0x3, configuration='', keyLayout='/system/usr/keylayout/AT_Translated_Set_2_keyboard.kl', keyCharacterMap='/system/usr/keychars/Generic.kcm', builtinKeyboard=false, wakeMechanism=EPOLLWAKEUP, usingClockIoctl=true
05-30 03:44:51.033 I/InputReader(  593): Device added: id=-1, name='Virtual', sources=0x00000301
05-30 03:44:51.033 I/InputReader(  593): Device added: id=4, name='AT Translated Set 2 keyboard', sources=0x00000101
05-30 03:44:51.033 I/InputReader(  593): Device added: id=3, name='Power Button', sources=0x00000101
05-30 03:44:51.033 I/InputReader(  593): Device added: id=2, name='Sleep Button', sources=0x00000101
05-30 03:44:51.035 I/InputReader(  593): Device added: id=1, name='ImPS/2 Generic Wheel Mouse', sources=0x00002002
05-30 03:44:51.216 I/SystemServer(  593): StartAccessibilityManagerService
05-30 03:44:51.221 I/ActivityManager(  593): Config changes=1df8 {1.0 ?mcc?mnc [en_US] ldltr sw600dp w600dp h1024dp 160dpi lrg long port ?uimode ?night -touch qwerty/v/v -nav/h s.2}
05-30 03:44:51.221 I/ActivityManager(  593): Config changes=500 {1.0 ?mcc?mnc [en_US] ldltr sw600dp w600dp h952dp 160dpi lrg port ?uimode ?night -touch qwerty/v/v -nav/h s.3}
05-30 03:44:51.224 I/UsageStatsService(  593): User[0] Rollover scheduled @ 2025-05-31 03:44:51(1748677491221)
05-30 03:44:51.224 E/AppIdleHistory(  593): Unable to read app idle file for user 0
05-30 03:44:51.233 I/SystemServiceManager(  593): Starting com.android.server.MountService$Lifecycle
05-30 03:44:51.233 I/InputReader(  593): Reconfiguring input devices.  changes=0x00000004
05-30 03:44:51.233 I/InputReader(  593): Reconfiguring input devices.  changes=0x00000004
05-30 03:44:51.236 I/vold    (  127): type=1400 audit(0.0:264): avc: denied { accept } for path="/dev/socket/vold" scontext=u:r:vold:s0 tcontext=u:r:init:s0 tclass=unix_stream_socket permissive=1
05-30 03:44:51.236 I/vold    (  127): type=1400 audit(0.0:265): avc: denied { getopt } for path="/dev/socket/vold" scontext=u:r:vold:s0 tcontext=u:r:init:s0 tclass=unix_stream_socket permissive=1
05-30 03:44:51.239 I/SystemServiceManager(  593): Starting com.android.server.UiModeManagerService
05-30 03:44:51.240 I/vold    (  128): type=1400 audit(0.0:266): avc: denied { read } for path="socket:[12595]" dev="sockfs" ino=12595 scontext=u:r:vold:s0 tcontext=u:r:init:s0 tclass=unix_stream_socket permissive=1
05-30 03:44:51.240 I/vold    (  128): type=1400 audit(0.0:267): avc: denied { write } for path="socket:[12595]" dev="sockfs" ino=12595 scontext=u:r:vold:s0 tcontext=u:r:init:s0 tclass=unix_stream_socket permissive=1
05-30 03:44:51.240 I/ActivityManager(  593): Config changes=200 {1.0 ?mcc?mnc [en_US] ldltr sw600dp w600dp h952dp 160dpi lrg port -touch qwerty/v/v -nav/h s.4}
05-30 03:44:51.240 W/PackageManager(  593): No disk maintenance in 101876337240; running immediately
05-30 03:44:51.240 I/SystemServer(  593): StartLockSettingsService
05-30 03:44:51.240 I/SystemServiceManager(  593): Starting com.android.server.LockSettingsService$Lifecycle
05-30 03:44:51.242 I/MountService(  593): fstrim requested, but no daemon connection yet; trying again
05-30 03:44:51.245 I/SystemServiceManager(  593): Starting com.android.server.DeviceIdleController
05-30 03:44:51.246 I/SystemServiceManager(  593): Starting com.android.server.devicepolicy.DevicePolicyManagerService$Lifecycle
05-30 03:44:51.247 W/MountService(  593): No primary storage mounted!
05-30 03:44:51.252 I/PackageManager(  593): No secure containers found
05-30 03:44:51.252 W/PackageManager(  593): Unknown permission com.google.android.googleapps.permission.GOOGLE_AUTH in package com.android.providers.calendar
05-30 03:44:51.252 W/PackageManager(  593): Unknown permission com.google.android.googleapps.permission.GOOGLE_AUTH.cl in package com.android.providers.calendar
05-30 03:44:51.252 W/PackageManager(  593): Not granting permission android.permission.GLOBAL_SEARCH to package com.android.quicksearchbox (protectionLevel=18 flags=0x3888be45)
05-30 03:44:51.252 W/PackageManager(  593): Not granting permission android.permission.WRITE_EXTERNAL_STORAGE to package gov.nasa.arc.astrobee.android.gs.manager because it was previously installed without
05-30 03:44:51.252 W/PackageManager(  593): Not granting permission android.permission.READ_EXTERNAL_STORAGE to package gov.nasa.arc.astrobee.android.gs.manager because it was previously installed without
05-30 03:44:51.252 W/PackageManager(  593): Not granting permission android.permission.BIND_WALLPAPER to package com.android.camera2 (protectionLevel=18 flags=0x30d8bc45)
05-30 03:44:51.252 W/PackageManager(  593): Unknown permission com.android.launcher.permission.READ_SETTINGS in package com.android.launcher3
05-30 03:44:51.252 W/PackageManager(  593): Unknown permission com.android.launcher.permission.WRITE_SETTINGS in package com.android.launcher3
05-30 03:44:51.252 W/PackageManager(  593): Unknown permission com.google.android.googleapps.permission.GOOGLE_AUTH.mail in package com.android.calendar
05-30 03:44:51.252 W/PackageManager(  593): Unknown permission com.android.launcher.permission.READ_SETTINGS in package com.android.onetimeinitializer
05-30 03:44:51.252 W/PackageManager(  593): Unknown permission com.android.launcher.permission.WRITE_SETTINGS in package com.android.onetimeinitializer
05-30 03:44:51.252 W/PackageManager(  593): Unknown permission com.google.android.permission.INSTALL_WEARABLE_PACKAGES in package com.android.packageinstaller
05-30 03:44:51.252 W/PackageManager(  593): Not granting permission android.permission.DELETE_PACKAGES to package com.svox.pico (protectionLevel=18 flags=0x3888be45)
05-30 03:44:51.252 W/PackageManager(  593): Not granting permission android.permission.READ_CONTACTS to package com.example.android.apis because it was previously installed without
05-30 03:44:51.252 W/PackageManager(  593): Not granting permission android.permission.WRITE_CONTACTS to package com.example.android.apis because it was previously installed without
05-30 03:44:51.252 W/PackageManager(  593): Not granting permission android.permission.ACCESS_COARSE_LOCATION to package com.example.android.apis because it was previously installed without
05-30 03:44:51.252 W/PackageManager(  593): Not granting permission android.permission.WRITE_EXTERNAL_STORAGE to package com.example.android.apis because it was previously installed without
05-30 03:44:51.252 W/PackageManager(  593): Not granting permission android.permission.SEND_SMS to package com.example.android.apis because it was previously installed without
05-30 03:44:51.252 W/PackageManager(  593): Not granting permission android.permission.RECEIVE_SMS to package com.example.android.apis because it was previously installed without
05-30 03:44:51.252 W/PackageManager(  593): Not granting permission android.permission.RECEIVE_MMS to package com.example.android.apis because it was previously installed without
05-30 03:44:51.252 W/PackageManager(  593): Not granting permission android.permission.READ_SMS to package com.example.android.apis because it was previously installed without
05-30 03:44:51.252 W/PackageManager(  593): Not granting permission android.permission.READ_PHONE_STATE to package com.example.android.apis because it was previously installed without
05-30 03:44:51.252 W/PackageManager(  593): Not granting permission android.permission.RECORD_AUDIO to package com.example.android.apis because it was previously installed without
05-30 03:44:51.252 W/PackageManager(  593): Not granting permission android.permission.CAMERA to package com.example.android.apis because it was previously installed without
05-30 03:44:51.252 W/PackageManager(  593): Not granting permission android.permission.READ_EXTERNAL_STORAGE to package com.example.android.apis because it was previously installed without
05-30 03:44:51.252 W/PackageManager(  593): Unknown permission android.permission.RUN_INSTRUMENTATION in package org.chromium.webview_shell
05-30 03:44:51.252 W/PackageManager(  593): Unknown permission com.google.android.gallery3d.permission.PICASA_STORE in package com.android.dreams.phototable
05-30 03:44:51.252 W/PackageManager(  593): Unknown permission com.google.android.googleapps.permission.GOOGLE_AUTH in package com.android.settings
05-30 03:44:51.252 W/PackageManager(  593): Unknown permission com.android.launcher.permission.READ_SETTINGS in package com.android.settings
05-30 03:44:51.252 W/PackageManager(  593): Unknown permission com.android.launcher.permission.WRITE_SETTINGS in package com.android.settings
05-30 03:44:51.252 W/PackageManager(  593): Unknown permission com.google.android.gallery3d.permission.GALLERY_PROVIDER in package com.android.bluetooth
05-30 03:44:51.252 W/PackageManager(  593): Unknown permission com.google.android.googleapps.permission.ACCESS_GOOGLE_PASSWORD in package com.android.development
05-30 03:44:51.252 W/PackageManager(  593): Unknown permission com.google.android.googleapps.permission.GOOGLE_AUTH in package com.android.development
05-30 03:44:51.252 W/PackageManager(  593): Unknown permission com.google.android.googleapps.permission.GOOGLE_AUTH.ALL_SERVICES in package com.android.development
05-30 03:44:51.252 W/PackageManager(  593): Unknown permission com.google.android.googleapps.permission.GOOGLE_AUTH.YouTubeUser in package com.android.development
05-30 03:44:51.336 W/art     (  593): Suspending all threads took: 79.745ms
05-30 03:44:51.340 I/art     (  593): Background sticky concurrent mark sweep GC freed 21494(1221KB) AllocSpace objects, 3(60KB) LOS objects, 12% free, 4MB/5MB, paused 82.318ms total 97.299ms
05-30 03:44:51.347 I/SystemServer(  593): StartStatusBarManagerService
05-30 03:44:51.347 W/MountService(  593): No primary storage defined yet; hacking together a stub
05-30 03:44:51.347 W/MountService(  593): No primary storage defined yet; hacking together a stub
05-30 03:44:51.348 W/MountService(  593): No primary storage mounted!
05-30 03:44:51.349 I/SystemServer(  593): StartClipboardService
05-30 03:44:51.350 I/SystemServer(  593): StartNetworkManagementService
05-30 03:44:51.353 I/NetworkManagement(  593): onDaemonConnected()
05-30 03:44:51.354 I/SystemServiceManager(  593): Starting com.android.server.TextServicesManagerService$Lifecycle
05-30 03:44:51.357 I/SystemServer(  593): StartNetworkScoreService
05-30 03:44:51.358 I/SystemServer(  593): StartNetworkStatsService
05-30 03:44:51.367 I/SystemServer(  593): StartNetworkPolicyManagerService
05-30 03:44:51.374 I/SystemServer(  593): No Wi-Fi NAN Service (NAN support Not Present)
05-30 03:44:51.480 I/RenderThread(  640): type=1400 audit(0.0:268): avc: denied { read } for name="fb0" dev="tmpfs" ino=1772 scontext=u:r:system_server:s0 tcontext=u:object_r:graphics_device:s0 tclass=chr_file permissive=1
05-30 03:44:51.484 I/RenderThread(  640): type=1400 audit(0.0:269): avc: denied { open } for path="/dev/graphics/fb0" dev="tmpfs" ino=1772 scontext=u:r:system_server:s0 tcontext=u:object_r:graphics_device:s0 tclass=chr_file permissive=1
05-30 03:44:51.484 I/RenderThread(  640): type=1400 audit(0.0:270): avc: denied { ioctl } for path="/dev/graphics/fb0" dev="tmpfs" ino=1772 ioctlcmd=4600 scontext=u:r:system_server:s0 tcontext=u:object_r:graphics_device:s0 tclass=chr_file permissive=1
05-30 03:44:51.487 I/OpenGLRenderer(  593): Initialized EGL, version 1.4
05-30 03:44:51.512 I/RenderThread(  640): type=1400 audit(0.0:271): avc: denied { execmem } for scontext=u:r:system_server:s0 tcontext=u:r:system_server:s0 tclass=process permissive=1
05-30 03:44:51.737 I/SurfaceFlinger(  274): Boot is finished (21827 ms)
05-30 03:44:51.789 W/art     (  593): Verification of void com.android.server.wifi.p2p.WifiP2pService.<init>(android.content.Context) took 190.876ms
05-30 03:44:51.789 I/SystemServiceManager(  593): Starting com.android.server.wifi.p2p.WifiP2pService
05-30 03:44:51.790 I/art     (  593): Background partial concurrent mark sweep GC freed 5101(487KB) AllocSpace objects, 3(60KB) LOS objects, 33% free, 4MB/7MB, paused 2.749ms total 242.185ms
05-30 03:44:51.805 I/WifiP2pService(  593): Registering wifip2p
05-30 03:44:51.805 I/SystemServiceManager(  593): Starting com.android.server.wifi.WifiService
05-30 03:44:51.832 I/Binder:287_2(  551): type=1400 audit(0.0:272): avc: denied { read } for path="socket:[13601]" dev="sockfs" ino=13601 scontext=u:r:netd:s0 tcontext=u:r:init:s0 tclass=unix_stream_socket permissive=1
05-30 03:44:51.832 I/Binder:287_2(  551): type=1400 audit(0.0:273): avc: denied { write } for path="socket:[13601]" dev="sockfs" ino=13601 scontext=u:r:netd:s0 tcontext=u:r:init:s0 tclass=unix_stream_socket permissive=1
05-30 03:44:52.037 E/WifiLogger(  593): no ring buffers found
05-30 03:44:52.037 E/WifiLogger(  593): Failed to start packet fate monitoring
05-30 03:44:52.038 I/WifiService(  593): Registering wifi
05-30 03:44:52.040 I/SystemServiceManager(  593): Starting com.android.server.wifi.scanner.WifiScanningService
05-30 03:44:52.041 I/WifiScanningService(  593): Creating wifiscanner
05-30 03:44:52.042 I/WifiScanningService(  593): Publishing wifiscanner
05-30 03:44:52.044 I/SystemServiceManager(  593): Starting com.android.server.wifi.RttService
05-30 03:44:52.060 I/RttService(  593): Creating rttmanager
05-30 03:44:52.060 I/RttService(  593): Starting rttmanager
05-30 03:44:52.061 I/SystemServiceManager(  593): Starting com.android.server.ethernet.EthernetService
05-30 03:44:52.061 I/EthernetServiceImpl(  593): Creating EthernetConfigStore
05-30 03:44:52.062 E/IpConfigStore(  593): Error parsing configuration: java.io.FileNotFoundException: /data/misc/ethernet/ipconfig.txt (No such file or directory)
05-30 03:44:52.062 W/EthernetConfigStore(  593): No Ethernet configuration found. Using default.
05-30 03:44:52.062 I/EthernetServiceImpl(  593): Read stored IP configuration: IP assignment: DHCP
05-30 03:44:52.062 I/EthernetServiceImpl(  593): Proxy settings: NONE
05-30 03:44:52.062 I/EthernetService(  593): Registering service ethernet
05-30 03:44:52.062 I/SystemServer(  593): StartConnectivityService
05-30 03:44:52.072 I/netd    (  548): type=1400 audit(0.0:274): avc: denied { accept } for path="/dev/socket/mdns" scontext=u:r:netd:s0 tcontext=u:r:init:s0 tclass=unix_stream_socket permissive=1
05-30 03:44:52.072 I/netd    (  548): type=1400 audit(0.0:275): avc: denied { getopt } for path="/dev/socket/mdns" scontext=u:r:netd:s0 tcontext=u:r:init:s0 tclass=unix_stream_socket permissive=1
05-30 03:44:52.072 I/SystemServer(  593): StartNsdService
05-30 03:44:52.077 I/SystemServer(  593): StartUpdateLockService
05-30 03:44:52.077 I/SystemServiceManager(  593): Starting com.android.server.RecoverySystemService
05-30 03:44:52.079 I/SystemServiceManager(  593): Starting com.android.server.notification.NotificationManagerService
05-30 03:44:52.096 I/SystemServiceManager(  593): Starting com.android.server.storage.DeviceStorageMonitorService
05-30 03:44:52.096 I/SystemServer(  593): StartLocationManagerService
05-30 03:44:52.103 I/SystemServer(  593): StartCountryDetectorService
05-30 03:44:52.104 I/SystemServer(  593): StartSearchManagerService
05-30 03:44:52.104 I/SystemServiceManager(  593): Starting com.android.server.search.SearchManagerService$Lifecycle
05-30 03:44:52.105 I/SystemServiceManager(  593): Starting com.android.server.DropBoxManagerService
05-30 03:44:52.105 I/SystemServer(  593): StartWallpaperManagerService
05-30 03:44:52.105 I/SystemServiceManager(  593): Starting com.android.server.wallpaper.WallpaperManagerService$Lifecycle
05-30 03:44:52.107 E/BitmapFactory(  593): Unable to decode stream: java.io.FileNotFoundException: /data/system/users/0/wallpaper_orig (No such file or directory)
05-30 03:44:52.107 E/WallpaperManagerService(  593): Invalid wallpaper data
05-30 03:44:52.107 E/WallpaperManagerService(  593): Unable to apply new wallpaper
05-30 03:44:52.108 I/SystemServer(  593): StartAudioService
05-30 03:44:52.108 I/SystemServiceManager(  593): Starting com.android.server.audio.AudioService$Lifecycle
05-30 03:44:52.112 W/TelecomManager(  593): Telecom Service not found.
05-30 03:44:52.113 W/AudioFlinger(  277): no wake lock to update, system not ready yet
05-30 03:44:52.118 I/SystemServiceManager(  593): Starting com.android.server.DockObserver
05-30 03:44:52.118 W/DockObserver(  593): This kernel does not have dock station support
05-30 03:44:52.118 I/SystemServer(  593): StartWiredAccessoryManager
05-30 03:44:52.119 W/WiredAccessoryManager(  593): This kernel does not have wired headset support
05-30 03:44:52.119 W/WiredAccessoryManager(  593): This kernel does not have usb audio support
05-30 03:44:52.119 W/WiredAccessoryManager(  593): This kernel does not have HDMI audio support
05-30 03:44:52.119 I/SystemServiceManager(  593): Starting com.android.server.usb.UsbService$Lifecycle
05-30 03:44:52.200 E/UsbDeviceManager(  593): failed to write to /sys/class/android_usb/android0/f_rndis/ethaddr
05-30 03:44:52.203 E/UsbDeviceManager(  593): Error initializing UsbHandler
05-30 03:44:52.203 E/UsbDeviceManager(  593): java.io.FileNotFoundException: /sys/class/android_usb/android0/state (No such file or directory)
05-30 03:44:52.203 E/UsbDeviceManager(  593): 	at java.io.FileInputStream.open(Native Method)
05-30 03:44:52.203 E/UsbDeviceManager(  593): 	at java.io.FileInputStream.<init>(FileInputStream.java:146)
05-30 03:44:52.203 E/UsbDeviceManager(  593): 	at android.os.FileUtils.readTextFile(FileUtils.java:263)
05-30 03:44:52.203 E/UsbDeviceManager(  593): 	at com.android.server.usb.UsbDeviceManager$UsbHandler.<init>(UsbDeviceManager.java:352)
05-30 03:44:52.203 E/UsbDeviceManager(  593): 	at com.android.server.usb.UsbDeviceManager.<init>(UsbDeviceManager.java:204)
05-30 03:44:52.203 E/UsbDeviceManager(  593): 	at com.android.server.usb.UsbService.<init>(UsbService.java:116)
05-30 03:44:52.203 E/UsbDeviceManager(  593): 	at com.android.server.usb.UsbService$Lifecycle.onStart(UsbService.java:65)
05-30 03:44:52.203 E/UsbDeviceManager(  593): 	at com.android.server.SystemServiceManager.startService(SystemServiceManager.java:112)
05-30 03:44:52.203 E/UsbDeviceManager(  593): 	at com.android.server.SystemServiceManager.startService(SystemServiceManager.java:66)
05-30 03:44:52.203 E/UsbDeviceManager(  593): 	at com.android.server.SystemServer.startOtherServices(SystemServer.java:971)
05-30 03:44:52.203 E/UsbDeviceManager(  593): 	at com.android.server.SystemServer.run(SystemServer.java:324)
